1(BAN₂)
4(DIŠ)
6(DIŠ)
A
AB
AB@g
AB₂
AB₂@t
AD
AK
AL
ALAN
ALEPH
AMAR
AMAR@t
AN
AN@180
ANŠE
APIN
ARAD
ARKAB₂
AŠ
AŠ@k
AŠ@z
AŠGAB
AŠ₂
AŠ₃
A₂
BA
BAD
BAD₃@90
BAG₃
BAHAR₂
BAL
BALAG
BANEŠ
BANMIN
BAR
BARA₂
BI
BIL₂@g
BU
BU@90
BU@g
BU@t
BULUG
BUR
BURU₅
BUR₂
DA
DAG
DAG₃
DAM
DAR
DARA₃
DARA₄
DI
DIB
DIM
DIM₂
DIN
DIŠ
DIŠ@k
DIŠ@t
DU
DU@g
DU@g@g
DU@s
DUB
DUB₂
DUG
DUGUD
DUH
DUN
DUN@g
DUN₃
DUN₃@g
DUN₃@g@g
DUN₃@g@g@s
DUN₄
DUR₂
E
EDIN
EGIR
EGIR@g
EL
ELLES316
ELLES396
EN
EREN
ERIN₂
ERIN₂@t
EZEN
EŠEMIN₅
EŠE₃
EŠ₂
EŠ₂@t
E₂
F₁
F₂
F₃
F₄
F₅
F₆
GA
GA@g
GAB@90
GABA
GABA@90
GABA@t
GAD
GAL
GALAM
GAM
GAN
GAN@s
GAN₂
GAN₂@t
GAR
GAR@g
GAR₃
GAŠAN
GA₂
GEŠ@t
GEŠTIN
GE₂₂
GI
GIDIM
GIG
GIR₂
GIR₂@g
GIR₃
GISAL
GIŠ
GIŠ@t
GI₄
GU
GUD
GUD@s
GUL
GUM
GUR
GURUN
GURUŠ
GUR₇
GU₂
GU₂@g
HA
HA@g
HA@t
HA@t@g
HAL
HI
HI@g
HU
HUB₂
HUL₂
I
IA₂
IB
IDIM
IG
IGI
IGI@g
IL
ILIMMU
ILIMMU₃
IL₂
IL₂@n
IM
IMIN
IN
IR
ITI@s
IŠ
KA
KA@180
KA@r
KAB
KAD₂
KAD₃
KAD₄
KAD₅
KAK
KAL
KALAM
KAM₂
KAM₄
KAP₀
KASKAL
KAŠ@g
KA₂
KEŠ₂
KI
KIB@g
KID
KIN
KINGUSILI
KISAL
KISIM₅
KIŠ
KIŠ@g
KIŠ@s
KU
KU@t
KUL
KUN
KUR
KUŠU₂
KU₃
KU₄
KU₇
KWU318
KWU543
KWU822
KWU896
LA
LAGAB
LAGAR
LAGAR@g
LAHŠU
LAK093
LAK11
LAK120
LAK13
LAK130
LAK132
LAK142
LAK151
LAK171@s
LAK173
LAK195
LAK20
LAK21
LAK210
LAK212
LAK213
LAK219
LAK220
LAK222
LAK225
LAK228
LAK231
LAK238
LAK239
LAK241
LAK244
LAK246
LAK247
LAK25
LAK252
LAK262
LAK263
LAK265
LAK266
LAK27
LAK274
LAK28
LAK286
LAK287
LAK298
LAK3
LAK30
LAK315
LAK336
LAK343
LAK347
LAK348
LAK349
LAK350
LAK368@s
LAK369
LAK37
LAK383
LAK384
LAK386
LAK387
LAK388
LAK390
LAK397
LAK408
LAK409
LAK410
LAK441
LAK442
LAK450
LAK453
LAK457
LAK459
LAK460
LAK470
LAK471
LAK483
LAK488
LAK490
LAK492
LAK495
LAK498
LAK499
LAK50
LAK500
LAK51
LAK524
LAK526
LAK539
LAK550
LAK558
LAK605
LAK606
LAK607
LAK608
LAK617
LAK62
LAK636
LAK638
LAK646
LAK649
LAK708
LAK724
LAK734
LAK742
LAK747
LAK748
LAK749
LAK764
LAK774
LAK80
LAK811
LAK812
LAK92
LAL
LAL₂
LAL₃
LAM
LI
LIL
LIMMU
LIMMU~a
LIMMU~b
LIMMU₂
LIŠ
LU
LUGAL
LUGAL@s
LUH
LUL
LUM
LU₂
LU₂@s
LU₂@t
LU₃
MA
MA@g
MAH
MAH@g
MAR
MAŠ
MAŠ₂
MA₂
ME
MES
MEŠ
MI
MIN
MU
MUG
MUG@g
MUNSUB
MURGU
MURGU₂
MURUB₄
MUŠ
MUŠ@90
MUŠ@t
MUŠ₃
MUŠ₃@g
N
NA
NAGA
NAGA@180
NAGAR
NAM
NAM₂
NA₂
NA₄
NE
NE@s
NI
NIGIDA
NIGIDAEŠ
NIGIDALIMMU
NIGIDAMIN
NIM
NIMIN
NINDA₂
NIQ₃
NISAG
NI₂
NU
NUN
NUN@t
NUNUZ
NU₁₁
NU₁₁@90
O
OO
PA
PAD
PAN
PAP
PAPNUN
PEŠ₂
PI
PIRIG
PIR₂
P₁
P₂
P₃
P₄
P₅
RA
RAB
REC107
REC169
RI
RU
RÉC78
SA
SAG
SAG@g
SAG@n
SAG@n@g
SAL
SANGA₂
SAR
SI
SI@g
SIG
SIG₄
SIK₂
SILA₃
SU
SUD
SUD@90
SUD₂
SUHUR
SUM
SUMAŠ
SUMAŠ@g
SUR
SUR₉
TA
TA@g
TA@v
TAB
TAB@t
TAG
TAK₄
TAR
TAR@v
TE
TE@g
TE@s
TI
TI@t
TIL
TU
TUG₂
TUK
TUM
TUR
TÍ
U
U@g
U@v
UB
UD
UD@180
UD@g
UD@g@v
UD@s
UDUG
UM
UMBIN
UMUM
UN
UN@g
UR
UR@180
UR@s
URI
URI@n
URI₃
URU
URU@g
URUDA
UR₂
UR₂@g
UR₂@h
UR₄
USSU
USSU₃
UTUKI
UZU
UZ₃
UŠ
UŠX
UŠ₂
U₂
X
X₁
ZA
ZA@t
ZAG
ZAX
ZA₇
ZE₂
ZI
ZIG
ZIZ₂
ZI₃
ZU
ZUBI
ZUBUR
ZUM
ZU₅
|(4×ZA)×KUR|
|(AN.NAGA)@(AN.NAGA)|
|(AŠ&AŠ@180)×U|
|(BU&BU)×NA₂|
|(EZEN×BAD)@s|
|(HI×AŠ)&(HI×AŠ)|
|(KASKAL.LAGAB×U)&(KASKAL.LAGAB×U)|
|(LU.EŠ₂)&(LU.EŠ₂)|
|(MUŠ&MUŠ)×GA|
|(MUŠ&MUŠ)×KAK|
|(NUN.LAGAR×SAL)&(NUN.LAGAR×SAL)|
|(PAP.PAP)@t|
|(ŠE&ŠE).HUB₂|
|(ŠE.NUN&NUN)&(ŠE.NUN&NUN).GAD&GAD.GAR&GAR|
|(ŠE.NUN&NUN)&(ŠE.NUN&NUN).LAGAB.LAGAB|
|(ŠE.NUN&NUN)&(ŠE.NUN&NUN).LAGAB|
|(ŠE.NUN&NUN)&(ŠE.NUN&NUN)|
|(ŠE.NUN&NUN)×TAK₄|
|3×AN|
|4×(AN.NAGA)|
|4×(EZEN×KASKAL)|
|4×(IDIM&IDIM)|
|4×EN|
|4×GABA|
|4×IDIM|
|4×IM|
|4×LAGAB|
|4×LU₂|
|4×NI|
|4×TAB|
|A.A.A|
|A.AN|
|A.A|
|A.BI|
|A.DU|
|A.EDIN.LAL|
|A.EDIN|
|A.GAR₃|
|A.GISAL.GAD.GAR.A.SI|
|A.GISAL.PAD.SI.A|
|A.GUD×KUR|
|A.HA.A|
|A.HA.TAR.DU|
|A.HA|
|A.HU.SI|
|A.IGI|
|A.KAL|
|A.KA|
|A.KUŠU₂|
|A.LAGAB.LAGAB|
|A.LAGAB×A|
|A.LAGAB×HAL.DI|
|A.LAGAB×HAL.GAL|
|A.LAGAB×HAL.UD.NUN.KI|
|A.LAGAB×HAL|
|A.LAGAB×KUL.MA₂.ŠU₂.A|
|A.LAGAB×KUL|
|A.LUM|
|A.LU₂@s.NA|
|A.LU₃|
|A.MI.A|
|A.MUŠ|
|A.PA.BI.SI.A.GA|
|A.PA.GISAL.PAD.SI.A|
|A.SAG|
|A.SA|
|A.SIG|
|A.SUD|
|A.SU|
|A.TAR.A.AN|
|A.TU.GABA.LIŠ|
|A.TUR|
|A.U.KA|
|A.ZI&ZI.LAGAB|
|A.ZI&ZI|
|A.ŠE.NUN&NUN|
|A.ŠU.NAGA|
|A.ŠU₂.NAGA|
|AB.HA.ZAG.GABA.HU|
|AB.HA@g|
|AB.MUŠ₃|
|AB.NAM|
|AB@g.MUŠ₃.ZA|
|AB×(U.U.U)|
|AB×A|
|AB×AŠ₂|
|AB×DUN₃@g|
|AB×GAL|
|AB×GAN₂@t|
|AB×HA|
|AB×IGI@g|
|AB×IMIN|
|AB×KI|
|AB×LAGAB|
|AB×NUN@t|
|AB×NUN|
|AB×U|
|AB×ŠEŠ|
|AB×ŠU₂|
|AB₂.AN.ŠEŠ.KI|
|AB₂.KU|
|AB₂.LU|
|AB₂.NUN.ME.DU|
|AB₂.TUG₂|
|AB₂.ŠA₃.GI|
|AB₂.ŠA₃|
|AB₂×(ME.EN)|
|AB₂×BALAG|
|AB₂×GAN₂@t|
|AB₂×GAN₂|
|AB₂×TAK₄|
|AB₂×ŠA₃|
|AD.E₂|
|AD.KID|
|AD.KU|
|AD×EŠ₂|
|AK×ERIN₂|
|AK×ŠITA₂|
|AL.ŠE|
|ALAN&ALAN|
|AL×AL|
|AL×DIM₂|
|AL×GIŠ|
|AL×HA|
|AL×KAD₃|
|AL×KI|
|AL×UŠ|
|AL×ŠE|
|AMAR.DA|
|AMAR.GIŠ|
|AMAR.UD|
|AMAR×KUG|
|AMAR×ŠE.AMAR×ŠE|
|AMAR×ŠE|
|AN&AN|
|AN.3×AN|
|AN.A.LAGAB×HAL|
|AN.AN|
|AN.AŠ.A.AN|
|AN.AŠ.AN|
|AN.AŠ@z.AN|
|AN.BARA₂|
|AN.DIŠ.AN|
|AN.DU.AN|
|AN.EN.NU.NUZ.NAM.AN.ŠEŠ.KI|
|AN.GU₂×KAK|
|AN.GU₂×NUN|
|AN.HU.MI.IM|
|AN.IM.DUGUD|
|AN.IM.MI|
|AN.IM|
|AN.LAK397|
|AN.ME.U.U.U|
|AN.MUŠ|
|AN.MUŠ₃.AB@g|
|AN.MUŠ₃.AB|
|AN.NAGA|
|AN.NA|
|AN.SAG@g|
|AN.SAL.TUG₂.IB|
|AN.TU|
|AN.UD.AN.UD|
|AN.U|
|AN.ZAG|
|AN.ŠE.NAGA|
|AN.ŠEŠ.KI|
|ANŠE.AN|
|ANŠE.ARAD|
|ANŠE.IGI.EŠ₂|
|ANŠE.KUR.RA|
|ANŠE.PA|
|ANŠE.SAL|
|ANŠE.UŠ|
|ANŠE×ŠA₃|
|ARAD.ANŠE|
|ARAD.KU|
|ARAD.RA|
|ARAD×KUR|
|ARKAB₂.IB|
|A×A|
|A×BAD|
|A×HA|
|A×IGI|
|A×LAGAR@g|
|A×MUŠ|
|A×SAG|
|AŠ&AŠ&AŠ%AŠ&AŠ&AŠ|
|AŠ&AŠ&AŠ.AŠ&AŠ&AŠ.AŠ|
|AŠ&AŠ&AŠ.AŠ&AŠ&AŠ.TAB|
|AŠ&AŠ&AŠ.AŠ&AŠ&AŠ|
|AŠ&AŠ&AŠ.AŠ|
|AŠ&AŠ&AŠ.TAB|
|AŠ&AŠ&AŠ|
|AŠ&AŠ.TUG₂&TUG₂.TUG₂&TUG₂.PAP|
|AŠ&AŠ@180|
|AŠ+SUR|
|AŠ.AŠ.AŠ|
|AŠ.AŠ|
|AŠ.GAN₂|
|AŠ.HI×DIŠ.GI₄|
|AŠ@k&AŠ@k&AŠ@k&AŠ@k|
|AŠ@z&AŠ@z&AŠ@z&AŠ@z|
|AŠ₂.A|
|AŠ₂.GAR₃|
|AŠ₂.U&U|
|AŠ₂.U|
|A₂.AŠ|
|A₂.GA₂×SAL|
|A₂.KAL|
|A₂.MUŠ₃@g|
|A₂.MUŠ₃|
|A₂.PA|
|A₂.SAL|
|A₂.TUR|
|A₂.U.KID|
|A₂.UD.DU|
|A₂.ZA.AN.MUŠ₃|
|A₂.ZA.MUŠ₃@g|
|BAD.AŠ|
|BAD.BAD|
|BAD.IGI.BAD|
|BAD.KASKAL|
|BAD.LU₂|
|BAD.MI|
|BAD.UD|
|BAD.X|
|BAD×DIŠ@t|
|BAHAR₂×AB₂|
|BAHAR₂×NI|
|BAHAR₂×ZA|
|BAL&BAL|
|BALAG.A|
|BALAG.LUL|
|BALAG.TUR|
|BAR.AN|
|BAR.EDIN|
|BAR.HU.KAK|
|BARA₂.PAP.ŠE.PAP|
|BI.A.SUD|
|BI.DAR|
|BI.DIN|
|BI.GIŠ|
|BI.LUL|
|BI.MI|
|BI.UŠ.SA|
|BI.U₂.SA.KA.DU₃|
|BI.U₂.SA|
|BI.ZIZ₂.A.AN|
|BI.ZIZ₂.AN.NA|
|BI.ZIZ₂.AN|
|BI.ZIZ₂|
|BIL₄.MES.GA|
|BI×A|
|BI×GAR|
|BI×IGI@g|
|BU%BU|
|BU&BU.AB|
|BU&BU.UN|
|BULUG&BULUG|
|BULUG.NAGAR|
|BUR₂.BUR₂|
|DA.UŠ|
|DAG.KISIM₅|
|DAG.KISIM₅×(A.MAŠ)|
|DAG.KISIM₅×(GA.MAŠ)|
|DAG.KISIM₅×(IR.LU)|
|DAG.KISIM₅×(LU.MAŠ₂)|
|DAG.KISIM₅×(PAP.PAP)|
|DAG.KISIM₅×(U₂.GIR₂)|
|DAG.KISIM₅×(U₂.MAŠ)|
|DAG.KISIM₅×AB₂|
|DAG.KISIM₅×AMAR|
|DAG.KISIM₅×BALAG|
|DAG.KISIM₅×BI|
|DAG.KISIM₅×GA|
|DAG.KISIM₅×GIR₂|
|DAG.KISIM₅×GI|
|DAG.KISIM₅×GUD|
|DAG.KISIM₅×HA|
|DAG.KISIM₅×IR|
|DAG.KISIM₅×KAK|
|DAG.KISIM₅×LA|
|DAG.KISIM₅×LUM|
|DAG.KISIM₅×LU|
|DAG.KISIM₅×NE|
|DAG.KISIM₅×SI|
|DAG.KISIM₅×TAK₄|
|DAG.KISIM₅×U|
|DAG.KISIM₅×UŠ|
|DAG.KISIM₅×X|
|DAG×KUR|
|DA×GEŠ@t|
|DA×TAK₄|
|DI.DI|
|DI.TAR|
|DI.X|
|DIM×EŠ|
|DIM×IGI|
|DIM×MAŠ|
|DIM×ŠE|
|DIM₂×UD|
|DIN.BI|
|DIN.KASKAL.U@g.DIŠ|
|DIN.ŠE.NUN&NUN|
|DIŠ&DIŠ&DIŠ|
|DIŠ&DIŠ|
|DIŠ+ŠU|
|DIŠ.DAR|
|DIŠ.DIŠ.DIŠ.U.U.U|
|DIŠ.DIŠ.DIŠ.U.U|
|DIŠ.DIŠ.DIŠ|
|DIŠ.DIŠ.U.U.U|
|DIŠ.U|
|DIŠ@k.DIŠ@k.DIŠ@k.DIŠ@k|
|DU&DU.DU&DU|
|DU&DU|
|DU.DU.DU.DU|
|DU.DU|
|DU.HUB₂|
|DU.LAGAR@g|
|DU@g.DU@g|
|DU@s.A|
|DU@s.DU@s|
|DUB.NAGAR|
|DUB.TI|
|DUB×LAGAB|
|DUB×ŠA₃|
|DUB×ŠE|
|DUB₂.LUL|
|DUG.BUR|
|DUG.DUG|
|DUG.SILA₃.BUR.NA|
|DUG×(KUŠU₂.KASKAL)|
|DUG×(LAM×KUR)|
|DUG×(LUH.GIŠ)|
|DUG×ANŠE|
|DUG×AŠ@f|
|DUG×AŠ|
|DUG×DIN|
|DUG×DUN|
|DUG×ERIN₂|
|DUG×GA|
|DUG×GIR₂@g|
|DUG×GI|
|DUG×GIŠ|
|DUG×HA|
|DUG×HI|
|DUG×KASKAL|
|DUG×KUR|
|DUG×KUŠU₂|
|DUG×LAK20|
|DUG×LAM|
|DUG×MAŠ|
|DUG×MES|
|DUG×MI|
|DUG×NI|
|DUG×PI|
|DUG×SI@g|
|DUG×ŠE|
|DUMU.NE|
|DUN.NE.TUR|
|DUN.TUR|
|DUN₃@g.UŠ|
|DUN₃@g@g.UŠ|
|DUN₃@g@g.ZA|
|DUR₂.DUR₂|
|E&E.NUN&NUN|
|E.SUD.HUB₂×UD|
|E.TUM.GA₂×NUN&NUN|
|E.TUM|
|EN%EN.IM%IM|
|EN%EN|
|EN.DAG.NUN.X|
|EN.DIM₂.GIG|
|EN.GI|
|EN.KID|
|EN.KI|
|EN.KU.A|
|EN.LI|
|EN.MAŠ.KAK|
|EN.ME.AD.KU₃|
|EN.ME.AN.MUŠ₃|
|EN.ME.GI|
|EN.ME.LAGAR|
|EN.ME.LI|
|EN.ME.MU|
|EN.ME.ZI.AN.NA|
|EN.NUNUZ.DIM₂|
|EN.NUNUZ.ZI.AN.UD|
|EN.NUNUZ.ZI.AN.ŠEŠ.KI|
|EN.PAP.E.IGI@g.NUN.ME.EZEN×KASKAL|
|EN.PAP.IGI@g.NUN.ME.EZEN×KASKAL|
|EN.SAL.ME.NUNUZ.ZI.AN.ŠEŠ.KI|
|EN.SAL.NUNUZ.ZI.AN.ŠEŠ.KI|
|EN.TI|
|EN.ZU|
|EN.ŠEŠ|
|EN@EN|
|EN×GAN₂@t|
|EN×GAN₂|
|EN×ME.GI|
|EN×ME|
|EN×U|
|EREN.ŠU.ME|
|ERIN₂+X|
|ERIN₂.KAB|
|ERIN₂.NA|
|ERIN₂.NUN.NA|
|ERIN₂.UD|
|EZEN@s×AŠ|
|EZEN@s×HI|
|EZEN@s×IGI@g|
|EZEN@s×LAL|
|EZEN@s×LA|
|EZEN@s×MES|
|EZEN@s×ME|
|EZEN@s×SU|
|EZEN×(A.LAL)|
|EZEN×(A.LAL₂)|
|EZEN×AN|
|EZEN×A|
|EZEN×BAD.AN|
|EZEN×BAD|
|EZEN×DUN₃@g@g|
|EZEN×DUN₃@g|
|EZEN×GUD|
|EZEN×HA@g|
|EZEN×HA|
|EZEN×IGI@g|
|EZEN×KASKAL|
|EZEN×KU₃|
|EZEN×LAL₂|
|EZEN×LA|
|EZEN×LI|
|EZEN×LU|
|EZEN×SU|
|EZEN×UD|
|EZEN×U₂|
|EZEN×X|
|EZEN×ŠE|
|EZEN×ŠID|
|E×PAP|
|EŠ₂%EŠ₂|
|EŠ₂.HUL₂|
|EŠ₂.KA|
|EŠ₂.MAH|
|EŠ₂.PAP.PAP|
|EŠ₂.SUD.NUN.EŠ₂.TU|
|EŠ₂.UD|
|EŠ₂.ŠE|
|EŠ₂@g@t%EŠ₂@g@t|
|EŠ₂@t.GIR₂@g|
|E₂.AN.ŠE.NAGA|
|E₂.A|
|E₂.BAR|
|E₂.GIŠ.TUG₂.PI.AN.ŠE.NAGA|
|E₂.KI.SUM.GA|
|E₂.KUR.BAD|
|E₂.LU₂×GAN₂@t.A|
|E₂.MI|
|E₂.NUN|
|E₂.SAL|
|E₂.SIG₄|
|E₂.UŠ.BU.DA|
|E₂.ŠE|
|E₂×(A.HA.DA)|
|E₂×BAD|
|E₂×GAR|
|E₂×KUR|
|E₂×MI|
|E₂×PAP|
|E₂×SAL|
|E₂×U|
|E₂×ŠE|
|GA.A|
|GA.DIŠ|
|GA.GA|
|GA.HI×AŠ₂.BUR|
|GA.KAD₃|
|GA.KASKAL.KAL.NE|
|GA.KASKAL|
|GA.LAGAB|
|GA.MA₂.DUB₂|
|GA.MA₂.IGI@g|
|GA.MA₂.KASKAL.IGI@g|
|GA.NI|
|GA.PAP.U@g.DIŠ|
|GA.UZ₃.IGI@g|
|GAB.LIŠ|
|GABA%GABA|
|GAD&GAD.GAR&GAR|
|GAD+DIŠ×A|
|GAD+KID₂.DUH|
|GAD+TAK₄.DUH|
|GAD.DUN₃|
|GAD.KID₂.SI.A|
|GAD.TAK₄.GIŠ|
|GAD.TAK₄.SI|
|GAD.TAK₄|
|GAL.AN.ZU|
|GAL.AŠGAB|
|GAL.BAR.EDIN|
|GAL.BUR₂|
|GAL.DIM|
|GAL.DIM₂|
|GAL.DI|
|GAL.DUN₃@g@g|
|GAL.GAD&GAD.GAR&GAR|
|GAL.GIŠ.TUG₂.TE.A.DU|
|GAL.LUH|
|GAL.MUG@g|
|GAL.NAGAR|
|GAL.NI|
|GAL.TE.LAL|
|GAL.TE|
|GAL.UMUM|
|GAL.URI|
|GAL.URU×BAR|
|GAL.ZU|
|GAL.ŠUBUR|
|GALAM.GALAM|
|GAM.GAM|
|GAN₂%GAN₂|
|GAN₂&GAN₂|
|GAN₂.BU|
|GAN₂@t.GAN₂@t|
|GAR.GAD.TAK₄.UR₂|
|GAR.GAR|
|GAR.GA₂×(A.IGI)|
|GAR.GU.SUR.NUN|
|GAR.IB|
|GAR.KINGUSILI.SILA₃|
|GAR.LAGAB|
|GAR.LU₃|
|GAR.PA.TE.SI|
|GAR.SAG.IL₂.EZEN.SAL|
|GAR.SAG.IL₂.EZEN.UŠ|
|GAR.SAG.LAL.SAL|
|GAR.SAG.SAL.LAL|
|GAR.SAL.LAL.SAG|
|GAR.SAL.SAG.LAL|
|GAR.TUG₂|
|GAR.ŠANABI.SILA₃|
|GAR.ŠA₃.A|
|GAR.ŠA₃|
|GAR.ŠA₃×A|
|GAR.ŠID|
|GAR.ŠU.DUGUD|
|GAR.ŠUŠANA.SILA₃|
|GA₂&GA₂|
|GA₂.SILA₃|
|GA₂×(A.DA.HA)|
|GA₂×(A.EN)|
|GA₂×(A.IGI)|
|GA₂×(AB₂@t.TAB)|
|GA₂×(AŠ₂.GAL)|
|GA₂×(BAR.RA)|
|GA₂×(BUR.RA)|
|GA₂×(DUG×IGI@g)|
|GA₂×(DUG×KASKAL)|
|GA₂×(EL.LA)|
|GA₂×(GAR.DI)|
|GA₂×(GAR.NE)|
|GA₂×(GIR₂.SU)|
|GA₂×(GI₄.A)|
|GA₂×(HA.A)|
|GA₂×(HA.LU.EŠ₂)|
|GA₂×(HAL.LA)|
|GA₂×(HI.LI)|
|GA₂×(IŠ.HU.AŠ)|
|GA₂×(KID.LAL)|
|GA₂×(KUŠU₂.KASKAL)|
|GA₂×(KU₃.AN)|
|GA₂×(LAM×KUR)|
|GA₂×(ME.EN)|
|GA₂×(NE.E₂)|
|GA₂×(NE.GI)|
|GA₂×(SILA₃.ME)|
|GA₂×(UD.DU)|
|GA₂×(ŠE.TUR)|
|GA₂×AN.A.TU|
|GA₂×AN.AN.MUŠ₃|
|GA₂×AN.DUN₃@g|
|GA₂×AN.KAK.A|
|GA₂×AN.LUL|
|GA₂×AN.TU|
|GA₂×AN.X|
|GA₂×AN.ŠIM|
|GA₂×AN.ŠIM×GAR|
|GA₂×AN|
|GA₂×AŠ|
|GA₂×BAD|
|GA₂×BAHAR₂|
|GA₂×BUR|
|GA₂×DA|
|GA₂×DIM@g|
|GA₂×DIM×ŠE|
|GA₂×DI|
|GA₂×DUB|
|GA₂×EL|
|GA₂×EN.NUN|
|GA₂×EN|
|GA₂×EN×GAN₂@t|
|GA₂×EREN|
|GA₂×GAN₂@t|
|GA₂×GAR|
|GA₂×GA|
|GA₂×GI|
|GA₂×GI₄|
|GA₂×HAL|
|GA₂×HUB₂|
|GA₂×IGI@g|
|GA₂×KAK|
|GA₂×KASKAL|
|GA₂×KID|
|GA₂×LAM|
|GA₂×LA|
|GA₂×LUH|
|GA₂×MI|
|GA₂×MUŠ|
|GA₂×NE|
|GA₂×NUN&NUN|
|GA₂×NUN|
|GA₂×PA|
|GA₂×SAL|
|GA₂×SAR|
|GA₂×SUM|
|GA₂×TAK₄|
|GA₂×UD|
|GA₂×U|
|GA₂×X|
|GA₂×ZIZ₂|
|GA₂×ŠE|
|GA₂×ŠID|
|GA₂×ŠIM|
|GEŠTIN×KUR|
|GEŠTIN×U|
|GI%GI|
|GI.KID.MAH|
|GI.NA.AB.U.GUD|
|GIR₃.ARAD|
|GIR₃.BAR|
|GIR₃.GA₂×PA.A.AN|
|GIR₃.ZA@t|
|GIR₃.ŠU.IG|
|GIR₃×(A.IGI)|
|GIR₃×(LU.IGI)|
|GIR₃×GAN₂@t|
|GIR₃×IGI|
|GIR₃×PA|
|GISAL.GAD.GAR.A.SI.A|
|GI×E|
|GI×TAK₄|
|GI×U|
|GIŠ%GIŠ.ZA|
|GIŠ%GIŠ|
|GIŠ.BAD|
|GIŠ.BAR|
|GIŠ.DIN|
|GIŠ.DUN₃@g.MAŠ|
|GIŠ.GAR.UMBIN|
|GIŠ.KA.KAD₄|
|GIŠ.KA.KAD₅|
|GIŠ.KI.BI|
|GIŠ.KUL|
|GIŠ.KU|
|GIŠ.KUŠU₂|
|GIŠ.LU₂|
|GIŠ.MA₂.RA|
|GIŠ.MI|
|GIŠ.MUŠ₃.SIK₂.LAM|
|GIŠ.NE.GA.MES|
|GIŠ.NE@s.GA.ME.U.U.U|
|GIŠ.NE@s|
|GIŠ.NE|
|GIŠ.NI|
|GIŠ.NU₁₁|
|GIŠ.PI.TUG₂|
|GIŠ.RU|
|GIŠ.SAL.KUR|
|GIŠ.TAR|
|GIŠ.TUG₂.PI.NI|
|GIŠ.TUG₂.PI.NU₁₁@90.SILA₃|
|GIŠ.TUG₂.PI.TE.A.DU|
|GIŠ.TUG₂.PI.TE.A|
|GIŠ.TUG₂.PI|
|GIŠ.TUG₂.TE.A.DU|
|GIŠ.TUG₂.TE.A|
|GIŠ.TUG₂.ZAL|
|GIŠ.UR₃|
|GIŠ.ŠU.LU₂|
|GIŠ×(GIŠ%GIŠ)|
|GIŠ×BAD|
|GIŠ×TAK₄|
|GI₄%GI₄|
|GI₄&GI₄|
|GI₄.NA.AB.TUM|
|GU%GU.GU%GU|
|GU%GU|
|GU.SUR.NUN|
|GUD&GUD.LUGAL|
|GUD.AN.NA|
|GUD.GIŠ×TAK₄|
|GUD×(A.KUR)|
|GUD×AŠ|
|GUD×BAD|
|GUD×KUR|
|GUM×ŠE|
|GU₂.GAR₃|
|GU₂.NUNUZ|
|GU₂.UN|
|GU₂@g.KAK|
|GU₂×(SAL.TUG₂)|
|GU₂×IGI@g|
|GU₂×KAK.GIŠ%GIŠ|
|GU₂×KAK|
|GU₂×KAK×IGI@g|
|GU₂×NUN|
|HA.A|
|HA.NAGAR.BU|
|HA.ZAG|
|HI.A|
|HI.GIR₃|
|HI×(U+U)|
|HI×(U.U)|
|HI×AŠ|
|HI×AŠ₂.DU|
|HI×AŠ₂.HI×AŠ₂|
|HI×AŠ₂.KA×GAR|
|HI×AŠ₂.SAG|
|HI×AŠ₂|
|HI×BAD|
|HI×DIŠ|
|HI×GAD|
|HI×KIN|
|HI×NUN.HI×NUN|
|HI×NUN.KASKAL|
|HI×NUN.ME.U|
|HI×NUN.ME|
|HI×NUN|
|HI×U|
|HI×ŠE|
|HU.HI|
|HU.KAK|
|HU.MI.AN.IM|
|HU.NA₂|
|HU.SI|
|HUB₂.DU|
|HUB₂×AN|
|HUB₂×HAL|
|HUB₂×KASKAL|
|HUB₂×LIŠ|
|HUB₂×UD|
|I.A|
|I.DIB|
|I.LU|
|I.LU₂@s.NA|
|IDIM&IDIM.BUR|
|IGI&IGI.ŠIR&ŠIR.UD&UD|
|IGI.A|
|IGI.BI|
|IGI.BU|
|IGI.DIB|
|IGI.DIM|
|IGI.DUB|
|IGI.DUN|
|IGI.DU|
|IGI.ERIN₂|
|IGI.EŠ₂.DU.ERIN₂|
|IGI.EŠ₂.DU|
|IGI.EŠ₂|
|IGI.E₂|
|IGI.GAR|
|IGI.GA|
|IGI.IGI|
|IGI.KAK|
|IGI.KUR.ZA|
|IGI.KUR|
|IGI.MAR|
|IGI.MIN|
|IGI.NAGAR.BU|
|IGI.NAGAR.ŠIR|
|IGI.NAGAR|
|IGI.RI|
|IGI.RU|
|IGI.TUR.TUR|
|IGI.UR.RU.GAR|
|IGI.UR@s|
|IGI.UR|
|IGI.ZA.MUŠ₃@g|
|IGI.ZI|
|IGI@g.ALAN|
|IGI@g.IGI@g|
|IGI@g.PAP|
|IGI@g.TAK₄.ALAN|
|IGI×A|
|IL×GAN₂@t|
|IL₂.DUB₂|
|IL₂.KID.DUB₂|
|IL₂.MA₂.DUB₂|
|IL₂.MA₂.IGI@g|
|IM%IM|
|IM&IM|
|IM.A.AN|
|IM.A.A|
|IM.A|
|IM.DUB₂|
|IM.DUGUD|
|IM.DUN.DUN₃@g@g|
|IM.DUN3@g@g.DUN|
|IM.GAN₂.HI×NUN.ME.U|
|IM.HI×NUN.ME.U.GAN₂|
|IM.IM.KAD₃IM.KAD₃A|
|IM.KAD₃|
|IM.NI.UD|
|IM.SI.A|
|IM.SI|
|IM.UD|
|IM.ŠITA|
|IM.ŠU₂|
|IM@IM|
|IM×TAK₄|
|IŠ.A.SUD|
|IŠ.UD.KA.BAR|
|IŠ.URUDA|
|KA.AN.NI.SI|
|KA.AN.RA|
|KA.AN|
|KA.BALAG.GA₂.TE.A.DU@s.ZA.NA|
|KA.DI|
|KA.HI.GA|
|KA.HI|
|KA.KAK|
|KA.KA|
|KA.ŠU|
|KAB.BU|
|KAB.UŠ|
|KAD₃.KAD₃|
|KAD₄.KAD₄.KAD₅|
|KAD₅&KAD₅.KAD₅&KAD₅|
|KAD₅&KAD₅|
|KAD₅.KAD₅|
|KAK.GIŠ|
|KAK.TAR|
|KAK×IGI@g|
|KAL%KAL|
|KAL.EDIN|
|KAL×BAD|
|KASKAL&KASKAL.LAGAB&LAGAB|
|KASKAL.(LAGAB×U)&(LAGAB×U)|
|KASKAL.6(DIŠ)|
|KASKAL.BU|
|KASKAL.GA|
|KASKAL.HI×NUN|
|KASKAL.KUR|
|KASKAL.LAGAB|
|KASKAL.LAGAB×U|
|KASKAL.UD@s|
|KA×(A.LA₂)|
|KA×(A.ME)|
|KA×(AD.KU₃)|
|KA×(GAR.ŠA₃.A)|
|KA×(GIŠ.SAR)|
|KA×(KI.ŠU₂)|
|KA×(ME.DU)|
|KA×(ME.GAR)|
|KA×(ME.GAR.GAR.RA)|
|KA×(ME.GI)|
|KA×(ME.ME)|
|KA×(ME.TE)|
|KA×(MI.NUNUZ)|
|KA×(ŠU.EŠ₂)|
|KA×(ŠU.X)|
|KA×6(DIŠ)|
|KA×A.A|
|KA×AD|
|KA×ANŠE|
|KA×A|
|KA×AŠ₂|
|KA×BAD|
|KA×BALAG|
|KA×BAR|
|KA×BI|
|KA×BU|
|KA×DUB₂|
|KA×ERIN₂|
|KA×EŠ|
|KA×EŠ₂|
|KA×GA.SAG|
|KA×GAL|
|KA×GAN₂@t.ŠA|
|KA×GAN₂@t|
|KA×GAR|
|KA×GA|
|KA×GA₂|
|KA×GIR₂|
|KA×GI|
|KA×GIŠ%GIŠ|
|KA×GIŠ|
|KA×GUD|
|KA×GUR₇|
|KA×GU|
|KA×HI×AŠ₂|
|KA×IGI|
|KA×IM|
|KA×KAK|
|KA×KA|
|KA×KID|
|KA×KID₂|
|KA×KI|
|KA×LI.KA×LI|
|KA×LI|
|KA×LUM|
|KA×LU|
|KA×ME|
|KA×MI|
|KA×NE|
|KA×NUN|
|KA×PA|
|KA×PI|
|KA×RU|
|KA×SAR|
|KA×SA|
|KA×SIG|
|KA×SUHUR|
|KA×TAR|
|KA×TU|
|KA×UD.BAR|
|KA×UD|
|KA×UMUM×PA|
|KA×UR|
|KA×UR₂|
|KA×U|
|KA×UŠ|
|KA×U₂|
|KA×X|
|KA×ZI|
|KA×ŠE@f|
|KA×ŠE|
|KA×ŠID|
|KA×ŠUL|
|KA×ŠU|
|KA₂%KA₂|
|KA₂.AN.RA|
|KA₂.AN|
|KA₂.GAL|
|KI.AN.IM|
|KI.AN.UD|
|KI.AN.ŠEŠ.KI|
|KI.A|
|KI.AŠ.AŠ|
|KI.BAD|
|KI.BI.GAR|
|KI.BI.KAK|
|KI.BI.NI|
|KI.BI|
|KI.DU.KAK|
|KI.E.NE.DI.AN.MUŠ₃|
|KI.E.NE.DI|
|KI.EN.KAK|
|KI.GAL|
|KI.IB|
|KI.KA.LU₂|
|KI.KAK|
|KI.KAL.BAD.IDIM|
|KI.KAL|
|KI.KAL×BAD|
|KI.KI|
|KI.KU.LU₂|
|KI.KU.SAG|
|KI.KU|
|KI.LAL|
|KI.LAM|
|KI.LU.EŠ₂|
|KI.LUGAL|
|KI.MIN|
|KI.MUŠ₃@g|
|KI.NE.AN.MUŠ₃|
|KI.NE|
|KI.SAG.DU|
|KI.SAG.SAL|
|KI.SAG@n|
|KI.SAG|
|KI.SU.LU.EŠ₂.GAR.KI|
|KI.SU.LU.EŠ₂.GAR.RA|
|KI.SU.LU.EŠ₂.GAR|
|KI.SU.LU.GAR.KI|
|KI.SU.LU.GAR|
|KI.SU.LU.KI.GAR|
|KI.SU.LU.LAGAB×U.GAR|
|KI.SU.LU.ŠU.GAR|
|KI.SU.ZA.LU.EŠ₂|
|KI.UD.A|
|KI.UD|
|KI.URU×MIN|
|KI.ŠEŠ.KAK|
|KIB.NUN|
|KID.BALAG|
|KID.MAH|
|KID.ŠU₂.MA₂|
|KIN.KIN|
|KIN×UD|
|KISIM₅&KISIM₅|
|KI×BAD|
|KI×UD|
|KI×U|
|KU&HI×AŠ₂.KU&HI×AŠ₂|
|KU.AN.RA|
|KU.AN|
|KU.GAR|
|KU.GIŠ%GIŠ|
|KU.IDIM|
|KU.KI.SAG|
|KU.KU.KU|
|KU.KU|
|KU.NU|
|KUR.MUŠ₃@g.ZA.KI|
|KUR.SI.A.GA|
|KUR.TI|
|KUR.ZA.KUR.ZI|
|KUR@KUR|
|KURUM₇|
|KUŠU₂.AN.MUŠ₃|
|KUŠU₂×SAL|
|KU₃.AN|
|KU₃.GI|
|KU₃.UD|
|KU₇.KU₇|
|LAGAB.LAGAB|
|LAGAB.SAG@g|
|LAGAB.U.KAK|
|LAGAB×(A.DA.HA)|
|LAGAB×(A.GAR)|
|LAGAB×(A.LAL)|
|LAGAB×(GUD&GUD)|
|LAGAB×(GUD.GUD)+HUL₂|
|LAGAB×(GUD.GUD).A|
|LAGAB×(IM.HA)|
|LAGAB×(IM.IM.ŠU₂LU)|
|LAGAB×(KUL.HI.A)|
|LAGAB×(ME.EN)|
|LAGAB×(TE.A.SU.NA)|
|LAGAB×(U.A)|
|LAGAB×(U.U.U).LAGAB×(U.U.U)|
|LAGAB×(U.U.U)|
|LAGAB×(U₂.AŠ)|
|LAGAB×(ZU&ZU)|
|LAGAB×(ŠE.SUM)|
|LAGAB×(ŠITA@t.GIŠ)|
|LAGAB×(ŠU₂.ŠU₂)|
|LAGAB×A.LUM|
|LAGAB×A.TAR|
|LAGAB×AL|
|LAGAB×AN|
|LAGAB×A|
|LAGAB×AŠ@t|
|LAGAB×AŠ@z|
|LAGAB×AŠ|
|LAGAB×BAD|
|LAGAB×BI|
|LAGAB×DAR|
|LAGAB×EN|
|LAGAB×GAR|
|LAGAB×GA|
|LAGAB×GI|
|LAGAB×GUD.LU.HI.A|
|LAGAB×GUD|
|LAGAB×HAL.A|
|LAGAB×HAL|
|LAGAB×HA|
|LAGAB×HI×NUN|
|LAGAB×IGI@g|
|LAGAB×IM|
|LAGAB×KIN|
|LAGAB×KI|
|LAGAB×KUL|
|LAGAB×KU₃|
|LAGAB×LAGAB|
|LAGAB×LAGAR|
|LAGAB×LUL|
|LAGAB×LU|
|LAGAB×ME|
|LAGAB×MUŠ|
|LAGAB×NE|
|LAGAB×SUM|
|LAGAB×TAG|
|LAGAB×TAK₄|
|LAGAB×TIL|
|LAGAB×UD|
|LAGAB×UN|
|LAGAB×U|
|LAGAB×UŠ|
|LAGAB×ŠE|
|LAGAB×ŠU₂|
|LAGAR.IB|
|LAGAR@g&LAGAR@g.ŠE|
|LAGAR@g.DU@s|
|LAGAR@g.DU|
|LAGAR×(ŠE.SUM)|
|LAGAR×SUM|
|LAGAR×ŠE|
|LAK449×(PAP.LU₃)|
|LAK449×(PAP.PAP.LU₃)|
|LAK449×(U₂.BA)|
|LAK449×GU|
|LAK449×IGI|
|LAK589.A.SI|
|LAK589.PAD.A.SI|
|LAK589.PAD.SI|
|LAK589.SI.A|
|LAK589.SI|
|LAK590.SI|
|LAK617×AŠ|
|LAK617×BAD|
|LAK617×KU₃|
|LAK617×LA|
|LAK617×MIR|
|LAK617×TAR|
|LAK617×TE|
|LAK617×UD|
|LAK617×URUDA|
|LAK617×U₂|
|LAK648×(PAP.PAP.LU₃)|
|LAK648×(ŠEŠ.KI)|
|LAK648×DUB|
|LAK648×GA|
|LAK648×IGI@g|
|LAK648×IGI|
|LAK648×NI|
|LAK648×UD|
|LAK79&LAK79@g|
|LAK81&LAK81|
|LAL.KAK|
|LAL.LAGAB|
|LAL.NI|
|LAL.SAR|
|LAL₂.A|
|LAL₂.DU.DU|
|LAL₂.DU|
|LAL₂.HAL|
|LAL₂.KAK|
|LAL₂.LAGAB|
|LAL₂.NI|
|LAL₂.SAR|
|LAL₂.TUG₂|
|LAL₂.URU×MIN|
|LAL₂.U|
|LAM.HI×DIŠ|
|LAM.SAG|
|LAM×(KUR.RU)|
|LAM×KUR.RU.DA|
|LAM×KUR|
|LU.EŠ₂.GAR.KI|
|LU.HUL₂|
|LU.KI.KAK|
|LUGAL&LUGAL|
|LUGAL.GAL|
|LUGAL.GAM|
|LUGAL.GAN|
|LUGAL.HI×BAD|
|LUGAL@LUGAL|
|LUL.A|
|LUL.BALAG|
|LUL.E₂.BALAG|
|LUL×ŠE|
|LUM&LUM.DU@s|
|LUM&LUM.GAR&GAR|
|LUM&LUM.ŠU₂|
|LUM&LUM|
|LUM.LUM|
|LU×BAD|
|LU₂.DIŠ|
|LU₂.EN|
|LU₂.GAM|
|LU₂.GAN₂@t|
|LU₂.HI×BAD|
|LU₂.KI|
|LU₂.LAGAB|
|LU₂.LU₂.LU₂.LU₂|
|LU₂.ME.EN|
|LU₂.NE|
|LU₂.SU.A|
|LU₂.SU|
|LU₂.TUG₂|
|LU₂@LU₂|
|LU₂@g.UŠ₂|
|LU₂@g×AŠ|
|LU₂@s.NA|
|LU₂@s×BAD|
|LU₂×(KAD₃.AŠ)|
|LU₂×(LA.AŠ)|
|LU₂×(ME.EN)|
|LU₂×(PAP.PAP.LU₃)|
|LU₂×(SI.AŠ)|
|LU₂×(SIK₂.BU)|
|LU₂×AL|
|LU₂×BAD.BAD|
|LU₂×BAD|
|LU₂×DIŠ|
|LU₂×EŠ₂.LAL|
|LU₂×EŠ₂@t|
|LU₂×EŠ₂|
|LU₂×GAN₂@t|
|LU₂×HAL|
|LU₂×HI×BAD|
|LU₂×IM|
|LU₂×KAD₂|
|LU₂×KI|
|LU₂×LAGAB|
|LU₂×NE|
|LU₂×NU|
|LU₂×PAP|
|LU₂×TAK₄|
|LU₂×TUG₂|
|LU₂×ŠA₃|
|LU₂×ŠU|
|LU₃.PAP.PAP|
|MA@g×TAK₄|
|MAR.TU|
|MAŠ.EN.KAK|
|MAŠ.EN|
|MAŠ.GU₂.GAR₃|
|MAŠ.KAK.EN|
|MAŠ.KAK|
|MAŠ.PA|
|MAŠ.U.U.U|
|MAŠ.U.U|
|MAŠ.U|
|MAŠ.X|
|MA₂.IGI@g|
|MA₂.KAK|
|MA₂.KASKAL.IGI@g&IGI@g|
|MA₂.KASKAL.IGI@g|
|MA₂.MUG|
|MA₂.SAL.DIŠ|
|ME.AD.KU₃|
|ME.AN.ŠE.NAGA|
|ME.NUN.TAG|
|MES.RU|
|MI.MI|
|MI.ZA₇|
|MU&MU|
|MU.BU|
|MU.ME.U.U.U|
|MU.UŠ.TUG₂.PI|
|MUNUS.U₈|
|MUŠ%MUŠ.A.NA|
|MUŠ%MUŠ|
|MUŠ%MUŠ×MAŠ|
|MUŠ&MUŠ.A.NA|
|MUŠ&MUŠ|
|MUŠ&MUŠ×(A.NA)|
|MUŠ.DIN.ŠE.NUN&NUN.BALAG|
|MUŠ.ŠA|
|MUŠ×A|
|MUŠ×KUR|
|MUŠ×ZA|
|MUŠ₃.AB@g.ZA|
|MUŠ₃.AB@g|
|MUŠ₃.AB|
|MUŠ₃.BU|
|MUŠ₃.DI|
|MUŠ₃.EREN|
|MUŠ₃.ZA.AB@g|
|MUŠ₃.ZA|
|MUŠ₃@g.BU|
|MUŠ₃@g.SIK₂.LAM|
|MUŠ₃×(A.DI)|
|MUŠ₃×A|
|MUŠ₃×ZA|
|NAGA@NAGA|
|NAGAR.BU|
|NAGAR.DIŠ|
|NAGAR.ZA@t|
|NAGA×DIŠ|
|NAGA×ŠU@t|
|NAM.EN.NA|
|NAM.EN|
|NAM.LUGAL|
|NAM.SAL.TUG₂|
|NAM.SU|
|NA₂.X|
|NE.GI|
|NE.RU|
|NE.SI.A|
|NE.SI@g|
|NE@s.GI|
|NE×A|
|NE×UD|
|NI+GIŠ|
|NI.GIŠ|
|NI.LU|
|NI.NI|
|NI.TUK|
|NI.UD.EN|
|NI.UD.KI|
|NIM×(GAR.GAN₂@t)|
|NIM×GAN₂@t|
|NINDA₂×(AŠ.AŠ)|
|NINDA₂×(ME.GAN₂@t)|
|NINDA₂×(PAP.PAP)|
|NINDA₂×(U.U)|
|NINDA₂×(U₂.AŠ)|
|NINDA₂×(ŠE.AŠ)|
|NINDA₂×(ŠE.AŠ.AŠ)|
|NINDA₂×AN|
|NINDA₂×AŠ|
|NINDA₂×BAL|
|NINDA₂×DIM@g|
|NINDA₂×DUB|
|NINDA₂×GI.IDIM|
|NINDA₂×GI|
|NINDA₂×GIŠ|
|NINDA₂×GUD|
|NINDA₂×GUL|
|NINDA₂×HI|
|NINDA₂×KEŠ₂|
|NINDA₂×LAK50|
|NINDA₂×MAŠ|
|NINDA₂×MI|
|NINDA₂×NE|
|NINDA₂×NUMUN|
|NINDA₂×NUN|
|NINDA₂×URUDA|
|NINDA₂×U|
|NINDA₂×UŠ|
|NINDA₂×U₂|
|NINDA₂×ŠE|
|NINDA₂×ŠID|
|NI×E|
|NUN%NUN.LAGAR&LAGAR|
|NUN%NUN|
|NUN&NUN|
|NUN.LAGAR|
|NUN.LAGAR×GAR|
|NUN.LAGAR×MAŠ|
|NUN.LAGAR×SAL|
|NUN.LAGAR×UŠ|
|NUN.ME.DU|
|NUN.ME.TAG|
|NUN.ME|
|NUN.ŠE|
|NUN@t.KI|
|NUN@t.ŠE|
|NUNUZ.AB₂|
|NUNUZ.AB₂×(BULUG₂.GUG₂)|
|NUNUZ.AB₂×(GUG₂.BULUG₂)|
|NUNUZ.AB₂×(LU₃.PAP.PAP)|
|NUNUZ.AB₂×AŠGAB|
|NUNUZ.AB₂×BI|
|NUNUZ.AB₂×DUG|
|NUNUZ.AB₂×GUD|
|NUNUZ.AB₂×IGI@g|
|NUNUZ.AB₂×KAD₃|
|NUNUZ.AB₂×LA|
|NUNUZ.AB₂×NE|
|NUNUZ.AB₂×SILA₃|
|NUNUZ.AB₂×U₂|
|NUNUZ.AB₂×X|
|NUNUZ.DIM₂|
|NUNUZ.KISIM₅|
|NUNUZ.KISIM₅×(LU₃.PAP.PAP)|
|NUNUZ.KISIM₅×AŠGAB|
|NUNUZ.KISIM₅×BI.U|
|NUNUZ.KISIM₅×BI|
|NU₁₁&NU₁₁.BUR&BUR|
|NU₁₁.BUR.LA|
|NU₁₁.BUR|
|NU₁₁.GIŠ|
|NU₁₁.IR|
|PA.AL|
|PA.AN|
|PA.DAG.KISIM₅×(LU.MAŠ₂)|
|PA.DAG.KISIM₅×GUD|
|PA.DAG.KISIM₅×KAK|
|PA.DU@g|
|PA.DU@s|
|PA.DUN₃|
|PA.DU|
|PA.EL.BU@g|
|PA.E₂|
|PA.GAN|
|PA.GA₂|
|PA.GISAL.PAD|
|PA.GISAL.SI.KAL.RU|
|PA.GI|
|PA.GU₂@g|
|PA.HUB₂.DU|
|PA.HUB₂|
|PA.IB|
|PA.KAK|
|PA.LAGAB×(GUD&GUD)|
|PA.LU.TA|
|PA.LUGAL|
|PA.LU|
|PA.ME.U.U.U|
|PA.NUN.LAGAR|
|PA.SUD.EL|
|PA.SU|
|PA.TAR|
|PA.TE.SI.GAR|
|PA.TE.SI|
|PA.TE|
|PA.TUG₂|
|PA.TUK.DU|
|PA.URU|
|PA.URU×MIN|
|PA.UZU|
|PA.ŠA₆|
|PA.ŠE|
|PAD.AN.MUŠ₂|
|PAD.AN.MUŠ₃|
|PAD.GISAL.SI|
|PAD.MUŠ₃|
|PAP.E|
|PAP.HAL|
|PAP.IGI@g.NUN.ME|
|PAP.IGI@g|
|PAP.IŠ|
|PAP.NUN.ME.EZEN|
|PAP.PAP.4×IDIM|
|PAP.PAP|
|PAP.PAP×ŠE|
|PAP.SAG|
|PAP.ŠE.PAP|
|PEŠ₂@v|
|PI%PI|
|PI.GIŠ.TUG₂|
|PIRIG.AB@g.GAL|
|PIRIG.AB×GAL|
|PIRIG.TUR|
|PIRIG@PIRIG|
|PIRIG×KAL|
|PIRIG×UD|
|PIRIG×ZA|
|PI×AB|
|PI×A|
|PI×BI|
|PI×BU|
|PI×E|
|PI×IB|
|PI×I|
|PI×U|
|PI×U₂|
|RA.RA|
|RAB.GAL|
|RAB.GAN|
|RAB.HI×BAD|
|RAB.MAH|
|RAB.TUR.TUR|
|RU.NE|
|SA.HI×ŠE.KAK|
|SAG&SAG|
|SAG.AN|
|SAG.DUN₃|
|SAG.EZEN|
|SAG.LAL.SAL|
|SAG.PA.LAGAB|
|SAG.SAL|
|SAG@g×HA|
|SAG×A|
|SAG×DUB|
|SAG×DU|
|SAG×DU₃|
|SAG×EN|
|SAG×HA|
|SAG×IGI@g|
|SAG×KAK.GABA|
|SAG×KAK|
|SAG×KUR|
|SAG×LUM|
|SAG×MI|
|SAG×NUN|
|SAG×SAL|
|SAG×TAK₄@f|
|SAG×TAK₄|
|SAG×UB|
|SAG×UM|
|SAG×UR|
|SAG×UŠ|
|SAG×U₂|
|SAG×ŠID|
|SAL.AL|
|SAL.ANŠE|
|SAL.ARAD.DAM|
|SAL.AŠ₂.GAR₃|
|SAL.BAR|
|SAL.EN|
|SAL.EŠ₂|
|SAL.GA₂×PA|
|SAL.HUB₂|
|SAL.KAB|
|SAL.KUR|
|SAL.KU|
|SAL.KUŠU₂|
|SAL.LAGAB|
|SAL.LAGAB×AŠ₂|
|SAL.LAGAR|
|SAL.LA|
|SAL.MA|
|SAL.ME|
|SAL.SIK₂|
|SAL.TAB.KUN|
|SAL.TAK₄|
|SAL.TUG₂.IN.DUB|
|SAL.TUG₂.KU₃.SIG₁₇|
|SAL.TUG₂.PAP.E.IGI@g.NUN.ME.EZEN×KASKAL|
|SAL.TUG₂.PAP.IGI@g.NUN.ME.EZEN×KASKAL|
|SAL.TUG₂|
|SAL.TUK|
|SAL.UD.EDIN|
|SAL.UD|
|SAL.UR|
|SAL.UŠ.DAM|
|SAL.UŠ.DI|
|SAL.UŠ|
|SAR.SAR|
|SAR×ŠE|
|SI.A.BUR₂|
|SI.A|
|SI.GUD.AŠ|
|SI.GUD|
|SI.GUD×AŠ|
|SI@g.A|
|SIG.MU.BU|
|SIG₄&SIG₄.ŠU₂|
|SIG₄.ANŠE|
|SIG₄.IDIM|
|SIG₄.SIG₄.ŠU₂|
|SIK₂.BU|
|SIK₂.HI×NUN.AŠ.U|
|SIK₂.LAM.SUHUR|
|SIK₂.LAM|
|SIK₂.MU.BU|
|SIK₂.PA.IB|
|SIK₂.SAG.PA.IB|
|SIK₂.SUD|
|SIK₂.SUHUR|
|SIK₂×NUN|
|SILA₃.ŠU.GABA|
|SI×TAK₄|
|SU&SU.A|
|SU&SU|
|SU.A|
|SU.EDIN|
|SU.KI.LU.EŠ₂.KI|
|SU.KUR.RU|
|SU.KUR|
|SU.RU×KUR|
|SUD.PA.EL|
|SUMAŠ.MAŠ|
|SUMAŠ.ME|
|TAB&TAB.NI&NI.DIŠ&DIŠ|
|TAB.AŠ|
|TAB.GAR.ŠE|
|TAB.KUN|
|TAB.TAB.AŠ|
|TAB.TAB.TAB.AŠ|
|TAB.TAB.TAB.TAB.AŠ|
|TAB.TAB.TAB.TAB|
|TAB.TAB.TAB|
|TAB.TI|
|TAG.GAM.ME|
|TAG.TAG|
|TAG.TUG₂|
|TAG×BI|
|TAG×GUD|
|TAG×KU|
|TAG×TUG₂|
|TAG×UD|
|TAG×ŠE|
|TAG×ŠU|
|TAK₄.ALAN|
|TAK₄.IM|
|TAK₄.TAK₄|
|TA×GAR|
|TA×HI|
|TA×MI|
|TA×ŠE|
|TE.AB@g|
|TE.AB|
|TE.A|
|TE.LAL|
|TE.ME|
|TE.MUŠ₃|
|TE@g.AB@g|
|TUG₂.DU@s|
|TUG₂.PI.PI|
|TUG₂.PI.TE.A.RA|
|TUG₂.UD|
|TUK.TUK|
|TUM×(DIŠ.DIŠ.DIŠ)|
|TUM×GAN₂@t|
|TUR&TUR.ZA&ZA.TUR&TUR.ZA&ZA|
|TUR&TUR.ZA&ZA|
|TUR.ARAD|
|TUR.DIŠ|
|TUR.EŠ₂|
|TUR.SAG|
|TUR.SAL.TUR.TUR|
|TUR.TUR|
|TUR.UŠ|
|U&U.PA&PA.GAR&GAR|
|U&U.SUR&SUR|
|U&U.U&U.U&U|
|U&U.U&U.U|
|U&U.U@v&U@v|
|U.5(DIŠ)|
|U.AD|
|U.DAR|
|U.DIM|
|U.DIM×ŠE|
|U.DIŠ.U&U.U&U.U|
|U.EDIN|
|U.EN|
|U.EN×GAN₂@t|
|U.GA.HI|
|U.GAN|
|U.GA|
|U.GUD|
|U.GUR|
|U.KA|
|U.KIB|
|U.KID|
|U.MAŠ.KAB|
|U.MU|
|U.PIRIG|
|U.SAG|
|U.SAR|
|U.TUG₂|
|U.U.HUB₂|
|U.U.U.AŠ₃|
|U.U.U|
|U.UD.KID|
|U.UD|
|U.UR@s|
|U.U|
|U.ZAG|
|U.ŠA|
|UB.ME|
|UB.RI|
|UD.AB@g|
|UD.AB|
|UD.AB×(U.U.U)|
|UD.AN.UD|
|UD.AN.ŠEŠ.KI|
|UD.A|
|UD.DU.BU|
|UD.DU|
|UD.GAN|
|UD.GIŠ%GIŠ.NUN|
|UD.HI×AŠ₂|
|UD.HU.HI.NUN|
|UD.KA.BAR|
|UD.KID|
|UD.KUŠU₂|
|UD.MA₂.AB×(U.U.U).ŠIR|
|UD.MA₂.AB×HA.KI.TAG|
|UD.MA₂.AB×HA.TAG|
|UD.MA₂.AB×HA.ŠIR|
|UD.MA₂.AB×HA|
|UD.MI|
|UD.NI|
|UD.NUN|
|UD.SAL.HUB₂|
|UD.SAR|
|UD.UD.AK|
|UD.UD|
|UD.ŠEŠ.KI|
|UD@s.KID|
|UD@s.KUŠU₂|
|UD@s×BAD|
|UD×(U.U.U).AN.ŠEŠ.KI|
|UD×(U.U.U).DU|
|UD×(U.U.U)@g|
|UD×(U.U.U)|
|UD×BAD|
|UD×MI|
|UM.LAGAB|
|UM.ME|
|UMBIN×LU|
|UMUM×DUN₃@g|
|UMUM×HA|
|UMUM×KASKAL|
|UMUM×PA|
|UM×(ME.DA)|
|UM×LAGAB|
|UM×U.LAGAB|
|UM×U|
|UM×ŠA₃|
|UR%UR|
|UR.MAH|
|URU.ME.U.U.U|
|URUDA×U.LAGAB|
|URUDA×U.U|
|URUDA×U|
|URU×(MIN.GA)|
|URU×(MIN.NI.GA)|
|URU×(U.GUD)|
|URU×A|
|URU×AŠGAB|
|URU×BAR|
|URU×DARA₃|
|URU×DUN|
|URU×GAL|
|URU×GAN₂@t|
|URU×GAR|
|URU×GA|
|URU×GU|
|URU×HA|
|URU×IGI|
|URU×IM|
|URU×IŠ|
|URU×KI|
|URU×LAK668|
|URU×LUM|
|URU×MIN|
|URU×PA|
|URU×SIG₄|
|URU×TU.URU×TU|
|URU×TU|
|URU×UD|
|URU×URUDA|
|URU×ŠE|
|UR×AL|
|UR×A|
|UR×MIN|
|UR₂×(A.HA)|
|UR₂×(A.NA)|
|UR₂×(GI.IDIM)|
|UR₂×(U₂.AŠ)|
|UR₂×(U₂.BI)|
|UR₂×AL|
|UR₂×A|
|UR₂×GAN₂@t|
|UR₂×HA|
|UR₂×KAL|
|UR₂×KID₂.SU|
|UR₂×KID₂|
|UR₂×NUN|
|UR₂×UD|
|UR₂×U₂|
|UR₂×X|
|UZ₃.KASKAL|
|UZ₃×BALAG|
|UZ₃×KASKAL|
|UŠ.ANŠE|
|UŠ.BAR|
|UŠ.BU.DA|
|UŠ.DAM|
|UŠ.GA|
|UŠ.KU|
|UŠ.SAL.DAM|
|UŠ.SA|
|UŠ.TUG₂.PI|
|UŠ×A|
|UŠ×KUR|
|UŠ×KU|
|UŠ×TAK₄|
|U₂.A.LAGAB×HAL|
|U₂.GIR₂@g|
|U₂.GIŠ.MI|
|U₂.GIŠ.SAR|
|U₂.KA|
|U₂.KA×LI|
|U₂.KI.SUM.GA|
|U₂.KUR.NI.TUK.KI|
|U₂.KUR.RA|
|U₂.KUR.ZA.MUŠ₃@g.KI|
|U₂.NAGA.AN.AŠ.ŠIR|
|U₂.NAGA.AN.ŠIR|
|U₂.NAGA.GA|
|U₂.SA.KA.KAK|
|U₂.SAG|
|U₂.SA|
|U₂.UR₂|
|U₂.ZA.MUŠ₃|
|ZA.AN.MUŠ₃@g|
|ZA.DUN₃@g@g|
|ZA.DUN₃@g|
|ZA.GUL|
|ZA.IB|
|ZA.KUR.A|
|ZA.KUR|
|ZA.MUŠ₃.AB@g|
|ZA.MUŠ₃@g.AB@g|
|ZA.MUŠ₃@g.EREN|
|ZA.MUŠ₃@g|
|ZA.MUŠ₃|
|ZA.NIM|
|ZA.SU|
|ZAG.AN|
|ZAG.GA|
|ZAG.HA|
|ZI%ZI|
|ZI&ZI.A|
|ZI&ZI.EŠ₂.ŠE|
|ZI&ZI.EŠ₂|
|ZI&ZI.LAGAB.ŠE|
|ZI&ZI.LAGAB|
|ZI&ZI|
|ZIZ₂.A.AN|
|ZIZ₂.AN.NA|
|ZIZ₂.AN|
|ZIZ₂.A|
|ZI₃.LU₃|
|ZU&ZU.SAR|
|ZU.AB|
|ZUM×LAGAB|
|ZU₅×(DIŠ@t.DIŠ@t.DIŠ@t)|
|ZU₅×A|
|ŠAR₂×(GAL.DIŠ)|
|ŠAR₂×(GAL.MIN)|
|ŠAR₂×U|
|ŠA₃.A|
|ŠA₃.DIŠ|
|ŠA₃.GI|
|ŠA₃.GIŠ.SAR|
|ŠA₃.LAGAB|
|ŠA₃.MIN.DI|
|ŠA₃.MIN.KASKAL|
|ŠA₃.MIN.TAR|
|ŠA₃.SAR|
|ŠA₃.TAR|
|ŠA₃×(U.A)|
|ŠA₃×A|
|ŠA₃×BAD|
|ŠA₃×GIŠ|
|ŠA₃×NE|
|ŠA₃×SAL|
|ŠA₃×TAR|
|ŠA₃×TUR|
|ŠA₃×U|
|ŠA₃×ŠU₂|
|ŠA₆.TUR|
|ŠE&ŠE.GAD&GAD.GAR&GAR|
|ŠE&ŠE.GAR&GAR|
|ŠE&ŠE.PA&PA.GAR&GAR|
|ŠE&ŠE.TAB&TAB.GAR&GAR|
|ŠE&ŠE|
|ŠE.BULUG|
|ŠE.HU.TUR|
|ŠE.HU|
|ŠE.IGI.TUR|
|ŠE.KAK|
|ŠE.KAL|
|ŠE.KIN.KIN|
|ŠE.KIN|
|ŠE.LUGAL|
|ŠE.NAGA|
|ŠE.NAM₂|
|ŠE.NUN&NUN|
|ŠE.PAP.PAP|
|ŠE.SUHUR|
|ŠE.UR₄|
|ŠE.ŠE.KIN|
|ŠE.ŠE.NUN&NUN|
|ŠE.ŠEŠ|
|ŠEG₉.BAR|
|ŠEŠ.AB@g|
|ŠEŠ.AB|
|ŠEŠ.HU.HU|
|ŠEŠ.IB|
|ŠEŠ.KI.DIM×ŠE|
|ŠEŠ.KI|
|ŠID.GAR|
|ŠID.RU|
|ŠID×A|
|ŠID×IM|
|ŠIM.AN.MAŠ|
|ŠIM.AN.SAL.TUG₂.IB|
|ŠIM.BAL|
|ŠIM×A|
|ŠIM×BAL|
|ŠIM×BULUG|
|ŠIM×BUR₂|
|ŠIM×DIN|
|ŠIM×GAR|
|ŠIM×IGI@g|
|ŠIM×IGI|
|ŠIM×KUŠU₂|
|ŠIM×LUL|
|ŠIM×MUG|
|ŠIM×PI|
|ŠIM×SAL|
|ŠIR.GI₄|
|ŠIR.LU.KUŠ&ŠIR.LU.KUŠ|
|ŠITA.GIŠ.TUG₂|
|ŠU&ŠU@180|
|ŠU.AN|
|ŠU.BAD|
|ŠU.BU|
|ŠU.DI.U.U.U|
|ŠU.DIM₂|
|ŠU.DI|
|ŠU.DIŠ|
|ŠU.EREN.ME|
|ŠU.GAN|
|ŠU.GAN₂@t|
|ŠU.GAR.TUR.LAL.BI|
|ŠU.GAR.TUR.LAL|
|ŠU.GA|
|ŠU.GI%GI|
|ŠU.GIR₂@g|
|ŠU.GI|
|ŠU.HA|
|ŠU.KAD₄|
|ŠU.KAL|
|ŠU.LAGAB.NA|
|ŠU.LAGAB|
|ŠU.LUGAL|
|ŠU.LUL|
|ŠU.LU₂|
|ŠU.ME.EREN|
|ŠU.MIN.ME.U.U.U|
|ŠU.MIN|
|ŠU.NAGA|
|ŠU.PAP.PAP|
|ŠU.SI.DI|
|ŠU.U|
|ŠUL.GI|
|ŠU₂.(E₂×AN)|
|ŠU₂.3×AN|
|ŠU₂.AN.HI×GAD|
|ŠU₂.AN|
|ŠU₂.AŠ₂|
|ŠU₂.BAD|
|ŠU₂.DUG×NI|
|ŠU₂.DUN₃@g@g@s|
|ŠU₂.NAGA|
|ŠU₂.NE|
|ŠU₂.U.U.U|
|ŠU₂.UR@s|
|ŠU₂.ZI₃|
|ŠU₂.ŠE.KU.KAK|
|ŠU₂×(A.DIŠ)|
ŠA
ŠAB₆
ŠAH
ŠANABI
ŠAR₂
ŠA₃
ŠA₆
ŠA₆@t
ŠE
ŠEG₉
ŠEN
ŠEŠ
ŠEŠLAM
ŠEŠ₂
ŠID
ŠIM
ŠINIG
ŠIR
ŠIR@t
ŠITA
ŠITA@t
ŠITA₂
ŠU
ŠU@180
ŠU@t
ŠUBUR
ŠUŠANA
ŠU₂
