|1(N57).AB2|	|1(N57).AB₂|
|1(N57).SZAH2~a|	|1(N57).ŠAH₂~a|
|1(N57).SZUBUR|	|1(N57).ŠUBUR|
|1(N58).BAD~a|	|1(N58).BAD~a|
|1(N58).BAD~b|	|1(N58).BAD~b|
|2(N57).AB2|	|2(N57).AB₂|
|2(N57).KU6~a|	|2(N57).KU₆~a|
|2(N57).SU~a|	|2(N57).SU~a|
|2(N57).SZUBUR|	|2(N57).ŠUBUR|
|3(N57).AMAR|	|3(N57).AMAR|
|3(N57).BARA3|	|3(N57).BARA₃|
|3(N57).E2~b|	|3(N57).E₂~b|
|3(N57).GAR|	|3(N57).GAR|
|3(N57).NUNUZ~a1|	|3(N57).NUNUZ~a1|
|3(N57).NUNUZ~c|	|3(N57).NUNUZ~c|
|3(N57).PIRIG~b1|	|3(N57).PIRIG~b1|
|3(N57).SZUBUR|	|3(N57).ŠUBUR|
|3(N58).UR3~b1|	|3(N58).UR₃~b1|
|4(N57).AMAR|	|4(N57).AMAR|
|4(N57).GAR|	|4(N57).GAR|
|4(N57).KU3~a|	|4(N57).KU₃~a|
|4(N57).NI~b|	|4(N57).NI~b|
|5(N57).GAR|	|5(N57).GAR|
|5(N57).KU3~a|	|5(N57).KU₃~a|
|6(N57).GAR|	|6(N57).GAR|
|6(N57).KU3~a|	|6(N57).KU₃~a|
|8(N57).NI~b|	|8(N57).NI~b|
A2	A₂
AB2	AB₂
|AB2x2(N14)|	|AB₂×2(N14)|
AB~a@g	AB~a@g
AB~a	AB~a
|AB~ax1(N01)|	|AB~a×1(N01)|
|AB~axASZ2|	|AB~a×AŠ₂|
|AB~axA@t|	|AB~a×A@t|
|AB~axKU6~a|	|AB~a×KU₆~a|
|AB~axSUKKAL|	|AB~a×SUKKAL|
|AB~ax(SZE~a&SZE~a)|	|AB~a×(ŠE~a&ŠE~a)|
|AB~axX|	|AB~a×X|
|AB~axZATU659|	|AB~a×ZATU659|
AB~b	AB~b
|AB~bxA|	|AB~b×A|
|AB~bxKU6~a|	|AB~b×KU₆~a|
|AB~bxSZA3~a1|	|AB~b×ŠA₃~a1|
ABGAL	ABGAL
ABRIG	ABRIG
ABZU	ABZU
ADAB	ADAB
AD~a	AD~a
AD~b	AD~b
AD~c	AD~c
ADDA	ADDA
ADDA@t-2	ADDA@t
AGAR2	AGAR₂
A@g	A@g
A	A
AK~a	AK~a
AK~b	AK~b
ALAN~a	ALAN~a
ALAN~b	ALAN~b
ALAN~c	ALAN~c
ALAN~d	ALAN~d
ALAN~e	ALAN~e
ALAN~f	ALAN~f
ALIM	ALIM
AL	AL
AMA~a	AMA~a
|AMA~axE2~a|	|AMA~a×E₂~a|
AMA~b	AMA~b
AM~a	AM~a
|AMAR.1(N02)|	|AMAR.1(N02)|
|AMAR&AMAR|	|AMAR&AMAR|
AMAR@g	AMAR@g
AMAR	AMAR
|AMARxTAR|	|AMAR×TAR|
AM~b	AM~b
AN	AN
ANSZE~a	ANŠE~a
ANSZE~b	ANŠE~b
ANSZE~c	ANŠE~c
ANSZE~e	ANŠE~e
ANZU2	ANZU₂
|APIN~a.APIN~a|	|APIN~a.APIN~a|
APIN~a	APIN~a
APIN~b	APIN~b
APIN~c	APIN~c
ARARMA2~a	ARARMA₂~a
ARARMA2~b	ARARMA₂~b
ARATTA	ARATTA
ASAL2	ASAL₂
ASAR	ASAR
ASZ2	AŠ₂
A@t	A@t
|Ax1(N14)|	|A×1(N14)|
|AxAB2|	|A×AB₂|
|AxAN|	|A×AN|
|AxEN~a|	|A×EN~a|
|AxSZUBUR|	|A×ŠUBUR|
|AxZATU672|	|A×ZATU672|
AZ	AZ
AZU	AZU
BAD3~a	BAD₃~a
BAD3~b1	BAD₃~b1
BAD3~b2	BAD₃~b2
|BAD&BAD|	|BAD&BAD|
BAD	BAD
BAHAR2~a	BAHAR₂~a
BAHAR2~b	BAHAR₂~b
BAHAR2~c	BAHAR₂~c
BA	BA
BALA~a	BALA~a
BALA~b	BALA~b
BALAG	BALAG
BAN~a	BAN~a
BAN~b	BAN~b
BANSZUR~a	BANŠUR~a
BANSZUR~a@t	BANŠUR~a@t
BANSZUR~b1	BANŠUR~b1
BANSZUR~b2	BANŠUR~b2
BANSZUR~c	BANŠUR~c
BAPPIR~a	BAPPIR~a
BAPPIR~b	BAPPIR~b
BAPPIR~c	BAPPIR~c
BAPPIR~d	BAPPIR~d
BAPPIR~e	BAPPIR~e
BAPPIR~f	BAPPIR~f
BARA2~a	BARA₂~a
BARA2~b	BARA₂~b
BARA3	BARA₃
BAR	BAR
BIR3~a	BIR₃~a
BIR3~b	BIR₃~b
BIR3~c	BIR₃~c
BIR~a	BIR~a
BIR~b	BIR~b
BIR~c	BIR~c
BU3	BU₃
|(BU~a&BU~a).NA2~a|	|(BU~a&BU~a).NA₂~a|
|(BU~a&BU~a).NA2~a@n|	|(BU~a&BU~a).NA₂~a@n|
|(BU~a&BU~a).NA2~b|	|(BU~a&BU~a).NA₂~b|
|(BU~a&BU~a).X|	|(BU~a&BU~a).X|
|BU~a+DU6~a|	|BU~a+DU₆~a|
BU~a	BU~a
|BU~ax1(N58)|	|BU~a×1(N58)|
|BU~axA|	|BU~a×A|
|BU~axGISZ@t|	|BU~a×GIŠ@t|
BU~b	BU~b
|BU~b.NA2~a|	|BU~b.NA₂~a|
BULUG3	BULUG₃
BULUG	BULUG
BUR2	BUR₂
BUR~a	BUR~a
BUR~b	BUR~b
BUR~c	BUR~c
BUR~d	BUR~d
DA~a	DA~a
|DA~a.LISZ|	|DA~a.LIŠ|
DA~b	DA~b
DA~c	DA~c
DA~d	DA~d
DAG	DAG
DAH	DAH
DAM	DAM
DANNA	DANNA
DARA3~a	DARA₃~a
DARA3~b	DARA₃~b
DARA3~c	DARA₃~c
|DARA3~cxKAR2|	|DARA₃~c×KAR₂|
|DARA3~cx(KAR2.SZE~a)|	|DARA₃~c×(KAR₂.ŠE~a)|
DARA3~d	DARA₃~d
|DARA3~dxKAR2|	|DARA₃~d×KAR₂|
|DARA3~dx(KAR2.SZE~a)|	|DARA₃~d×(KAR₂.ŠE~a)|
DARA4~a1	DARA₄~a1
DARA4~a2	DARA₄~a2
DARA4~a3	DARA₄~a3
DARA4~b	DARA₄~b
DARA4~c1	DARA₄~c1
DARA4~c2	DARA₄~c2
DARA4~c3	DARA₄~c3
DARA4~c4	DARA₄~c4
DARA4~c5	DARA₄~c5
DAR~a	DAR~a
|DAR~axA|	|DAR~a×A|
DAR~b	DAR~b
DAR~c	DAR~c
DAR~d	DAR~d
DIB	DIB
DI	DI
DILMUN	DILMUN
DIM~a	DIM~a
|DIM~axGU|	|DIM~a×GU|
|DIM~axX|	|DIM~a×X|
DIM~b	DIM~b
DIM~c	DIM~c
DIN	DIN
DIN@t	DIN@t
DI@t	DI@t
DU6~a	DU₆~a
|DU6~axDISZ|	|DU₆~a×DIŠ|
DU6~b	DU₆~b
DU6~c	DU₆~c
DU7	DU₇
DU8~a	DU₈~a
DU8~b	DU₈~b
DU8~c@g	DU₈~c@g
DU8~c	DU₈~c
|DU8~cxHI|	|DU₈~c×HI|
|DU8~cxUDU~a|	|DU₈~c×UDU~a|
|DU8~cxX|	|DU₈~c×X|
DUB2	DUB₂
DUB~a	DUB~a
DUB~b	DUB~b
DUB~c	DUB~c
DUB~d	DUB~d
DUB~e	DUB~e
DUB~f	DUB~f
|(DUBxDISZ)~a|	|(DUB×DIŠ)~a|
|(DUBxDISZ)~b|	|(DUB×DIŠ)~b|
|(DUBxDISZ)~c|	|(DUB×DIŠ)~c|
DUG~a	DUG~a
|DUG~ax1(N57)|	|DUG~a×1(N57)|
|DUG~axHI|	|DUG~a×HI|
|DUG~axKASKAL|	|DUG~a×KASKAL|
|DUG~axLAM~b|	|DUG~a×LAM~b|
|DUG~axNAGA~a|	|DUG~a×NAGA~a|
|DUG~axU2~a|	|DUG~a×U₂~a|
|DUG~axU2~b|	|DUG~a×U₂~b|
|DUG~axX|	|DUG~a×X|
|(DUG~b&DUG~b)x1(N58)|	|(DUG~b&DUG~b)×1(N58)|
DUG~b	DUG~b
|DUG~bx1(N57)|	|DUG~b×1(N57)|
|DUG~bx(1(N57).KU3~a)|	|DUG~b×(1(N57).KU₃~a)|
|DUG~bx3(N57)|	|DUG~b×3(N57)|
|DUG~bxAB2|	|DUG~b×AB₂|
|DUG~bxANSZE~b|	|DUG~b×ANŠE~b|
|DUG~bxANSZE~d|	|DUG~b×ANŠE~d|
|DUG~bxBALA~a|	|DUG~b×BALA~a|
|DUG~bxBIR3~c|	|DUG~b×BIR₃~c|
|DUG~bxDIN|	|DUG~b×DIN|
|(DUG~bxDIN)@r|	|(DUG~b×DIN)@r|
|DUG~bxE~a|	|DUG~b×E~a|
|DUG~bxGA~a|	|DUG~b×GA~a|
|DUG~bxGA~b|	|DUG~b×GA~b|
|DUG~bxGESZTU~a|	|DUG~b×GEŠTU~a|
|DUG~bxGESZTU~b|	|DUG~b×GEŠTU~b|
|DUG~bxGI6|	|DUG~b×GI₆|
|DUG~bxGISZ|	|DUG~b×GIŠ|
|DUG~bxHI@g~a|	|DUG~b×HI@g~a|
|DUG~bxHI|	|DUG~b×HI|
|DUG~bxKASKAL|	|DUG~b×KASKAL|
|DUG~bxKU6~a|	|DUG~b×KU₆~a|
|DUG~bxKUR~a|	|DUG~b×KUR~a|
|DUG~bx(KUR~a.X)|	|DUG~b×(KUR~a.X)|
|DUG~bxKUR~b|	|DUG~b×KUR~b|
|DUG~bxKUR@g~a|	|DUG~b×KUR@g~a|
|DUG~bxLAM~a|	|DUG~b×LAM~a|
|DUG~bxMASZ|	|DUG~b×MAŠ|
|DUG~bxNAGA~a|	|DUG~b×NAGA~a|
|DUG~bxNAM2|	|DUG~b×NAM₂|
|DUG~bx(NI~a@g.ZATU779)|	|DUG~b×(NI~a@g.ZATU779)|
|DUG~bxSA~a|	|DUG~b×SA~a|
|DUG~bxSI4~a|	|DUG~b×SI₄~a|
|DUG~bx(SI4~a.X)|	|DUG~b×(SI₄~a.X)|
|DUG~bxSIG2~a1|	|DUG~b×SIG₂~a1|
|DUG~bxSIG2~a2|	|DUG~b×SIG₂~a2|
|DUG~bxSIG7|	|DUG~b×SIG₇|
|DUG~bxSUHUR|	|DUG~b×SUHUR|
|DUG~bxSZAH2~a|	|DUG~b×ŠAH₂~a|
|DUG~bxSZE~a|	|DUG~b×ŠE~a|
|DUG~bx(SZE~a.NAM2)|	|DUG~b×(ŠE~a.NAM₂)|
|DUG~bxTAK4~a|	|DUG~b×TAK₄~a|
|DUG~bx(TAK4~a.SA~a)|	|DUG~b×(TAK₄~a.SA~a)|
|DUG~bx(TAK4~a.SAL)|	|DUG~b×(TAK₄~a.SAL)|
|DUG~bxTI|	|DUG~b×TI|
|DUG~bxU2~a|	|DUG~b×U₂~a|
|DUG~bxU2~b|	|DUG~b×U₂~b|
|DUG~bxUH3~a|	|DUG~b×UH₃~a|
|DUG~bxUH3~a@t|	|DUG~b×UH₃~a@t|
|DUG~bxX|	|DUG~b×X|
|DUG~bxZATU707~a|	|DUG~b×ZATU707~a|
|DUG~bxZATU764|	|DUG~b×ZATU764|
|DUG~bxZATU779|	|DUG~b×ZATU779|
|DUG~bxZATU780|	|DUG~b×ZATU780|
|DUG~bxZATU781|	|DUG~b×ZATU781|
|DUG~bx(ZATU789.SA~a)|	|DUG~b×(ZATU789.SA~a)|
DUG~c	DUG~c
DUG~c@t	DUG~c@t
|DUG~cx1(N57)|	|DUG~c×1(N57)|
DUG~d	DUG~d
DU@g	DU@g
DUGUD	DUGUD
DU	DU
DUR2	DUR₂
DUR~a	DUR~a
DUR~b	DUR~b
|DUxDISZ|	|DU×DIŠ|
E2~a	E₂~a
|E2~a.LISZ|	|E₂~a.LIŠ|
|E2~ax1(N57)@t|	|E₂~a×1(N57)@t|
|E2~ax3(N58)|	|E₂~a×3(N58)|
E2~b	E₂~b
|E2~b.LISZ|	|E₂~b.LIŠ|
|E2~bx1(N57)@t|	|E₂~b×1(N57)@t|
E2~c	E₂~c
E2~d	E₂~d
E3~a	E₃~a
E3~b	E₃~b
E~a	E~a
E~b	E~b
E~c	E~c
EDIN	EDIN
E~d	E~d
E~e	E~e
|EN2.E2~a|	|EN₂.E₂~a|
|EN2.E2~b|	|EN₂.E₂~b|
EN2	EN₂
EN~a	EN~a
EN~b	EN~b
EN~b@t	EN~b@t
|EN~c&EN~c|	|EN~c&EN~c|
EN~c	EN~c
ENDIB	ENDIB
EN~e	EN~e
EN@g~a	EN@g~a
EN@g~b	EN@g~b
ENGIZ	ENGIZ
ENKUM	ENKUM
ENLIL	ENLIL
ENSI2	ENSI₂
ENSI	ENSI
ERIM2	ERIM₂
ERIM~a	ERIM~a
ERIM~b1	ERIM~b1
ERIM~b2	ERIM~b2
ERIN	ERIN
ESZDA	EŠDA
|ESZDAxTAR|	|EŠDA×TAR|
ESZGAR	EŠGAR
EZEN~a	EZEN~a
|EZEN~axEN~a|	|EZEN~a×EN~a|
|EZEN~axEN~b|	|EZEN~a×EN~b|
|EZEN~ax(HI.1(N57).AN)|	|EZEN~a×(HI.1(N57).AN)|
|EZEN~axKAB|	|EZEN~a×KAB|
|EZEN~axKI|	|EZEN~a×KI|
|EZEN~axLA~e|	|EZEN~a×LA~e|
|EZEN~axNIM~b2|	|EZEN~a×NIM~b2|
|EZEN~axNIMGIR|	|EZEN~a×NIMGIR|
|EZEN~axRAD~a|	|EZEN~a×RAD~a|
|EZEN~axSAG|	|EZEN~a×SAG|
|EZEN~axSU~a|	|EZEN~a×SU~a|
|EZEN~ax(U2~b.A)|	|EZEN~a×(U₂~b.A)|
|EZEN~axU4|	|EZEN~a×U₄|
|EZEN~axX|	|EZEN~a×X|
EZEN~b	EZEN~b
EZEN~b@t	EZEN~b@t
|EZEN~bx6(N57)|	|EZEN~b×6(N57)|
EZEN~c	EZEN~c
EZINU~a	EZINU~a
EZINU~b	EZINU~b
EZINU~c	EZINU~c
EZINU~d	EZINU~d
GA2~a1	GA₂~a1
|GA2~a1x1(N14)|	|GA₂~a1×1(N14)|
|GA2~a1x1(N57)|	|GA₂~a1×1(N57)|
|GA2~a1xA|	|GA₂~a1×A|
|GA2~a1xEN~b|	|GA₂~a1×EN~b|
|GA2~a1xGESZTU~c3|	|GA₂~a1×GEŠTU~c3|
|GA2~a1xGESZTU~c5|	|GA₂~a1×GEŠTU~c5|
|GA2~a1xGIR~a|	|GA₂~a1×GIR~a|
|GA2~a1x(GIR~a.KU6~a)|	|GA₂~a1×(GIR~a.KU₆~a)|
|GA2~a1xGISZ@t|	|GA₂~a1×GIŠ@t|
|GA2~a1xGU4|	|GA₂~a1×GU₄|
|GA2~a1xHAL|	|GA₂~a1×HAL|
|GA2~a1xHI|	|GA₂~a1×HI|
|GA2~a1x(HI.SUHUR)|	|GA₂~a1×(HI.SUHUR)|
|GA2~a1xKU3~a|	|GA₂~a1×KU₃~a|
|GA2~a1xKU6~a|	|GA₂~a1×KU₆~a|
|GA2~a1x(KU6~a.KU6~a)|	|GA₂~a1×(KU₆~a.KU₆~a)|
|GA2~a1xLAGAB~b|	|GA₂~a1×LAGAB~b|
|GA2~a1xMASZ|	|GA₂~a1×MAŠ|
|GA2~a1xNAGA~a|	|GA₂~a1×NAGA~a|
|GA2~a1xNUN~a|	|GA₂~a1×NUN~a|
|GA2~a1xPAD~b|	|GA₂~a1×PAD~b|
|GA2~a1xPAP~a|	|GA₂~a1×PAP~a|
|GA2~a1xSU~a|	|GA₂~a1×SU~a|
|GA2~a1xSUHUR|	|GA₂~a1×SUHUR|
|GA2~a1xSUKUD|	|GA₂~a1×SUKUD|
|GA2~a1x((SUKUD&SUKUD)~a)|	|GA₂~a1×((SUKUD&SUKUD)~a)|
|GA2~a1x((SUKUD&SUKUD)~b)|	|GA₂~a1×((SUKUD&SUKUD)~b)|
|GA2~a1xSUMASZ|	|GA₂~a1×SUMAŠ|
|GA2~a1xSZA|	|GA₂~a1×ŠA|
|GA2~a1xTI|	|GA₂~a1×TI|
|GA2~a1xU4|	|GA₂~a1×U₄|
|GA2~a1xX|	|GA₂~a1×X|
GA2~a2	GA₂~a2
|GA2~a2x3(N57)|	|GA₂~a2×3(N57)|
|GA2~a2xGU4|	|GA₂~a2×GU₄|
|GA2~a2x(GU4.SZE3)|	|GA₂~a2×(GU₄.ŠE₃)|
|GA2~a2xNI~a|	|GA₂~a2×NI~a|
|GA2~a2xNI~b|	|GA₂~a2×NI~b|
|GA2~a2xNIM~b1|	|GA₂~a2×NIM~b1|
|GA2~a2xSUHUR|	|GA₂~a2×SUHUR|
|GA2~a2xSZE3|	|GA₂~a2×ŠE₃|
|GA2~a2xX|	|GA₂~a2×X|
GA2~a3	GA₂~a3
|GA2~a3xX|	|GA₂~a3×X|
GA2~a4	GA₂~a4
GA2~b	GA₂~b
|GA2~bxDUB~a|	|GA₂~b×DUB~a|
|GA2~bxDUB~b|	|GA₂~b×DUB~b|
|GA2~bxKU3~a|	|GA₂~b×KU₃~a|
|GA2~bxZATU659|	|GA₂~b×ZATU659|
GA2~c	GA₂~c
GA~a	GA~a
GA'AR~a1	GAʾAR~a1
GA'AR~a2	GAʾAR~a2
GA'AR~b1	GAʾAR~b1
GA'AR~b2	GAʾAR~b2
|GA~axX|	|GA~a×X|
|GA~a.ZATU753|	|GA~a.ZATU753|
GA~b	GA~b
GA~c	GA~c
|GA~cx1(N14)|	|GA~c×1(N14)|
|GA~cxKASKAL|	|GA~c×KASKAL|
GADA~a	GADA~a
GADA~b@g	GADA~b@g
GADA~b	GADA~b
GAL~a	GAL~a
GAL~b	GAL~b
GALGA~a	GALGA~a
GALGA~b	GALGA~b
GAN2	GAN₂
GAN~a	GAN~a
GAN~b	GAN~b
GAN~c	GAN~c
|GAN~cxDIN|	|GAN~c×DIN|
|GAN~cx(HI.DIN)|	|GAN~c×(HI.DIN)|
|GAN~cxHI|	|GAN~c×HI|
|GAN~cxKASZ~c|	|GAN~c×KAŠ~c|
|GAN~cx(KUR~a.A)|	|GAN~c×(KUR~a.A)|
|GAN~cxLAGAB~b|	|GAN~c×LAGAB~b|
|GAN~cxNE~a|	|GAN~c×NE~a|
|GAN~cxSIG7|	|GAN~c×SIG₇|
|GAN~cxSZE3@t|	|GAN~c×ŠE₃@t|
|GAN~cxSZE~a|	|GAN~c×ŠE~a|
|GAN~cxX|	|GAN~c×X|
|GAN~cxZATU777|	|GAN~c×ZATU777|
GAN~d	GAN~d
|GAN~dxGESZTU~a|	|GAN~d×GEŠTU~a|
|GAN~dxHI|	|GAN~d×HI|
GAR3	GAR₃
GARA2~a	GARA₂~a
GARA2~b	GARA₂~b
GAR@g~a	GAR@g~a
GAR@g~b	GAR@g~b
GAR@g~c	GAR@g~c
GAR	GAR
GAZI	GAZI
GESZTIN~a	GEŠTIN~a
GESZTIN~c	GEŠTIN~c
|GESZTIN~cxX|	|GEŠTIN~c×X|
GESZTU~a	GEŠTU~a
|GESZTU~axSZE~a@t|	|GEŠTU~a×ŠE~a@t|
GESZTU~b	GEŠTU~b
GESZTU~c3	GEŠTU~c3
GESZTU~c5	GEŠTU~c5
|GI4~a&GI4~a|	|GI₄~a&GI₄~a|
GI4~a	GI₄~a
|GI4~axA|	|GI₄~a×A|
|GI4~b&GI4~b|	|GI₄~b&GI₄~b|
GI4~b	GI₄~b
GI6	GI₆
GIBIL6	GIBIL₆
GIBIL	GIBIL
GIBIL@t	GIBIL@t
|GI&GI&GI|	|GI&GI&GI|
|GI&GI|	|GI&GI|
|(GI&GI)xGISZ@t|	|(GI&GI)×GIŠ@t|
|(GI+&GI)xSZE3|	|(GI+&GI)×ŠE₃|
|(GI&GI)xX|	|(GI&GI)×X|
GIG	GIG
GI	GI
GIL	GIL
GIR2~a	GIR₂~a
GIR2~b	GIR₂~b
GIR3~a	GIR₃~a
|GIR3~axSZE~b|	|GIR₃~a×ŠE~b|
GIR3~b	GIR₃~b
GIR3~c	GIR₃~c
|GIR3~cxKAR2|	|GIR₃~c×KAR₂|
|GIR3~cxSZE3|	|GIR₃~c×ŠE₃|
GIR3@g~a	GIR₃@g~a
GIR3@g~b	GIR₃@g~b
GIR3@g~c	GIR₃@g~c
GIR4	GIR₄
GIR~a	GIR~a
|GIR~a.KU6~a|	|GIR~a.KU₆~a|
|GIR~b.GIR~b|	|GIR~b.GIR~b|
GIR~b	GIR~b
GIR~c	GIR~c
GIR~d	GIR~d
GISAL~a	GISAL~a
GISAL~b	GISAL~b
|GISZ3~a&GISZ3~a|	|GIŠ₃~a&GIŠ₃~a|
GISZ3~a	GIŠ₃~a
GISZ3~b	GIŠ₃~b
GISZGAL	GIŠGAL
GISZIMMAR~a1	GIŠIMMAR~a1
GISZIMMAR~a2	GIŠIMMAR~a2
GISZIMMAR~a3	GIŠIMMAR~a3
GISZIMMAR~b1	GIŠIMMAR~b1
GISZIMMAR~b3	GIŠIMMAR~b3
GISZ	GIŠ
|GISZ@t.E2~a|	|GIŠ@t.E₂~a|
|GISZ.TE|	|GIŠ.TE|
GISZ@t	GIŠ@t
|(GISZx(DIN.DIN))~a|	|(GIŠ×(DIN.DIN))~a|
|(GISZx(DIN.DIN))~b|	|(GIŠ×(DIN.DIN))~b|
|(GISZx(DIN.DIN))~c|	|(GIŠ×(DIN.DIN))~c|
GISZ~x	GIŠ~x
|GISZxSZU2~a|	|GIŠ×ŠU₂~a|
|GISZxSZU2~b|	|GIŠ×ŠU₂~b|
GI@t	GI@t
|GIx1(N14)|	|GI×1(N14)|
|GIx1(N58)@t|	|GI×1(N58)@t|
|GIxGISZ@t|	|GI×GIŠ@t|
|GIxKU~b1|	|GI×KU~b1|
|GIxLAGAB~a|	|GI×LAGAB~a|
|GIxNAM2|	|GI×NAM₂|
|GIxSIG2~d1|	|GI×SIG₂~d1|
|GIxSZE3|	|GI×ŠE₃|
|GIxX|	|GI×X|
GIZZAL~x	GIZZAL~x
GU2	GU₂
GU4@g	GU₄@g
GU4	GU₄
|GU4.ZATU755~a|	|GU₄.ZATU755~a|
GU7	GU₇
GUB3~a	GUB₃~a
GUB3~b	GUB₃~b
GUB3~c	GUB₃~c
GUB3~d	GUB₃~d
GUG2	GUG₂
GUG2@t	GUG₂@t
|GUG2xSILA3~a|	|GUG₂×SILA₃~a|
|GUG2xSZITA~a1|	|GUG₂×ŠITA~a1|
|GUG2xTUR|	|GUG₂×TUR|
GU	GU
|GUKKAL~a.HI@g~a|	|GUKKAL~a.HI@g~a|
GUKKAL~a	GUKKAL~a
GUKKAL~b	GUKKAL~b
GUKKAL~c	GUKKAL~c
GUKKAL~d	GUKKAL~d
GUL	GUL
GUM~a	GUM~a
GUM~b	GUM~b
GUM~b@n	GUM~b@n
GUN3~a	GUN₃~a
GUN3~b	GUN₃~b
GUR	GUR
GURUSZ~a	GURUŠ~a
|GURUSZ~ax2(N14)|	|GURUŠ~a×2(N14)|
GURUSZ~b	GURUŠ~b
|GURUSZ~bx2(N14)|	|GURUŠ~b×2(N14)|
|GURUSZ~cx2(N14)|	|GURUŠ~c×2(N14)|
GURUSZDA	GURUŠDA
HAL	HAL
HALUB	HALUB
HASZHUR	HAŠHUR
|HASZHURxMA|	|HAŠHUR×MA|
HI@g~a	HI@g~a
HI@g~b	HI@g~b
HI@g~c	HI@g~c
HI	HI
|HI.SUHUR|	|HI.SUHUR|
|HIx1(N01)F|	|HI×1(N01)F|
|(HIx1(N57))&(HI+1(N57))|	|(HI×1(N57))&(HI+1(N57))|
|HIx1(N57)|	|HI×1(N57)|
|HIx1(N57)@t|	|HI×1(N57)@t|
|HIx1(N58)|	|HI×1(N58)|
|HIxLAGAB~a|	|HI×LAGAB~a|
|HIxSZE3@t|	|HI×ŠE₃@t|
|HIxZATU707~a|	|HI×ZATU707~a|
HUB2	HUB₂
IB~a	IB~a
IB~a@n	IB~a@n
IB~b	IB~b
IDIGNA	IDIGNA
IG~a	IG~a
IG~b	IG~b
IGI	IGI
I	I
ILDUM~a	ILDUM~a
ILDUM~b	ILDUM~b
IL	IL
IM~a@g	IM~a@g
IM~a	IM~a
IM~b	IM~b
IN~b	IN~b
IN~d	IN~d
IR11	IR₁₁
|IR~a.GA2~a1|	|IR~a.GA₂~a1|
IR~a	IR~a
IR~b	IR~b
IR~c	IR~c
IR~d	IR~d
IRHAN	IRHAN
ISZ~a	IŠ~a
ISZ~b	IŠ~b
ISZ~c	IŠ~c
KA2~a	KA₂~a
KA2~b	KA₂~b
KA2~c	KA₂~c
KA2~d	KA₂~d
|KA2xLAM|	|KA₂×LAM|
KA~a	KA~a
|KA~a.SZE~a|	|KA~a.ŠE~a|
|KA~axSAR~a|	|KA~a×SAR~a|
KAB	KAB
|KABx1(N58)|	|KAB×1(N58)|
KAD4~a	KAD₄~a
KAD4~b	KAD₄~b
KAD4~c1	KAD₄~c1
KAD4~c2	KAD₄~c2
|KAK~a.GA2~a1|	|KAK~a.GA₂~a1|
KAK~a	KAK~a
KAK~b	KAK~b
KAL~a	KAL~a
KALAM~a	KALAM~a
KALAM~b	KALAM~b
KALAM~c	KALAM~c
KALAM~d	KALAM~d
KALAM~e	KALAM~e
KALAM~f	KALAM~f
KAL~b1	KAL~b1
KAL~b2	KAL~b2
KAR2~a	KAR₂~a
KAR2~b	KAR₂~b
KAR	KAR
KASKAL@g	KASKAL@g
KASKAL	KASKAL
KASZ~a	KAŠ~a
KASZ~b	KAŠ~b
KASZ~b@t	KAŠ~b@t
|KASZ~bxSZE~a|	|KAŠ~b×ŠE~a|
KASZ~c	KAŠ~c
KASZ~d	KAŠ~d
KESZ2	KEŠ₂
KIB@g	KIB@g
KIB	KIB
KID~a	KID~a
KID~b	KID~b
KID~c	KID~c
KID~d	KID~d
KID~e	KID~e
KI	KI
KIN2~a	KIN₂~a
KIN2~c	KIN₂~c
KIN2~d	KIN₂~d
KIN2~e	KIN₂~e
KINGAL	KINGAL
KI@n	KI@n
KIN	KIN
|KI@nxDUB~a|	|KI@n×DUB~a|
KIR11	KIR₁₁
KISAL~a1	KISAL~a1
KISAL~a2	KISAL~a2
KISAL~b1	KISAL~b1
KISAL~b2	KISAL~b2
KISAL~b2@t	KISAL~b2@t
KISAL~b3	KISAL~b3
KISIM~a	KISIM~a
KISIM~b	KISIM~b
KISIM~c	KISIM~c
KISZIK~a	KIŠIK~a
KISZIK~b	KIŠIK~b
KISZ	KIŠ
KITI	KITI
KU3~a	KU₃~a
KU3~c	KU₃~c
|KU6~a.1(N02)|	|KU₆~a.1(N02)|
|KU6~a+GISZ|	|KU₆~a+GIŠ|
KU6~a	KU₆~a
|KU6~a+KU6~a|	|KU₆~a+KU₆~a|
KU6~a@s	KU₆~a@s
KU6~c	KU₆~c
KU6~d	KU₆~d
KU~a	KU~a
KU~a@t	KU~a@t
KU~b1	KU~b1
KU~b2	KU~b2
KUN	KUN
|KUR~a.E2~a|	|KUR~a.E₂~a|
KUR~a	KUR~a
|KUR~a.NUNUZ~a1|	|KUR~a.NUNUZ~a1|
|KUR~b.E2~a|	|KUR~b.E₂~a|
KUR~b	KUR~b
KUR~c	KUR~c
KUR~d	KUR~d
KUR@g~a	KUR@g~a
KUR@g~b	KUR@g~b
KUSZU2~a	KUŠU₂~a
KUSZU2~b	KUŠU₂~b
KUSZU2~c	KUŠU₂~c
KUSZU2~d	KUŠU₂~d
KUSZU2~e	KUŠU₂~e
KUSZU2~f	KUŠU₂~f
LA2	LA₂
LA~b	LA~b
LA~c	LA~c
LA~d	LA~d
LA~e	LA~e
LAGAB~a	LAGAB~a
|LAGAB~ax2(N14)|	|LAGAB~a×2(N14)|
|LAGAB~axBA|	|LAGAB~a×BA|
|LAGAB~axBIR3~b|	|LAGAB~a×BIR₃~b|
|LAGAB~axDU6~b|	|LAGAB~a×DU₆~b|
|LAGAB~axKAK~a|	|LAGAB~a×KAK~a|
|LAGAB~axKU6~a|	|LAGAB~a×KU₆~a|
|LAGAB~ax(KU6~a+KU6~a)|	|LAGAB~a×(KU₆~a+KU₆~a)|
|LAGAB~axKUSZU2~b|	|LAGAB~a×KUŠU₂~b|
|LAGAB~axLAGAB~a|	|LAGAB~a×LAGAB~a|
|LAGAB~axME~a|	|LAGAB~a×ME~a|
|LAGAB~axNUN~b|	|LAGAB~a×NUN~b|
|LAGAB~axPA~a|	|LAGAB~a×PA~a|
|LAGAB~axSIG7|	|LAGAB~a×SIG₇|
|LAGAB~axSI|	|LAGAB~a×SI|
|LAGAB~axSU~a|	|LAGAB~a×SU~a|
|LAGAB~axSZA|	|LAGAB~a×ŠA|
|LAGAB~axSZITA~a1|	|LAGAB~a×ŠITA~a1|
|LAGAB~axTI|	|LAGAB~a×TI|
|LAGAB~axU4|	|LAGAB~a×U₄|
|LAGAB~axUB|	|LAGAB~a×UB|
|LAGAB~axX|	|LAGAB~a×X|
|LAGAB~axZATU753|	|LAGAB~a×ZATU753|
LAGAB~b	LAGAB~b
|LAGAB~bx1(N01)|	|LAGAB~b×1(N01)|
|LAGAB~bxBANSZUR~a|	|LAGAB~b×BANŠUR~a|
|LAGAB~bxGA'AR~a1|	|LAGAB~b×GAʾAR~a1|
|LAGAB~bxHI|	|LAGAB~b×HI|
|LAGAB~bxKUR~e|	|LAGAB~b×KUR~e|
|LAGAB~bxLAGAB~b|	|LAGAB~b×LAGAB~b|
|LAGAB~bxPA~a|	|LAGAB~b×PA~a|
|LAGAB~bxSI|	|LAGAB~b×SI|
|LAGAB~bxSUH3|	|LAGAB~b×SUH₃|
|LAGAB~bxSZITA~c|	|LAGAB~b×ŠITA~c|
|LAGAB~bxU4|	|LAGAB~b×U₄|
|LAGAB~bxX|	|LAGAB~b×X|
LAGAR~a	LAGAR~a
LAGAR~a@r	LAGAR~a@r
LAGAR~b1	LAGAR~b1
LAGAR~b2	LAGAR~b2
LAGAR~c	LAGAR~c
LAHTAN2	LAHTAN₂
LAK025	LAK025
LAK050	LAK050
LAK172	LAK172
LAK251	LAK251
LAK350	LAK350
LAK777	LAK777
LAL2~a	LAL₂~a
|LAL2~axEZEN~a|	|LAL₂~a×EZEN~a|
|LAL2~axNIM~b2|	|LAL₂~a×NIM~b2|
LAL2~b	LAL₂~b
LAL3~a	LAL₃~a
LAL3~b	LAL₃~b
LAL3~c	LAL₃~c
LAM~a	LAM~a
LAM~b	LAM~b
LAM~b@r	LAM~b@r
LAM~b@s	LAM~b@s
LAM~b@t	LAM~b@t
LAM~c	LAM~c
LI	LI
LISZ	LIŠ
LU2	LU₂
LU2@t	LU₂@t
|LU2xGESZTU~c3|	|LU₂×GEŠTU~c3|
LUGAL	LUGAL
LUM	LUM
MA2	MA₂
MAGUR~a	MAGUR~a
MAGUR~b	MAGUR~b
MAH~a	MAH~a
|MAH~axAB2|	|MAH~a×AB₂|
|MAH~axGUKKAL~a|	|MAH~a×GUKKAL~a|
|MAH~axKU6~a|	|MAH~a×KU₆~a|
|MAH~axMASZ|	|MAH~a×MAŠ|
|MAH~axNA~a|	|MAH~a×NA~a|
|MAH~ax(SILA3~axUMBIN~a)|	|MAH~a×(SILA₃~a×UMBIN~a)|
|MAH~axTUG2~a|	|MAH~a×TUG₂~a|
|MAH~axUD5~a|	|MAH~a×UD₅~a|
|MAH~axUDU~a|	|MAH~a×UDU~a|
|MAH~axUR~a|	|MAH~a×UR~a|
|MAH~axUTUA~a|	|MAH~a×UTUA~a|
|MAH~axX|	|MAH~a×X|
|MAH~axZATU659|	|MAH~a×ZATU659|
MAH~b	MAH~b
|MAH~bxKU6~a|	|MAH~b×KU₆~a|
|MAH~bxMASZ|	|MAH~b×MAŠ|
|MAH~bxNA~a|	|MAH~b×NA~a|
|MAH~bxSAL|	|MAH~b×SAL|
MA	MA
MAR~a	MAR~a
MAR~a@t	MAR~a@t
MAR~b	MAR~b
|MAR~bx(LAGAB~b.SZE3)|	|MAR~b×(LAGAB~b.ŠE₃)|
|MAR~bxSZE~a|	|MAR~b×ŠE~a|
|MAR~bxX|	|MAR~b×X|
MASZ2@g	MAŠ₂@g
MASZ2	MAŠ₂
MASZ	MAŠ
|MAx1(N58)|	|MA×1(N58)|
|MAx2(N57)|	|MA×2(N57)|
|MAxA|	|MA×A|
|MAxMA|	|MA×MA|
|MAxX|	|MA×X|
ME3	ME₃
ME~a	ME~a
ME~b	ME~b
MEN~a	MEN~a
MEN~b	MEN~b
MES	MES
MIR~a	MIR~a
MIR~b	MIR~b
MUD3~a@g	MUD₃~a@g
|MUD3~a@gxGU|	|MUD₃~a@g×GU|
MUD3~a	MUD₃~a
MUD3~b	MUD₃~b
MUD3~c	MUD₃~c
MUD3~d	MUD₃~d
MUD	MUD
MU	MU
MUL	MUL
MUN~a1	MUN~a1
MUN~a2	MUN~a2
MUN~a3	MUN~a3
MUN~a4	MUN~a4
MUN~b	MUN~b
MUNSZUB~a	MUNŠUB~a
MUNSZUB~b	MUNŠUB~b
MUNU3	MUNU₃
MURUB2	MURUB₂
MUSZ3~a@g	MUŠ₃~a@g
MUSZ3~a	MUŠ₃~a
MUSZ3~b	MUŠ₃~b
MUSZEN	MUŠEN
|MUSZEN.UR3~b2|	|MUŠEN.UR₃~b2|
|MUSZENx1(N57)|	|MUŠEN×1(N57)|
|MUSZENx2(N57)|	|MUŠEN×2(N57)|
|MUSZENx3(N57)|	|MUŠEN×3(N57)|
|MUSZENxPAP~a|	|MUŠEN×PAP~a|
|MUSZENxX|	|MUŠEN×X|
MUSZ	MUŠ
NA2~a	NA₂~a
NA2~b1	NA₂~b1
NA2~b2	NA₂~b2
NA~a	NA~a
NA~b	NA~b
NAB	NAB
NA~c	NA~c
NA~d	NA~d
NAGA~a	NAGA~a
|NAGA~axTAK4~a|	|NAGA~a×TAK₄~a|
NAGA~b	NAGA~b
NAGAR~a	NAGAR~a
NAGAR~b	NAGAR~b
NAM2@g	NAM₂@g
NAM2	NAM₂
NAM2@t	NAM₂@t
|NAM2x1(N01)|	|NAM₂×1(N01)|
NAM~a	NAM~a
NAM~b	NAM~b
NAM~c	NAM~c
NAM~d	NAM~d
NAMESZDA	NAMEŠDA
NANNA~a	NANNA~a
NANNA~b	NANNA~b
NANSZE~a	NANŠE~a
NANSZE~b	NANŠE~b
NAR	NAR
NE~a	NE~a
NE~b	NE~b
NE~c	NE~c
NE~d	NE~d
NERGAL~x	NERGAL~x
NESAG2~a	NESAG₂~a
NESAG2~b	NESAG₂~b
NESAG2~b@t	NESAG₂~b@t
NI2	NI₂
NI~a@g	NI~a@g
NI~a	NI~a
|NI~a.RU|	|NI~a.RU|
|NI~ax1(N57)|	|NI~a×1(N57)|
NI~b	NI~b
|NI~bx4(N57)|	|NI~b×4(N57)|
|NI~bxX|	|NI~b×X|
NIGIN	NIGIN
NIM~a	NIM~a
NIM~b1	NIM~b1
NIM~b2	NIM~b2
NIM~b3	NIM~b3
NIMGIR	NIMGIR
NINDA2	NINDA₂
|NINDA2x1(N01)|	|NINDA₂×1(N01)|
|NINDA2x1(N06)|	|NINDA₂×1(N06)|
|NINDA2x1(N08)|	|NINDA₂×1(N08)|
|NINDA2x2(N01)|	|NINDA₂×2(N01)|
|NINDA2x(AN.HI)|	|NINDA₂×(AN.HI)|
|NINDA2xAN|	|NINDA₂×AN|
|NINDA2x(AN.ME~a)|	|NINDA₂×(AN.ME~a)|
|NINDA2x(AN.X)|	|NINDA₂×(AN.X)|
|NINDA2xBA|	|NINDA₂×BA|
|NINDA2xEZEN~b|	|NINDA₂×EZEN~b|
|NINDA2xGA'AR~a1|	|NINDA₂×GAʾAR~a1|
|NINDA2xGAR|	|NINDA₂×GAR|
|NINDA2x(GISZ.DAR~a)|	|NINDA₂×(GIŠ.DAR~a)|
|NINDA2xGISZ|	|NINDA₂×GIŠ|
|NINDA2xGU4|	|NINDA₂×GU₄|
|NINDA2xGUDU4|	|NINDA₂×GUDU₄|
|NINDA2x(HI.AN.ME~a)|	|NINDA₂×(HI.AN.ME~a)|
|NINDA2x(HI@g~a.1(N06))|	|NINDA₂×(HI@g~a.1(N06))|
|NINDA2xHI|	|NINDA₂×HI|
|NINDA2x(HI+ME~a)|	|NINDA₂×(HI.ME~a)|
|NINDA2x(HI.X)|	|NINDA₂×(HI.X)|
|NINDA2xKASZ~b|	|NINDA₂×KAŠ~b|
|NINDA2xMAR~b|	|NINDA₂×MAR~b|
|NINDA2xNE~a|	|NINDA₂×NE~a|
|NINDA2xSZIM~a|	|NINDA₂×ŠIM~a|
|NINDA2xU4|	|NINDA₂×U₄|
|NINDA2x(U4.X)|	|NINDA₂×(U₄.X)|
|NINDA2x((UDU~axTAR)~a)|	|NINDA₂×((UDU~a×TAR)~a)|
|NINDA2x((UDU~axTAR)~b)|	|NINDA₂×((UDU~a×TAR)~b)|
|NINDA2xX|	|NINDA₂×X|
|NINDA2x(X.MASZ)|	|NINDA₂×(X.MAŠ)|
|NINDA2x(ZATU659x1(N01))|	|NINDA₂×(ZATU659×1(N01))|
NIN	NIN
NINKUM	NINKUM
NINLIL	NINLIL
NIR~a	NIR~a
|NIR~axAN|	|NIR~a×AN|
NIR~b	NIR~b
NU11	NU₁₁
|NU11&NU11|	|NU₁₁&NU₁₁|
NU11@t	NU₁₁@t
NU@g	NU@g
NU	NU
NUMUN2	NUMUN₂
NUMUN	NUMUN
|NUN~a+A|	|NUN~a+A|
|NUN~a+EN~a|	|NUN~a+EN~a|
|NUN~a+EN~b|	|NUN~a+EN~b|
|NUN~a+EN~d|	|NUN~a+EN~d|
NUN~a	NUN~a
|NUN~a+NAM2|	|NUN~a+NAM₂|
|NUN~b+EN~a|	|NUN~b+EN~a|
NUN~b	NUN~b
NUN~c	NUN~c
NUN~d	NUN~d
NUNUZ~a0	NUNUZ~a0
NUNUZ~a1	NUNUZ~a1
NUNUZ~a1@t	NUNUZ~a1@t
NUNUZ~a2	NUNUZ~a2
NUNUZ~b1	NUNUZ~b1
NUNUZ~b2	NUNUZ~b2
NUNUZ~c	NUNUZ~c
PA3	PA₃
PA~a	PA~a
PA~b	PA~b
PAD~a	PAD~a
PAD~b	PAD~b
PAP~a	PAP~a
PAP~a@t	PAP~a@t
PAP~b	PAP~b
PIRIG~a1	PIRIG~a1
PIRIG~a2	PIRIG~a2
PIRIG~a3	PIRIG~a3
PIRIG~b1	PIRIG~b1
|PIRIG~b1xUR2|	|PIRIG~b1×UR₂|
PIRIG~b2	PIRIG~b2
PU2	PU₂
RAD~a@g	RAD~a@g
RAD~a	RAD~a
RAD~a@t	RAD~a@t
RAD~b	RAD~b
RA	RA
RI8~a	RI₈~a
RI8~b	RI₈~b
RI	RI
RI~x	RI~x
RU	RU
RU@t	RU@t
SA~a	SA~a
SA~c	SA~c
SAG@g	SAG@g
SAG	SAG
SAG@n	SAG@n
SAGSZU	SAGŠU
|SAGx1(N14)|	|SAG×1(N14)|
|SAGxGESZTU~a|	|SAG×GEŠTU~a|
|SAGxGESZTU~b|	|SAG×GEŠTU~b|
|SAGxGESZTU~c|	|SAG×GEŠTU~c|
|SAGxLAM~c|	|SAG×LAM~c|
|SAGxMA|	|SAG×MA|
|SAGxSAR~a|	|SAG×SAR~a|
SAL	SAL
|SAL.KUR~a|	|SAL.KUR~a|
|SAL.LAM~b|	|SAL.LAM~b|
|SAL.SZU2|	|SAL.ŠU₂|
|SALx1(N58)|	|SAL×1(N58)|
SANGA~a	SANGA~a
SANGA~b	SANGA~b
SANGA~c	SANGA~c
SAR~a	SAR~a
|SAR~axSZE~a|	|SAR~a×ŠE~a|
SAR~b	SAR~b
SAR~c	SAR~c
SI4~a	SI₄~a
SI4~b	SI₄~b
SI4~c	SI₄~c
SI4~d	SI₄~d
SI4~f	SI₄~f
SIG2~a1	SIG₂~a1
SIG2~a2	SIG₂~a2
SIG2~a3	SIG₂~a3
SIG2~a4	SIG₂~a4
SIG2~b	SIG₂~b
|SIG2~b.SIG2~b|	|SIG₂~b.SIG₂~b|
|SIG2~bx1(N14)|	|SIG₂~b×1(N14)|
SIG2~c1	SIG₂~c1
SIG2~c2	SIG₂~c2
SIG2~d1	SIG₂~d1
SIG2~d2	SIG₂~d2
SIG2~d3	SIG₂~d3
SIG2~d4	SIG₂~d4
SIG2~e	SIG₂~e
SIG4	SIG₄
SIG7	SIG₇
SIG@g	SIG@g
SIG	SIG
|SIGx1(N57)|	|SIG×1(N57)|
SI	SI
SIKIL	SIKIL
SILA3~a	SILA₃~a
|SILA3~ax1(N57)|	|SILA₃~a×1(N57)|
|SILA3~ax1(N58)|	|SILA₃~a×1(N58)|
|SILA3~axA|	|SILA₃~a×A|
|SILA3~axAMAR|	|SILA₃~a×AMAR|
|SILA3~axDUG~a|	|SILA₃~a×DUG~a|
|SILA3~axDUG~b|	|SILA₃~a×DUG~b|
|SILA3~axGA~a|	|SILA₃~a×GA~a|
|SILA3~axGARA2~a|	|SILA₃~a×GARA₂~a|
|SILA3~axGESZTU~a|	|SILA₃~a×GEŠTU~a|
|SILA3~axGESZTU~c3|	|SILA₃~a×GEŠTU~c3|
|SILA3~axGESZTU~c5|	|SILA₃~a×GEŠTU~c5|
|SILA3~axHASZHUR|	|SILA₃~a×HAŠHUR|
|SILA3~axHI@g~a|	|SILA₃~a×HI@g~a|
|SILA3~axHI|	|SILA₃~a×HI|
|SILA3~axIB~a|	|SILA₃~a×IB~a|
|SILA3~axKASZ~a|	|SILA₃~a×KAŠ~a|
|SILA3~axKASZ~c|	|SILA₃~a×KAŠ~c|
|SILA3~axKASZ~d|	|SILA₃~a×KAŠ~d|
|SILA3~axKU6~a|	|SILA₃~a×KU₆~a|
|SILA3~axKUR~a|	|SILA₃~a×KUR~a|
|SILA3~axMA|	|SILA₃~a×MA|
|SILA3~axMASZ|	|SILA₃~a×MAŠ|
|SILA3~axNAGA~a|	|SILA₃~a×NAGA~a|
|SILA3~axNI~a|	|SILA₃~a×NI~a|
|SILA3~axNUN~b|	|SILA₃~a×NUN~b|
|SILA3~axSUHUR|	|SILA₃~a×SUHUR|
|SILA3~axSUM~a|	|SILA₃~a×SUM~a|
|SILA3~axSUM~b|	|SILA₃~a×SUM~b|
|SILA3~axSZE~a|	|SILA₃~a×ŠE~a|
|SILA3~axSZE~a@t|	|SILA₃~a×ŠE~a@t|
|SILA3~axSZU2|	|SILA₃~a×ŠU₂|
|SILA3~axSZU|	|SILA₃~a×ŠU|
|SILA3~axX|	|SILA₃~a×X|
|SILA3~axZATU629|	|SILA₃~a×ZATU629|
|SILA3~axZATU646|	|SILA₃~a×ZATU646|
|SILA3~ax(ZATU659.TU~c)|	|SILA₃~a×(ZATU659.TU~c)|
SILA3~b	SILA₃~b
|SILA3~bxDUG~a|	|SILA₃~b×DUG~a|
|SILA3~bxGUG2|	|SILA₃~b×GUG₂|
|SILA3~bxNAGA~b|	|SILA₃~b×NAGA~b|
|SILA3~bxNI~a|	|SILA₃~b×NI~a|
|SILA3~bxNI~b|	|SILA₃~b×NI~b|
SILA3~c	SILA₃~c
|SILA3~cxSZU|	|SILA₃~c×ŠU|
|SILA3~cxZATU687|	|SILA₃~c×ZATU687|
|SILA3~dxNI~a|	|SILA₃~d×NI~a|
SILA4~a	SILA₄~a
SILA4~b	SILA₄~b
SILA4~c	SILA₄~c
SILA4~d	SILA₄~d
SILANITA	SILANITA
SIMUG	SIMUG
SIPA	SIPA
|SIxGU4|	|SI×GU₄|
|SIxSZE3|	|SI×ŠE₃|
SU3	SU₃
SU~a	SU~a
|SU~ax1(N58)|	|SU~a×1(N58)|
SU~b	SU~b
SUG5	SUG₅
SUG	SUG
SUH3	SUH₃
SUHUR@g	SUHUR@g
SUHUR	SUHUR
SUHUR@n	SUHUR@n
SUKKAL	SUKKAL
SUKUD@g~a	SUKUD@g~a
SUKUD@g~b	SUKUD@g~b
SUKUD@g~c	SUKUD@g~c
SUKUD@g~d	SUKUD@g~d
SUKUD	SUKUD
|(SUKUD+SUKUD)~a|	|(SUKUD+SUKUD)~a|
|(SUKUD+SUKUD)~b|	|(SUKUD+SUKUD)~b|
|(SUKUD+SUKUD)~c|	|(SUKUD+SUKUD)~c|
|(SUKUD+SUKUD)~d|	|(SUKUD+SUKUD)~d|
SUM~a	SUM~a
SUMASZ	SUMAŠ
SUM~a@t	SUM~a@t
SUM~b	SUM~b
SUR	SUR
SUSA	SUSA
SZA3~a1	ŠA₃~a1
SZA3~a2	ŠA₃~a2
SZA3~b	ŠA₃~b
SZA3~c	ŠA₃~c
SZA3~d	ŠA₃~d
SZAB~a	ŠAB~a
SZAB~b	ŠAB~b
SZAGAN	ŠAGAN
SZAGINA	ŠAGINA
SZA@g	ŠA@g
SZAH2~a	ŠAH₂~a
SZAH2~b	ŠAH₂~b
SZAH2~c	ŠAH₂~c
SZA	ŠA
SZAKIR~a	ŠAKIR~a
SZAKIR~b	ŠAKIR~b
SZAKIR~c	ŠAKIR~c
SZAM2	ŠAM₂
SZANDANA~a	ŠANDANA~a
SZANDANA~b	ŠANDANA~b
|(SZAxHI@g~a)~a|	|(ŠA×HI@g~a)~a|
|(SZAxHI@g~a)~b|	|(ŠA×HI@g~a)~b|
SZE3	ŠE₃
SZE3@t	ŠE₃@t
SZE~a	ŠE~a
|SZE~a.KIN2~c|	|ŠE~a.KIN₂~c|
|SZE~a.NAM2|	|ŠE~a.NAM₂|
|SZE~a&SZE~a|	|ŠE~a&ŠE~a|
SZE~a@t	ŠE~a@t
SZE~b	ŠE~b
SZE~c	ŠE~c
SZEG9	ŠEG₉
SZELU	ŠELU
SZEN~a	ŠEN~a
SZEN~b	ŠEN~b
SZEN~c	ŠEN~c
SZEN~c@t	ŠEN~c@t
SZEN~d	ŠEN~d
|SZEN~dxA|	|ŠEN~d×A|
SZEN~e	ŠEN~e
SZENNUR~a	ŠENNUR~a
SZENNUR~b	ŠENNUR~b
SZESZ~a	ŠEŠ~a
SZESZ~b	ŠEŠ~b
SZIDIM	ŠIDIM
SZIDIM@t	ŠIDIM@t
SZIM~a	ŠIM~a
SZIM~b	ŠIM~b
SZIR~a	ŠIR~a
SZIR~b	ŠIR~b
SZITA~a1	ŠITA~a1
|SZITA~a1x1(N06)|	|ŠITA~a1×1(N06)|
|SZITA~a1xKAK~a|	|ŠITA~a1×KAK~a|
|SZITA~a1xSZU2|	|ŠITA~a1×ŠU₂|
|SZITA~a1xSZU|	|ŠITA~a1×ŠU|
|SZITA~a1xUDU~a|	|ŠITA~a1×UDU~a|
SZITA~a2	ŠITA~a2
SZITA~a3	ŠITA~a3
SZITA~b1	ŠITA~b1
|SZITA~b1xHI@g~a|	|ŠITA~b1×HI@g~a|
SZITA~b2	ŠITA~b2
SZITA~b3	ŠITA~b3
|SZITA~b3xNAM2|	|ŠITA~b3×NAM₂|
SZITA~c	ŠITA~c
SZITA@g~a	ŠITA@g~a
|SZITA@g~ax1(N04)|	|ŠITA@g~a×1(N04)|
|SZITA@g~ax1(N06)|	|ŠITA@g~a×1(N06)|
SZITA@g~b	ŠITA@g~b
SZU12	ŠU₁₂
|SZU2.1(N02)|	|ŠU₂.1(N02)|
|SZU2.2(N57)|	|ŠU₂.2(N57)|
|SZU2.AN|	|ŠU₂.AN|
|SZU2.E2~a|	|ŠU₂.E₂~a|
|SZU2.E2~b|	|ŠU₂.E₂~b|
|SZU2.EN~a|	|ŠU₂.EN~a|
|SZU2.EN~b|	|ŠU₂.EN~b|
|SZU2.GISZ|	|ŠU₂.GIŠ|
|SZU2.((HI+1(N57))+(HI+1(N57)))|	|ŠU₂.((HI+1(N57))+(HI+1(N57)))|
SZU2	ŠU₂
|SZU2.URI3~a|	|ŠU₂.URI₃~a|
SZUBUR	ŠUBUR
SZU@g	ŠU@g
SZU	ŠU
SZUM	ŠUM
SZUR2~a	ŠUR₂~a
SZUR2~b	ŠUR₂~b
SZURUPPAK~a	ŠURUPPAK~a
SZURUPPAK~b	ŠURUPPAK~b
SZURUPPAK~c	ŠURUPPAK~c
SZU@s	ŠU@s
|SZU&SZU|	|ŠU&ŠU|
|SZUx1(N58)|	|ŠU×1(N58)|
TA~a	TA~a
TA~b	TA~b
TA~c	TA~c
TA~d	TA~d
|TA~dxMASZ|	|TA~d×MAŠ|
TA~e	TA~e
TA~f	TA~f
TAG~a1	TAG~a1
TAG~a1@t	TAG~a1@t
TAG~a2	TAG~a2
TAG~a3	TAG~a3
TAG~a4	TAG~a4
TAG~b	TAG~b
TAG~c	TAG~c
TAG~d	TAG~d
TAK4~a	TAK₄~a
TAK4~a@n	TAK₄~a@n
TAK4~c	TAK₄~c
TAR~a	TAR~a
TAR~d	TAR~d
TE	TE
TIDNUM	TIDNUM
TI@g	TI@g
TI	TI
TILLA2	TILLA₂
TI@r	TI@r
TI@t	TI@t
TU~a	TU~a
TU~b	TU~b
TU~c	TU~c
|TUG2~a.(BAD&BAD)|	|TUG₂~a.(BAD&BAD)|
TUG2~a@g	TUG₂~a@g
TUG2~a	TUG₂~a
TUG2~b	TUG₂~b
TUG2~c	TUG₂~c
TUG2~d	TUG₂~d
TUM~a@g	TUM~a@g
TUM~a	TUM~a
TUM~b	TUM~b
TUM~c	TUM~c
TUM~d	TUM~d
TUN3~a	TUN₃~a
TUN3~b	TUN₃~b
TUN3~c	TUN₃~c
TUR3~a	TUR₃~a
TUR3~a@n	TUR₃~a@n
TUR3~b	TUR₃~b
|TUR3~bxTAK4~a|	|TUR₃~b×TAK₄~a|
TUR3~c	TUR₃~c
TUR@g	TUR@g
TUR	TUR
|TURxX|	|TUR×X|
U2~a	U₂~a
U2~b	U₂~b
U2~c	U₂~c
|U4.1(N08)|	|U₄.1(N08)|
|U4.(1(N14).3(N08))|	|U₄.(1(N14).3(N08))|
|U4.(1(N14).4(N08))|	|U₄.(1(N14).4(N08))|
|U4.(1(N14).5(N08))|	|U₄.(1(N14).5(N08))|
|U4.(1(N14).8(N08))|	|U₄.(1(N14).8(N08))|
|U4.1(N14)|	|U₄.1(N14)|
|U4.2(N08)|	|U₄.2(N08)|
|U4.2(N14)|	|U₄.2(N14)|
|U4.3(N08)|	|U₄.3(N08)|
|U4.4(N08)|	|U₄.4(N08)|
|U4.5(N08)|	|U₄.5(N08)|
|U4.6(N08)|	|U₄.6(N08)|
|U4.7(N08)|	|U₄.7(N08)|
|U4.8(N08)|	|U₄.8(N08)|
U4	U₄
|U4.SZU2|	|U₄.ŠU₂|
U4@t	U₄@t
|U4x10(N57)|	|U₄×10(N57)|
|U4x1(N01).5(N08)|	|U₄×1(N01).5(N08)|
|U4x1(N01)F|	|U₄×1(N01)F|
|U4x1(N01)|	|U₄×1(N01)|
|U4x(1(N14).2(N01))|	|U₄×(1(N14).2(N01))|
|U4x(1(N14).4(N01))|	|U₄×(1(N14).4(N01))|
|U4x(1(N14).8(N01))|	|U₄×(1(N14).8(N01))|
|U4x1(N14)|	|U₄×1(N14)|
|U4x1(N57)|	|U₄×1(N57)|
|U4x1(N58)@t|	|U₄×1(N58)@t|
|U4x2(N01).(2(N14).1(N08))|	|U₄×2(N01).(2(N14).1(N08))|
|U4x2(N01).2(N14)|	|U₄×2(N01).2(N14)|
|U4x2(N01)|	|U₄×2(N01)|
|U4x2(N01).X|	|U₄×2(N01).X|
|U4x(2(N14).4(N01))|	|U₄×(2(N14).4(N01))|
|U4x2(N14)|	|U₄×2(N14)|
|U4x2(N57)|	|U₄×2(N57)|
|U4x3(N01).3(N08)|	|U₄×3(N01).3(N08)|
|U4x3(N01)|	|U₄×3(N01)|
|U4x(3(N14).2(N01))|	|U₄×(3(N14).2(N01))|
|U4x(3(N14).7(N01))|	|U₄×(3(N14).7(N01))|
|U4x3(N57)|	|U₄×3(N57)|
|U4x4(N01).2(N14)|	|U₄×4(N01).2(N14)|
|U4x4(N01)|	|U₄×4(N01)|
|U4x4(N57)|	|U₄×4(N57)|
|U4x5(N01).1(N14)|	|U₄×5(N01).1(N14)|
|U4x5(N01)|	|U₄×5(N01)|
|U4x5(N57)|	|U₄×5(N57)|
|U4x6(N01)|	|U₄×6(N01)|
|U4x6(N57)|	|U₄×6(N57)|
|U4x7(N57)|	|U₄×7(N57)|
|U4x8(N01)|	|U₄×8(N01)|
|U4x8(N01).X|	|U₄×8(N01).X|
|U4x8(N57)|	|U₄×8(N57)|
|U4x(X+2(N01))|	|U₄×(X+2(N01))|
|U4xX|	|U₄×X|
|U4x(X(N01))|	|U₄×(X(N01))|
U8	U₈
|(U8xTAR)~b|	|(U₈×TAR)~b|
UBI~a	UBI~a
UBI~c	UBI~c
UB	UB
UD5~a@g	UD₅~a@g
UD5~a	UD₅~a
UD5~b	UD₅~b
UD5~c	UD₅~c
UDU~a	UDU~a
|(UDU~axTAR)~a|	|(UDU~a×TAR)~a|
|(UDU~axTAR)~b|	|(UDU~a×TAR)~b|
UDU~b	UDU~b
UDU~c	UDU~c
UDUNITA~a	UDUNITA~a
UDUNITA~b	UDUNITA~b
UDUNITA~c	UDUNITA~c
UET2_405	BAU405
UH3~a	UH₃~a
UH3~a@t	UH₃~a@t
UH3~b	UH₃~b
UH	UH
UKKIN~a	UKKIN~a
UKKIN~b	UKKIN~b
|UKKIN~bx2(N01)|	|UKKIN~b×2(N01)|
|UKKIN~bx3(N01)|	|UKKIN~b×3(N01)|
|UKKIN~bx5(N01)|	|UKKIN~b×5(N01)|
|UKKIN~bx(DIN.1(N01))|	|UKKIN~b×(DIN.1(N01))|
|UKKIN~bxDIN|	|UKKIN~b×DIN|
|UKKIN~bxDUG~a|	|UKKIN~b×DUG~a|
|UKKIN~bxHI@g~a|	|UKKIN~b×HI@g~a|
|UKKIN~bxNI~a|	|UKKIN~b×NI~a|
|UKKIN~bxX|	|UKKIN~b×X|
UKKIN~c	UKKIN~c
UMBIN~a	UMBIN~a
UMBIN~b1	UMBIN~b1
UMBIN~b2	UMBIN~b2
UMBIN~c	UMBIN~c
UMUN2	UMUN₂
UNUG~a	UNUG~a
UNUG~a@s	UNUG~a@s
|UNUG~axA@t|	|UNUG~a×A@t|
UNUG~b	UNUG~b
UNUG~c	UNUG~c
UR2	UR₂
|UR2x1(N57)|	|UR₂×1(N57)|
|UR2xTAR|	|UR₂×TAR|
UR3~a1	UR₃~a1
UR3~a2	UR₃~a2
UR3~a3	UR₃~a3
UR3~b1	UR₃~b1
|UR3~b1xMASZ|	|UR₃~b1×MAŠ|
UR3~b2	UR₃~b2
UR4~a	UR₄~a
UR4~b	UR₄~b
UR4~c	UR₄~c
UR5~a	UR₅~a
UR5~b	UR₅~b
UR~a@g	UR~a@g
UR~a	UR~a
|UR~axKAR2|	|UR~a×KAR₂|
UR~b	UR~b
UR~c	UR~c
URI2	URI₂
|URI3~a+IB~a|	|URI₃~a+IB~a|
URI3~a	URI₃~a
URI3~b	URI₃~b
URI5	URI₅
URI	URI
URU~a1	URU~a1
URU~a1@n	URU~a1@n
|URU~a1x1(N57)|	|URU~a1×1(N57)|
|URU~a1x2(N57)|	|URU~a1×2(N57)|
|URU~a1xA|	|URU~a1×A|
|URU~a1xAMAR|	|URU~a1×AMAR|
|URU~a1xGU4|	|URU~a1×GU₄|
|URU~a1xHI@g~a|	|URU~a1×HI@g~a|
|URU~a1xNIMGIR|	|URU~a1×NIMGIR|
|URU~a1xU4|	|URU~a1×U₄|
|URU~a1xX|	|URU~a1×X|
URU~a2	URU~a2
|URU~a2x1(N58)|	|URU~a2×1(N58)|
|URU~a3xKALAM~a|	|URU~a3×KALAM~a|
URU~b1	URU~b1
URU~b2	URU~b2
URU~c	URU~c
URUDU~a	URUDU~a
URUDU~c	URUDU~c
URUDU~d	URUDU~d
URUDU@g~a	URUDU@g~a
URUDU@g~b	URUDU@g~b
URUDU@g~c	URUDU@g~c
URUDU@g~d	URUDU@g~d
USZ~a	UŠ~a
|USZ~a&USZ~a|	|UŠ~a&UŠ~a|
USZ~b	UŠ~b
|USZ~b&USZ~b|	|UŠ~b&UŠ~b|
|USZ~bxTAR~c|	|UŠ~b×TAR~c|
|USZ~bxTAR~d|	|UŠ~b×TAR~d|
USZUMGAL	UŠUMGAL
USZUR3~a	UŠUR₃~a
USZUR3~b1	UŠUR₃~b1
USZUR3~b2	UŠUR₃~b2
UTUA~a	UTUA~a
UTUA~a@t	UTUA~a@t
UTUA~b	UTUA~b
UTUL~a	UTUL~a
UTUL~b	UTUL~b
UTUL~c	UTUL~c
UTUL~d	UTUL~d
UZU	UZU
|x(N57).GAR|	|×(N57).GAR|
ZABALAM~a	ZABALAM~a
ZABALAM~b	ZABALAM~b
ZADIM	ZADIM
ZAG~a	ZAG~a
ZAG~b	ZAG~b
ZAG~c	ZAG~c
ZAR~a	ZAR~a
ZAR~b1	ZAR~b1
ZAR~b2	ZAR~b2
ZAR~c	ZAR~c
ZATU620	ZATU620
ZATU621~a	ZATU621~a
ZATU621~b	ZATU621~b
ZATU621~c	ZATU621~c
ZATU621~d	ZATU621~d
ZATU622	ZATU622
ZATU623	ZATU623
ZATU624~a	ZATU624~a
ZATU624~b	ZATU624~b
ZATU624~c	ZATU624~c
ZATU625	ZATU625
ZATU626~a	ZATU626~a
ZATU626~b	ZATU626~b
ZATU626~c	ZATU626~c
ZATU627	ZATU627
ZATU628~a	ZATU628~a
ZATU628~b	ZATU628~b
ZATU629	ZATU629
ZATU630	ZATU630
ZATU631	ZATU631
ZATU632~a	ZATU632~a
ZATU632~b	ZATU632~b
ZATU632~c	ZATU632~c
ZATU633~a	ZATU633~a
ZATU633~b	ZATU633~b
ZATU634	ZATU634
ZATU635	ZATU635
ZATU636	ZATU636
ZATU637	ZATU637
ZATU639	ZATU639
ZATU640	ZATU640
ZATU641	ZATU641
ZATU642	ZATU642
ZATU643	ZATU643
ZATU644~a	ZATU644~a
|ZATU644~ax1(N14)|	|ZATU644~a×1(N14)|
ZATU644~b	ZATU644~b
ZATU646	ZATU646
ZATU647	ZATU647
ZATU648	ZATU648
ZATU649	ZATU649
ZATU650	ZATU650
ZATU651@g	ZATU651@g
ZATU651	ZATU651
|ZATU651xAN|	|ZATU651×AN|
|ZATU651xEN~a|	|ZATU651×EN~a|
|ZATU651xGAR|	|ZATU651×GAR|
|ZATU651xMA|	|ZATU651×MA|
|ZATU651xNUN~a|	|ZATU651×NUN~a|
|ZATU651xSZE~a|	|ZATU651×ŠE~a|
|ZATU651xX|	|ZATU651×X|
|ZATU651xZAR~c|	|ZATU651×ZAR~c|
ZATU659	ZATU659
|ZATU659x1(N01)|	|ZATU659×1(N01)|
|ZATU659x1(N14)|	|ZATU659×1(N14)|
|ZATU659x1(N58)@t|	|ZATU659×1(N58)@t|
ZATU662	ZATU662
|ZATU662x1(N14)|	|ZATU662×1(N14)|
ZATU664	ZATU664
ZATU665	ZATU665
ZATU666	ZATU666
ZATU667	ZATU667
ZATU668	ZATU668
ZATU669	ZATU669
ZATU670	ZATU670
ZATU672	ZATU672
ZATU674	ZATU674
ZATU675~a	ZATU675~a
ZATU675~b	ZATU675~b
ZATU675~c	ZATU675~c
ZATU675~d	ZATU675~d
ZATU676~a	ZATU676~a
ZATU676~b	ZATU676~b
ZATU677~a	ZATU677~a
ZATU677~b	ZATU677~b
ZATU678	ZATU678
ZATU679	ZATU679
ZATU680~a1	ZATU680~a1
ZATU680~a2	ZATU680~a2
ZATU680~b	ZATU680~b
ZATU680~d	ZATU680~d
ZATU680~e	ZATU680~e
ZATU681	ZATU681
ZATU682	ZATU682
ZATU683~a	ZATU683~a
ZATU683~b	ZATU683~b
ZATU683@t	ZATU683@t
ZATU684	ZATU684
ZATU685	ZATU685
ZATU686~a	ZATU686~a
ZATU686~b	ZATU686~b
ZATU686~c	ZATU686~c
ZATU687	ZATU687
ZATU688~a	ZATU688~a
ZATU688~b	ZATU688~b
ZATU689	ZATU689
ZATU690	ZATU690
ZATU691	ZATU691
ZATU692	ZATU692
ZATU693	ZATU693
ZATU693@t	ZATU693@t
ZATU694~a	ZATU694~a
ZATU694~b	ZATU694~b
ZATU694~c	ZATU694~c
ZATU694~d	ZATU694~d
ZATU694~d@t	ZATU694~d@t
ZATU695	ZATU695
ZATU696	ZATU696
ZATU697~a	ZATU697~a
ZATU697~b	ZATU697~b
ZATU697~c	ZATU697~c
ZATU699~a	ZATU699~a
ZATU699~b	ZATU699~b
ZATU700	ZATU700
ZATU701	ZATU701
ZATU702	ZATU702
ZATU703	ZATU703
ZATU704	ZATU704
ZATU705	ZATU705
ZATU706	ZATU706
ZATU707~a	ZATU707~a
ZATU707~b	ZATU707~b
ZATU708	ZATU708
ZATU709	ZATU709
ZATU710	ZATU710
ZATU711	ZATU711
|ZATU711xHI@g~a|	|ZATU711×HI@g~a|
|ZATU711xX|	|ZATU711×X|
ZATU713	ZATU713
ZATU714	ZATU714
|ZATU714.RU|	|ZATU714.RU|
|ZATU714xHI@g~a|	|ZATU714×HI@g~a|
|ZATU714xX|	|ZATU714×X|
ZATU717	ZATU717
ZATU718	ZATU718
ZATU719	ZATU719
ZATU720	ZATU720
ZATU721	ZATU721
ZATU722	ZATU722
ZATU723	ZATU723
ZATU724	ZATU724
ZATU725	ZATU725
ZATU726~a	ZATU726~a
ZATU726~c	ZATU726~c
ZATU726~d	ZATU726~d
ZATU727	ZATU727
ZATU728	ZATU728
ZATU729	ZATU729
ZATU730	ZATU730
ZATU732	ZATU732
ZATU733	ZATU733
ZATU734	ZATU734
ZATU735~a	ZATU735~a
ZATU735~b	ZATU735~b
ZATU735~c	ZATU735~c
ZATU736~a	ZATU736~a
ZATU736~b	ZATU736~b
ZATU737	ZATU737
|ZATU737xAB~a|	|ZATU737×AB~a|
|ZATU737xBU~a|	|ZATU737×BU~a|
|ZATU737xBUR~a|	|ZATU737×BUR~a|
|ZATU737xDI|	|ZATU737×DI|
|ZATU737xE~a|	|ZATU737×E~a|
|ZATU737xEN~a|	|ZATU737×EN~a|
|ZATU737xEN~b|	|ZATU737×EN~b|
|ZATU737xGAR|	|ZATU737×GAR|
|ZATU737xNI~a@g|	|ZATU737×NI~a@g|
|ZATU737xNIMGIR|	|ZATU737×NIMGIR|
|ZATU737xSAL|	|ZATU737×SAL|
|ZATU737xSU~a|	|ZATU737×SU~a|
|ZATU737xSZE~a|	|ZATU737×ŠE~a|
|ZATU737xSZITA~a1|	|ZATU737×ŠITA~a1|
|ZATU737xSZITA@g~a|	|ZATU737×ŠITA@g~a|
|ZATU737xU4|	|ZATU737×U₄|
|ZATU737xUNUG~a|	|ZATU737×UNUG~a|
|ZATU737xX|	|ZATU737×X|
ZATU749~a	ZATU749~a
ZATU749~b	ZATU749~b
ZATU749~c	ZATU749~c
ZATU750	ZATU750
ZATU751~a	ZATU751~a
ZATU751~b	ZATU751~b
ZATU752	ZATU752
ZATU753	ZATU753
ZATU754	ZATU754
ZATU755~a	ZATU755~a
ZATU755~b	ZATU755~b
ZATU756	ZATU756
ZATU757	ZATU757
ZATU758	ZATU758
ZATU759	ZATU759
|ZATU759@txX|	|ZATU759@t×X|
|ZATU759xKU6~a|	|ZATU759×KU₆~a|
|ZATU759x(KU6~a+KU6~a)|	|ZATU759×(KU₆~a+KU₆~a)|
|ZATU759xKU6~d|	|ZATU759×KU₆~d|
|ZATU759xX|	|ZATU759×X|
ZATU761	ZATU761
ZATU762~a	ZATU762~a
|ZATU762~axNIM~a|	|ZATU762~a×NIM~a|
ZATU762~b	ZATU762~b
|ZATU762~bxAB~a|	|ZATU762~b×AB~a|
ZATU764	ZATU764
ZATU765	ZATU765
ZATU766	ZATU766
ZATU767	ZATU767
ZATU768	ZATU768
ZATU769	ZATU769
ZATU771	ZATU771
ZATU772	ZATU772
ZATU773~a	ZATU773~a
ZATU773~b	ZATU773~b
ZATU774	ZATU774
ZATU775	ZATU775
ZATU776	ZATU776
ZATU777	ZATU777
ZATU778	ZATU778
ZATU779	ZATU779
ZATU780	ZATU780
ZATU781	ZATU781
ZATU782	ZATU782
ZATU783	ZATU783
ZATU784	ZATU784
ZATU785	ZATU785
ZATU786	ZATU786
ZATU787	ZATU787
ZATU788	ZATU788
ZATU789	ZATU789
ZATU791	ZATU791
ZATU792	ZATU792
ZATU795	ZATU795
ZATU797	ZATU797
ZATU798	ZATU798
ZATU799	ZATU799
ZATU800	ZATU800
ZATU801	ZATU801
ZATU802	ZATU802
ZATU803	ZATU803
ZATU804	ZATU804
ZATU805	ZATU805
ZATU806	ZATU806
ZATU807	ZATU807
ZATU808	ZATU808
ZATU809	ZATU809
ZATU810	ZATU810
ZATU811	ZATU811
ZATU812	ZATU812
ZATU813	ZATU813
ZATU814	ZATU814
ZATU815	ZATU815
ZATU817	ZATU817
ZATU818	ZATU818
ZATU819	ZATU819
ZATU820	ZATU820
ZATU821	ZATU821
ZATU822	ZATU822
ZATU823	ZATU823
ZATU824	ZATU824
ZATU825	ZATU825
ZATU826	ZATU826
ZATU829	ZATU829
ZATU831@g	ZATU831@g
ZATU831	ZATU831
ZATU832	ZATU832
ZATU833	ZATU833
ZATU834	ZATU834
ZATU835	ZATU835
ZATU836	ZATU836
ZATU837~a	ZATU837~a
ZATU837~b	ZATU837~b
ZATU838	ZATU838
ZATU839	ZATU839
ZATU840	ZATU840
ZATU841	ZATU841
ZATU842	ZATU842
ZATU843	ZATU843
ZATU844	ZATU844
ZATU845	ZATU845
ZATU846	ZATU846
ZATU847	ZATU847
ZATU848	ZATU848
ZATU849	ZATU849
ZATU850	ZATU850
ZATU851	ZATU851
ZATU852	ZATU852
ZATU853	ZATU853
ZATU854	ZATU854
ZATU855	ZATU855
ZA~x	ZA~x
ZI~a	ZI~a
ZI~b	ZI~b
ZI~d	ZI~d
ZUBI~a	ZUBI~a
ZUBI~b	ZUBI~b
|(ZU&ZU).SAR~a|	|(ZU&ZU).SAR~a|
10(N01)	10(N01)
10(N14@f)	10(N14@f)
10(N14)	10(N14)
10(N57)	10(N57)
10(N58)	10(N58)
12(N14)	12(N14)
12(N58)	12(N58)
1(N01@f)	1(N01@f)
1(N01)	1(N01)
|1(N01@r)|	|1(N01@r)|
1(N02)	1(N02)
|1(N02).RU|	|1(N02).RU|
1(N03)	1(N03)
1(N04@f)	1(N04@f)
1(N04)	1(N04)
1(N05)	1(N05)
1(N06)	1(N06)
1(N07~a)	1(N07~a)
1(N07~b)	1(N07~b)
1(N08~b)	1(N08~b)
1(N08@f)	1(N08@f)
|1(N08@f)x1(N57)|	|1(N08@f)×1(N57)|
1(N08)	1(N08)
1(N09)	1(N09)
1(N11)	1(N11)
1(N12)	1(N12)
1(N14@f)	1(N14@f)
1(N14)	1(N14)
1(N15)	1(N15)
1(N16)	1(N16)
1(N17)	1(N17)
1(N18)	1(N18)
1(N19@f)	1(N19@f)
1(N19)	1(N19)
1(N20)	1(N20)
1(N22@f)	1(N22@f)
1(N22)	1(N22)
1(N23)	1(N23)
1(N24~a)	1(N24~a)
1(N24~b)	1(N24~b)
1(N24@f)	1(N24@f)
1(N24)	1(N24)
1(N25)	1(N25)
1(N26~b)	1(N26~b)
1(N26)	1(N26)
1(N27)	1(N27)
1(N28~b)	1(N28~b)
1(N28~c)	1(N28~c)
1(N28)	1(N28)
1(N29A~b)	1(N29A~b)
1(N29A~c)	1(N29A~c)
1(N29~a)	1(N29~a)
1(N29~b)	1(N29~b)
1(N30A~c)	1(N30A~c)
1(N30~a)	1(N30~a)
1(N30C~b)	1(N30C~b)
1(N30C~c)	1(N30C~c)
1(N30~c)	1(N30~c)
1(N30~d)	1(N30~d)
1(N30~e)	1(N30~e)
1(N31)	1(N31)
1(N32)	1(N32)
1(N33)	1(N33)
1(N34@f)	1(N34@f)
|1(N34F@t)|	|1(N34F@t)|
1(N34)	1(N34)
|1(N34)x1(N58)|	|1(N34)×1(N58)|
1(N35)	1(N35)
1(N36@f)	1(N36@f)
1(N36)	1(N36)
1(N37)	1(N37)
1(N38)	1(N38)
1(N39~a)	1(N39~a)
1(N39~b)	1(N39~b)
1(N40)	1(N40)
1(N41)	1(N41)
1(N42~a)	1(N42~a)
1(N42~b)	1(N42~b)
1(N43)	1(N43)
1(N44)	1(N44)
1(N45~a)	1(N45~a)
1(N45@f)	1(N45@f)
1(N45)	1(N45)
1(N46@f)	1(N46@f)
1(N46)	1(N46)
1(N47)	1(N47)
1(N48@f)	1(N48@f)
1(N48)	1(N48)
1(N49)	1(N49)
1(N50)	1(N50)
1(N51@f)	1(N51@f)
1(N51)	1(N51)
1(N52)	1(N52)
1(N54)	1(N54)
1(N55)	1(N55)
1(N56)	1(N56)
|1(N57).1(N57)|	|1(N57).1(N57)|
1(N57)	1(N57)
1(N58)	1(N58)
|1(N58@t)|	|1(N58@t)|
1(N60)	1(N60)
1(N63)	1(N63)
2(LAGAB~a)	2(LAGAB~a)
2(N01@f)	2(N01@f)
2(N01)	2(N01)
2(N02)	2(N02)
2(N03)	2(N03)
2(N04@f)	2(N04@f)
2(N04)	2(N04)
2(N05)	2(N05)
2(N07~a)	2(N07~a)
2(N07~b)	2(N07~b)
2(N08~b)	2(N08~b)
2(N08)	2(N08)
2(N14@f)	2(N14@f)
2(N14)	2(N14)
2(N15)	2(N15)
2(N18)	2(N18)
2(N19@f)	2(N19@f)
2(N19)	2(N19)
2(N20)	2(N20)
2(N21)	2(N21)
2(N22@f)	2(N22@f)
2(N22)	2(N22)
2(N23)	2(N23)
2(N24)	2(N24)
2(N29A~b)	2(N29A~b)
2(N29~a)	2(N29~a)
2(N34@f)	2(N34@f)
2(N34)	2(N34)
2(N35)	2(N35)
2(N36)	2(N36)
2(N37)	2(N37)
2(N39~a)	2(N39~a)
2(N39~b)	2(N39~b)
2(N40)	2(N40)
2(N41)	2(N41)
2(N42~a)	2(N42~a)
2(N42~b)	2(N42~b)
2(N45@f)	2(N45@f)
2(N45)	2(N45)
2(N46@f)	2(N46@f)
2(N46)	2(N46)
2(N47)	2(N47)
2(N48)	2(N48)
2(N49)	2(N49)
2(N50)	2(N50)
2(N51@f)	2(N51@f)
2(N51)	2(N51)
2(N52)	2(N52)
2(N54)	2(N54)
2(N56)	2(N56)
2(N57)	2(N57)
2(N58)	2(N58)
2(N59)	2(N59)
3(N01@f)	3(N01@f)
3(N01)	3(N01)
3(N02)	3(N02)
3(N03)	3(N03)
3(N04@f)	3(N04@f)
3(N04)	3(N04)
3(N05)	3(N05)
3(N07~a)	3(N07~a)
3(N07~b)	3(N07~b)
3(N08~b)	3(N08~b)
3(N08)	3(N08)
3(N14@f)	3(N14@f)
3(N14)	3(N14)
3(N15)	3(N15)
3(N18)	3(N18)
3(N19@f)	3(N19@f)
3(N19)	3(N19)
3(N20)	3(N20)
3(N21)	3(N21)
3(N23)	3(N23)
3(N34@f)	3(N34@f)
3(N34)	3(N34)
3(N36)	3(N36)
3(N39~a)	3(N39~a)
3(N39~b)	3(N39~b)
3(N40)	3(N40)
3(N41)	3(N41)
3(N42~a)	3(N42~a)
3(N42~b)	3(N42~b)
3(N45@f)	3(N45@f)
3(N45)	3(N45)
3(N46)	3(N46)
3(N47)	3(N47)
3(N48)	3(N48)
3(N49)	3(N49)
3(N50)	3(N50)
3(N51@f)	3(N51@f)
3(N51)	3(N51)
3(N52)	3(N52)
3(N53)	3(N53)
3(N54)	3(N54)
3(N57)	3(N57)
3(N58)	3(N58)
3(N59)	3(N59)
3(N61)	3(N61)
4(LAGAB~a)	4(LAGAB~a)
4(N01@f)	4(N01@f)
4(N01)	4(N01)
4(N02)	4(N02)
4(N03)	4(N03)
4(N04@f)	4(N04@f)
4(N04)	4(N04)
4(N05)	4(N05)
4(N08~b)	4(N08~b)
4(N08~c)	4(N08~c)
4(N08)	4(N08)
4(N14@f)	4(N14@f)
4(N14)	4(N14)
4(N15)	4(N15)
4(N18)	4(N18)
4(N19@f)	4(N19@f)
4(N19)	4(N19)
4(N20)	4(N20)
4(N21)	4(N21)
4(N24)	4(N24)
4(N34@f)	4(N34@f)
4(N34)	4(N34)
4(N36)	4(N36)
4(N39~a)	4(N39~a)
4(N39~b)	4(N39~b)
4(N40)	4(N40)
4(N41)	4(N41)
4(N42~a)	4(N42~a)
4(N42~b)	4(N42~b)
4(N43)	4(N43)
4(N45@f)	4(N45@f)
4(N45)	4(N45)
4(N48)	4(N48)
4(N49)	4(N49)
4(N50)	4(N50)
4(N51@f)	4(N51@f)
4(N51)	4(N51)
4(N52)	4(N52)
4(N54)	4(N54)
4(N57)	4(N57)
4(N58)	4(N58)
4(N59)	4(N59)
4(N62)	4(N62)
5(N01@f)	5(N01@f)
5(N01)	5(N01)
5(N02)	5(N02)
5(N03)	5(N03)
5(N04@f)	5(N04@f)
5(N04)	5(N04)
5(N05)	5(N05)
5(N08)	5(N08)
5(N14@f)	5(N14@f)
5(N14)	5(N14)
5(N15)	5(N15)
5(N18)	5(N18)
5(N19@f)	5(N19@f)
5(N19)	5(N19)
5(N20)	5(N20)
5(N21)	5(N21)
5(N23)	5(N23)
5(N34@f)	5(N34@f)
5(N34)	5(N34)
5(N35)	5(N35)
5(N36)	5(N36)
5(N45@f)	5(N45@f)
5(N45)	5(N45)
5(N48)	5(N48)
5(N49)	5(N49)
5(N50)	5(N50)
5(N51@f)	5(N51@f)
5(N51)	5(N51)
5(N52)	5(N52)
5(N54)	5(N54)
5(N57)	5(N57)
5(N58)	5(N58)
6(LAGAB~a)	6(LAGAB~a)
6(N01@f)	6(N01@f)
6(N01)	6(N01)
6(N02)	6(N02)
6(N08)	6(N08)
6(N14@f)	6(N14@f)
6(N14)	6(N14)
6(N18)	6(N18)
6(N19@f)	6(N19@f)
6(N19)	6(N19)
6(N20)	6(N20)
6(N21)	6(N21)
6(N24)	6(N24)
6(N34@f)	6(N34@f)
6(N34)	6(N34)
6(N36)	6(N36)
6(N45@f)	6(N45@f)
6(N45)	6(N45)
6(N48)	6(N48)
6(N51@f)	6(N51@f)
6(N51)	6(N51)
6(N57)	6(N57)
7(N01@f)	7(N01@f)
7(N01)	7(N01)
7(N02)	7(N02)
7(N08)	7(N08)
7(N14@f)	7(N14@f)
7(N14)	7(N14)
7(N18)	7(N18)
7(N19@f)	7(N19@f)
7(N19)	7(N19)
7(N20)	7(N20)
7(N23)	7(N23)
7(N34@f)	7(N34@f)
7(N34)	7(N34)
7(N36)	7(N36)
7(N45@f)	7(N45@f)
7(N45)	7(N45)
7(N48)	7(N48)
7(N51@f)	7(N51@f)
7(N51)	7(N51)
7(N57)	7(N57)
8(N01@f)	8(N01@f)
8(N01)	8(N01)
8(N02)	8(N02)
8(N08)	8(N08)
8(N14@f)	8(N14@f)
8(N14)	8(N14)
8(N18)	8(N18)
8(N19@f)	8(N19@f)
8(N19)	8(N19)
8(N20)	8(N20)
8(N34@f)	8(N34@f)
8(N34)	8(N34)
8(N36)	8(N36)
8(N45@f)	8(N45@f)
8(N51@f)	8(N51@f)
8(N51)	8(N51)
8(N57)	8(N57)
8(N58)	8(N58)
9(N01@f)	9(N01@f)
9(N01)	9(N01)
9(N02)	9(N02)
9(N08)	9(N08)
9(N14@f)	9(N14@f)
9(N14)	9(N14)
9(N18)	9(N18)
9(N19@f)	9(N19@f)
9(N19)	9(N19)
9(N20)	9(N20)
9(N34@f)	9(N34@f)
9(N34)	9(N34)
9(N36)	9(N36)
9(N45@f)	9(N45@f)
9(N45)	9(N45)
9(N51@f)	9(N51@f)
9(N57)	9(N57)
9(N58)	9(N58)
