/A
/A@g
/A@t
/A2
/AB~a
/AB~a@g
/AB~ax1(N01)
/AB~axA@t
/AB~axASZ2
/AB~axKU6~a
/AB~axSUKKAL
/AB~ax(SZE~a&amp;SZE~a)
/AB~axX
/AB~axZATU659
/AB~b
/AB~bxA
/AB~bxKU6~a
/AB~bxSZA3~a1
/AB2
/AB2x2(N14)
/ABGAL
/ABRIG
/ABZU
/AD~a
/AD~b
/AD~c
/ADAB
/ADDA
/ADDA@t
/AGAR2
/AK~a
/AK~b
/AL
/ALAN~a
/ALAN~b
/ALAN~c
/ALAN~d
/ALAN~e
/ALAN~f
/ALIM
/AM~a
/AM~b
/AMA~a
/AMA~axE2~a
/AMA~b
/AMAR.1(N02)
/AMAR
/AMAR@g
/AMAR&amp;AMAR
/AMARxTAR
/AN
/ANSZE~a
/ANSZE~b
/ANSZE~c
/ANSZE~e
/ANZU2
/APIN~a.APIN~a
/APIN~a
/APIN~b
/APIN~c
/ARARMA2~a
/ARARMA2~b
/ARATTA
/ASAL2
/ASAR
/ASZ2
/Ax1(N14)
/AxAB2
/AxAN
/AxEN~a
/AxSZUBUR
/AxZATU672
/AZ
/AZU
/BA
/BAD
/BAD&amp;BAD
/BAD3~a
/BAD3~b1
/BAD3~b2
/BAHAR2~a
/BAHAR2~b
/BAHAR2~c
/BALA~a
/BALA~b
/BALAG
/BAN~a
/BAN~b
/BANSZUR~a
/BANSZUR~a@t
/BANSZUR~b1
/BANSZUR~b2
/BANSZUR~c
/BAPPIR~a
/BAPPIR~b
/BAPPIR~c
/BAPPIR~d
/BAPPIR~e
/BAPPIR~f
/BAR
/BARA2~a
/BARA2~b
/BARA3
/BIR~a
/BIR~b
/BIR~c
/BIR3~a
/BIR3~b
/BIR3~c
/BU~a
/(BU~a&amp;BU~a).NA2~a
/(BU~a&amp;BU~a).NA2~a@n
/(BU~a&amp;BU~a).NA2~b
/(BU~a&amp;BU~a).X
/BU~a+DU6~a
/BU~ax1(N58)
/BU~axA
/BU~axGISZ@t
/BU~b
/BU~b.NA2~a
/BU3
/BULUG
/BULUG3
/BUR~a
/BUR~b
/BUR~c
/BUR~d
/BUR2
/DA~a
/DA~a.LISZ
/DA~b
/DA~c
/DA~d
/DAG
/DAH
/DAM
/DANNA
/DAR~a
/DAR~axA
/DAR~b
/DAR~c
/DAR~d
/DARA3~a
/DARA3~b
/DARA3~c
/DARA3~cxKAR2
/DARA3~cx(KAR2.SZE~a)
/DARA3~d
/DARA3~dxKAR2
/DARA3~dx(KAR2.SZE~a)
/DARA4~a1
/DARA4~a2
/DARA4~a3
/DARA4~b
/DARA4~c1
/DARA4~c2
/DARA4~c3
/DARA4~c4
/DARA4~c5
/DI
/DI@t
/DIB
/DILMUN
/DIM~a
/DIM~axGU
/DIM~axX
/DIM~b
/DIM~c
/DIN
/DIN@t
/DU@g
/DU6~a
/DU6~axDISZ
/DU6~b
/DU6~c
/DU7
/DU8~a
/DU8~b
/DU8~c
/DU8~c@g
/DU8~cxHI
/DU8~cxUDU~a
/DU8~cxX
/DUB~a
/DUB~b
/DUB~c
/DUB~d
/DUB~e
/DUB~f
/DUB2
/(DUBxDISZ)~a
/(DUBxDISZ)~b
/(DUBxDISZ)~c
/DUG~ax1(N57)
/DUG~axHI
/DUG~axKASKAL
/DUG~axLAM~b
/DUG~axNAGA~a
/DUG~axU2~a
/DUG~axU2~b
/DUG~axX
/DUG~b
/(DUG~b&amp;DUG~b)x1(N58)
/DUG~bx1(N57)
/DUG~bx(1(N57).KU3~a)
/DUG~bx3(N57)
/DUG~bxAB2
/DUG~bxANSZE~b
/DUG~bxANSZE~d
/DUG~bxBALA~a
/DUG~bxBIR3~c
/DUG~bxDIN
/(DUG~bxDIN)@r
/DUG~bxE~a
/DUG~bxGA~a
/DUG~bxGA~b
/DUG~bxGESZTU~a
/DUG~bxGESZTU~b
/DUG~bxGI6
/DUG~bxGISZ
/DUG~bxHI
/DUG~bxHI@g~a
/DUG~bxKASKAL
/DUG~bxKU6~a
/DUG~bxKUR@g~a
/DUG~bxKUR~a
/DUG~bx(KUR~a.X)
/DUG~bxKUR~b
/DUG~bxLAM~a
/DUG~bxMASZ
/DUG~bxNAGA~a
/DUG~bxNAM2
/DUG~bx(NI~a@g.ZATU779)
/DUG~bxSA~a
/DUG~bxSI4~a
/DUG~bx(SI4~a.X)
/DUG~bxSIG2~a1
/DUG~bxSIG2~a2
/DUG~bxSIG7
/DUG~bxSUHUR
/DUG~bxSZAH2~a
/DUG~bxSZE~a
/DUG~bx(SZE~a.NAM2)
/DUG~bxTAK4~a
/DUG~bx(TAK4~a.SA~a)
/DUG~bx(TAK4~a.SAL)
/DUG~bxTI
/DUG~bxU2~a
/DUG~bxU2~b
/DUG~bxUH3~a
/DUG~bxUH3~a@t
/DUG~bxX
/DUG~bxZATU707~a
/DUG~bxZATU764
/DUG~bxZATU779
/DUG~bxZATU780
/DUG~bxZATU781
/DUG~bx(ZATU789.SA~a)
/DUG~c
/DUG~c@t
/DUG~cx1(N57)
/DUG~d
/DUGUD
/DUR~a
/DUR~b
/DUR2
/DUxDISZ
/E~a
/E~b
/E~c
/E~d
/E~e
/E2~a
/E2~a.LISZ
/E2~ax1(N57)@t
/E2~ax3(N58)
/E2~b
/E2~b.LISZ
/E2~bx1(N57)@t
/E2~c
/E2~d
/E3~a
/E3~b
/EDIN
/EN@g~a
/EN@g~b
/EN~a
/EN~b
/EN~b@t
/EN~c
/EN~c&amp;EN~c
/EN~e
/EN2.E2~a
/EN2.E2~b
/EN2
/ENDIB
/ENGIZ
/ENKUM
/ENLIL
/ENSI
/ENSI2
/ERIM~a
/ERIM~b1
/ERIM~b2
/ERIM2
/ERIN
/ESZDA
/ESZDAxTAR
/ESZGAR
/EZEN~a
/EZEN~axEN~a
/EZEN~axEN~b
/EZEN~ax(HI.1(N57).AN)
/EZEN~axKAB
/EZEN~axKI
/EZEN~axLA~e
/EZEN~axNIM~b2
/EZEN~axNIMGIR
/EZEN~axRAD~a
/EZEN~axSAG
/EZEN~axSU~a
/EZEN~ax(U2~b.A)
/EZEN~axU4
/EZEN~axX
/EZEN~b
/EZEN~b@t
/EZEN~bx6(N57)
/EZEN~c
/EZINU~a
/EZINU~b
/EZINU~c
/EZINU~d
/GA'AR~a1
/GA'AR~a2
/GA'AR~b1
/GA'AR~b2
/GA~a
/GA~a.ZATU753
/GA~axX
/GA~b
/GA~c
/GA~cx1(N14)
/GA~cxKASKAL
/GA2~a1
/GA2~a1x1(N14)
/GA2~a1x1(N57)
/GA2~a1xA
/GA2~a1xEN~b
/GA2~a1xGESZTU~c3
/GA2~a1xGESZTU~c5
/GA2~a1xGIR~a
/GA2~a1x(GIR~a.KU6~a)
/GA2~a1xGISZ@t
/GA2~a1xGU4
/GA2~a1xHAL
/GA2~a1xHI
/GA2~a1x(HI.SUHUR)
/GA2~a1xKU3~a
/GA2~a1xKU6~a
/GA2~a1x(KU6~a.KU6~a)
/GA2~a1xLAGAB~b
/GA2~a1xMASZ
/GA2~a1xNAGA~a
/GA2~a1xNUN~a
/GA2~a1xPAD~b
/GA2~a1xPAP~a
/GA2~a1xSU~a
/GA2~a1xSUHUR
/GA2~a1xSUKUD
/GA2~a1x((SUKUD&amp;SUKUD)~a)
/GA2~a1x((SUKUD&amp;SUKUD)~b)
/GA2~a1xSUMASZ
/GA2~a1xSZA
/GA2~a1xTI
/GA2~a1xU4
/GA2~a1xX
/GA2~a2
/GA2~a2x3(N57)
/GA2~a2xGU4
/GA2~a2x(GU4.SZE3)
/GA2~a2xNI~a
/GA2~a2xNI~b
/GA2~a2xNIM~b1
/GA2~a2xSUHUR
/GA2~a2xSZE3
/GA2~a2xX
/GA2~a3
/GA2~a3xX
/GA2~a4
/GA2~b
/GA2~bxDUB~a
/GA2~bxDUB~b
/GA2~bxKU3~a
/GA2~bxZATU659
/GA2~c
/GADA~a
/GADA~b
/GADA~b@g
/GAL~a
/GAL~b
/GALGA~a
/GALGA~b
/GAN~a
/GAN~b
/GAN~c
/GAN~cxDIN
/GAN~cx(HI.DIN)
/GAN~cxHI
/GAN~cxKASZ~c
/GAN~cx(KUR~a.A)
/GAN~cxLAGAB~b
/GAN~cxNE~a
/GAN~cxSIG7
/GAN~cxSZE~a
/GAN~cxSZE3@t
/GAN~cxX
/GAN~cxZATU777
/GAN~d
/GAN~dxGESZTU~a
/GAN~dxHI
/GAN2
/GAR
/GAR@g~a
/GAR@g~b
/GAR@g~c
/GAR3
/GARA2~a
/GARA2~b
/GAZI
/GESZTIN~a
/GESZTIN~c
/GESZTIN~cxX
/GESZTU~a
/GESZTU~axSZE~a@t
/GESZTU~b
/GESZTU~c3
/GESZTU~c5
/GI
/GI@t
/GI&amp;GI
/GI&amp;GI&amp;GI
/(GI&amp;GI)xGISZ@t
/(GI&amp;GI)xX
/(GI+&amp;GI)xSZE3
/GI4~a
/GI4~a&amp;GI4~a
/GI4~axA
/GI4~b
/GI4~b&amp;GI4~b
/GI6
/GIBIL
/GIBIL@t
/GIBIL6
/GIG
/GIL
/GIR~a
/GIR~a.KU6~a
/GIR~b.GIR~b
/GIR~b
/GIR~c
/GIR~d
/GIR2~a
/GIR2~b
/GIR3@g~a
/GIR3@g~b
/GIR3@g~c
/GIR3~a
/GIR3~axSZE~b
/GIR3~b
/GIR3~c
/GIR3~cxKAR2
/GIR3~cxSZE3
/GIR4
/GISAL~a
/GISAL~b
/GISZ
/GISZ.TE
/GISZ@t.E2~a
/GISZ@t
/GISZ~x
/GISZ3~a
/GISZ3~a&amp;GISZ3~a
/GISZ3~b
/GISZGAL
/GISZIMMAR~a1
/GISZIMMAR~a2
/GISZIMMAR~a3
/GISZIMMAR~b1
/GISZIMMAR~b3
/(GISZx(DIN.DIN))~a
/(GISZx(DIN.DIN))~b
/(GISZx(DIN.DIN))~c
/GISZxSZU2~a
/GISZxSZU2~b
/GIx1(N14)
/GIx1(N58)@t
/GIxGISZ@t
/GIxKU~b1
/GIxLAGAB~a
/GIxNAM2
/GIxSIG2~d1
/GIxSZE3
/GIxX
/GIZZAL~x
/GU
/GU2
/GU4
/GU4.ZATU755~a
/GU4@g
/GU7
/GUB3~a
/GUB3~b
/GUB3~c
/GUB3~d
/GUG2
/GUG2@t
/GUG2xSILA3~a
/GUG2xSZITA~a1
/GUG2xTUR
/GUKKAL~a.HI@g~a
/GUKKAL~a
/GUKKAL~b
/GUKKAL~c
/GUKKAL~d
/GUL
/GUM~a
/GUM~b
/GUM~b@n
/GUN3~a
/GUN3~b
/GUR
/GURUSZ~a
/GURUSZ~ax2(N14)
/GURUSZ~b
/GURUSZ~bx2(N14)
/GURUSZ~cx2(N14)
/GURUSZDA
/HAL
/HALUB
/HASZHUR
/HASZHURxMA
/HI
/HI.SUHUR
/HI@g~a
/HI@g~b
/HI@g~c
/HIx1(N01)F
/HIx1(N57)
/HIx1(N57)@t
/(HIx1(N57))&amp;(HI+1(N57))
/HIx1(N58)
/HIxLAGAB~a
/HIxSZE3@t
/HIxZATU707~a
/HUB2
/I
/IB~a
/IB~a@n
/IB~b
/IDIGNA
/IG~a
/IG~b
/IGI
/IL
/ILDUM~a
/ILDUM~b
/IM~a
/IM~a@g
/IM~b
/IN~b
/IN~d
/IR~a.GA2~a1
/IR~a
/IR~b
/IR~c
/IR~d
/IR11
/IRHAN
/ISZ~a
/ISZ~b
/ISZ~c
/KA~a
/KA~a.SZE~a
/KA~axSAR~a
/KA2~a
/KA2~b
/KA2~c
/KA2~d
/KA2xLAM
/KAB
/KABx1(N58)
/KAD4~a
/KAD4~b
/KAD4~c1
/KAD4~c2
/KAK~a.GA2~a1
/KAK~a
/KAK~b
/KAL~a
/KAL~b1
/KAL~b2
/KALAM~a
/KALAM~b
/KALAM~c
/KALAM~d
/KALAM~e
/KALAM~f
/KAR
/KAR2~a
/KAR2~b
/KASKAL
/KASKAL@g
/KASZ~a
/KASZ~b
/KASZ~b@t
/KASZ~bxSZE~a
/KASZ~c
/KASZ~d
/KESZ2
/KI
/KI@n
/KI@nxDUB~a
/KIB
/KIB@g
/KID~a
/KID~b
/KID~c
/KID~d
/KID~e
/KIN
/KIN2~a
/KIN2~c
/KIN2~d
/KIN2~e
/KINGAL
/KIR11
/KISAL~a1
/KISAL~a2
/KISAL~b1
/KISAL~b2
/KISAL~b2@t
/KISAL~b3
/KISIM~a
/KISIM~b
/KISIM~c
/KISZ
/KISZIK~a
/KISZIK~b
/KITI
/KU~a
/KU~a@t
/KU~b1
/KU~b2
/KU3~a
/KU3~c
/KU6~a.1(N02)
/KU6~a
/KU6~a@s
/KU6~a+GISZ
/KU6~a+KU6~a
/KU6~c
/KU6~d
/KUN
/KUR@g~a
/KUR@g~b
/KUR~a.E2~a
/KUR~a
/KUR~a.NUNUZ~a1
/KUR~b.E2~a
/KUR~b
/KUR~c
/KUR~d
/KUSZU2~a
/KUSZU2~b
/KUSZU2~c
/KUSZU2~d
/KUSZU2~e
/KUSZU2~f
/LA~b
/LA~c
/LA~d
/LA~e
/LA2
/LAGAB~a
/LAGAB~ax2(N14)
/LAGAB~axBA
/LAGAB~axBIR3~b
/LAGAB~axDU6~b
/LAGAB~axKAK~a
/LAGAB~axKU6~a
/LAGAB~ax(KU6~a+KU6~a)
/LAGAB~axKUSZU2~b
/LAGAB~axLAGAB~a
/LAGAB~axME~a
/LAGAB~axNUN~b
/LAGAB~axPA~a
/LAGAB~axSI
/LAGAB~axSIG7
/LAGAB~axSU~a
/LAGAB~axSZA
/LAGAB~axSZITA~a1
/LAGAB~axTI
/LAGAB~axU4
/LAGAB~axUB
/LAGAB~axX
/LAGAB~axZATU753
/LAGAB~b
/LAGAB~bx1(N01)
/LAGAB~bxBANSZUR~a
/LAGAB~bxGA'AR~a1
/LAGAB~bxHI
/LAGAB~bxKUR~e
/LAGAB~bxLAGAB~b
/LAGAB~bxPA~a
/LAGAB~bxSI
/LAGAB~bxSUH3
/LAGAB~bxSZITA~c
/LAGAB~bxU4
/LAGAB~bxX
/LAGAR~a
/LAGAR~a@r
/LAGAR~b1
/LAGAR~b2
/LAGAR~c
/LAHTAN2
/LAK025
/LAK050
/LAK172
/LAK251
/LAK350
/LAK777
/LAL2~a
/LAL2~axEZEN~a
/LAL2~axNIM~b2
/LAL2~b
/LAL3~a
/LAL3~b
/LAL3~c
/LAM~a
/LAM~b
/LAM~b@r
/LAM~b@s
/LAM~b@t
/LAM~c
/LI
/LISZ
/LU2
/LU2@t
/LU2xGESZTU~c3
/LUGAL
/LUM
/MA
/MA2
/MAGUR~a
/MAGUR~b
/MAH~a
/MAH~axAB2
/MAH~axGUKKAL~a
/MAH~axKU6~a
/MAH~axMASZ
/MAH~axNA~a
/MAH~ax(SILA3~axUMBIN~a)
/MAH~axTUG2~a
/MAH~axUD5~a
/MAH~axUDU~a
/MAH~axUR~a
/MAH~axUTUA~a
/MAH~axX
/MAH~axZATU659
/MAH~b
/MAH~bxKU6~a
/MAH~bxMASZ
/MAH~bxNA~a
/MAH~bxSAL
/MAR~a
/MAR~a@t
/MAR~b
/MAR~bx(LAGAB~b.SZE3)
/MAR~bxSZE~a
/MAR~bxX
/MASZ
/MASZ2
/MASZ2@g
/MAx1(N58)
/MAx2(N57)
/MAxA
/MAxMA
/MAxX
/ME~a
/ME~b
/ME3
/MEN~a
/MEN~b
/MES
/MIR~a
/MIR~b
/MU
/MUD
/MUD3~a
/MUD3~a@g
/MUD3~a@gxGU
/MUD3~b
/MUD3~c
/MUD3~d
/MUL
/MUN~a1
/MUN~a2
/MUN~a3
/MUN~a4
/MUN~b
/MUNSZUB~a
/MUNSZUB~b
/MUNU3
/MURUB2
/MUSZ
/MUSZ3~a
/MUSZ3~a@g
/MUSZ3~b
/MUSZEN
/MUSZEN.UR3~b2
/MUSZENx1(N57)
/MUSZENx2(N57)
/MUSZENx3(N57)
/MUSZENxPAP~a
/MUSZENxX
/NA~a
/NA~b
/NA~c
/NA~d
/NA2~a
/NA2~b1
/NA2~b2
/NAB
/NAGA~a
/NAGA~axTAK4~a
/NAGA~b
/NAGAR~a
/NAGAR~b
/NAM~a
/NAM~b
/NAM~c
/NAM~d
/NAM2
/NAM2@g
/NAM2@t
/NAM2x1(N01)
/NAMESZDA
/NANNA~a
/NANNA~b
/NANSZE~a
/NANSZE~b
/NAR
/NE~a
/NE~b
/NE~c
/NE~d
/NERGAL~x
/NESAG2~a
/NESAG2~b
/NESAG2~b@t
/NI~a
/NI~a.RU
/NI~a@g
/NI~ax1(N57)
/NI~b
/NI~bx4(N57)
/NI~bxX
/NI2
/NIGIN
/NIM~a
/NIM~b1
/NIM~b2
/NIM~b3
/NIMGIR
/NIN
/NINDA2
/NINDA2x1(N01)
/NINDA2x1(N06)
/NINDA2x1(N08)
/NINDA2x2(N01)
/NINDA2x(AN.HI)
/NINDA2xAN
/NINDA2x(AN.ME~a)
/NINDA2x(AN.X)
/NINDA2xBA
/NINDA2xEZEN~b
/NINDA2xGA'AR~a1
/NINDA2xGAR
/NINDA2x(GISZ.DAR~a)
/NINDA2xGISZ
/NINDA2xGU4
/NINDA2xGUDU4
/NINDA2x(HI.AN.ME~a)
/NINDA2xHI
/NINDA2x(HI.ME~a)
/NINDA2x(HI.X)
/NINDA2x(HI@g~a.1(N06))
/NINDA2xKASZ~b
/NINDA2xMAR~b
/NINDA2xNE~a
/NINDA2xSZIM~a
/NINDA2xU4
/NINDA2x(U4.X)
/NINDA2x((UDU~axTAR)~a)
/NINDA2xX
/NINDA2x(X.MASZ)
/NINDA2x(ZATU659x1(N01))
/NINKUM
/NINLIL
/NIR~a
/NIR~axAN
/NIR~b
/NU
/NU@g
/NU11
/NU11@t
/NU11&amp;NU11
/NUMUN
/NUMUN2
/NUN~a
/NUN~a+A
/NUN~a+EN~a
/NUN~a+EN~b
/NUN~a+EN~d
/NUN~a+NAM2
/NUN~b
/NUN~b+EN~a
/NUN~c
/NUN~d
/NUNUZ~a0
/NUNUZ~a1
/NUNUZ~a1@t
/NUNUZ~a2
/NUNUZ~b1
/NUNUZ~b2
/NUNUZ~c
/PA~a
/PA~b
/PA3
/PAD~a
/PAD~b
/PAP~a
/PAP~a@t
/PAP~b
/PIRIG~a1
/PIRIG~a2
/PIRIG~a3
/PIRIG~b1
/PIRIG~b1xUR2
/PIRIG~b2
/PU2
/RA
/RAD~a
/RAD~a@g
/RAD~a@t
/RAD~b
/RI
/RI~x
/RI8~a
/RI8~b
/RU
/RU@t
/SA~a
/SA~c
/SAG
/SAG@g
/SAG@n
/SAGSZU
/SAGx1(N14)
/SAGxGESZTU~a
/SAGxGESZTU~b
/SAGxGESZTU~c
/SAGxLAM~c
/SAGxMA
/SAGxSAR~a
/SAL
/SAL.KUR~a
/SAL.LAM~b
/SAL.SZU2
/SALx1(N58)
/SANGA~a
/SANGA~b
/SANGA~c
/SAR~a
/SAR~axSZE~a
/SAR~b
/SAR~c
/SI
/SI4~a
/SI4~b
/SI4~c
/SI4~d
/SI4~f
/SIG
/SIG2~a1
/SIG2~a2
/SIG2~a3
/SIG2~a4
/SIG2~b
/SIG2~b.SIG2~b
/SIG2~bx1(N14)
/SIG2~c1
/SIG2~c2
/SIG2~d1
/SIG2~d2
/SIG2~d3
/SIG2~d4
/SIG2~e
/SIG4
/SIG7
/SIGx1(N57)
/SIKIL
/SILA3~a
/SILA3~ax1(N57)
/SILA3~ax1(N58)
/SILA3~axA
/SILA3~axAMAR
/SILA3~axDUG~a
/SILA3~axDUG~b
/SILA3~axGA~a
/SILA3~axGARA2~a
/SILA3~axGESZTU~a
/SILA3~axGESZTU~c3
/SILA3~axGESZTU~c5
/SILA3~axHASZHUR
/SILA3~axHI
/SILA3~axHI@g~a
/SILA3~axIB~a
/SILA3~axKASZ~a
/SILA3~axKASZ~c
/SILA3~axKASZ~d
/SILA3~axKU6~a
/SILA3~axKUR~a
/SILA3~axMA
/SILA3~axMASZ
/SILA3~axNAGA~a
/SILA3~axNI~a
/SILA3~axNUN~b
/SILA3~axSUHUR
/SILA3~axSUM~a
/SILA3~axSUM~b
/SILA3~axSZE~a
/SILA3~axSZE~a@t
/SILA3~axSZU
/SILA3~axSZU2
/SILA3~axX
/SILA3~axZATU629
/SILA3~axZATU646
/SILA3~ax(ZATU659.TU~c)
/SILA3~b
/SILA3~bxDUG~a
/SILA3~bxGUG2
/SILA3~bxNAGA~b
/SILA3~bxNI~a
/SILA3~bxNI~b
/SILA3~c
/SILA3~cxSZU
/SILA3~cxZATU687
/SILA3~dxNI~a
/SILA4~a
/SILA4~b
/SILA4~c
/SILA4~d
/SILANITA
/SIMUG
/SIPA
/SIxGU4
/SIxSZE3
/SU~a
/SU~ax1(N58)
/SU~b
/SU3
/SUG
/SUG5
/SUH3
/SUHUR
/SUHUR@g
/SUHUR@n
/SUKKAL
/SUKUD
/SUKUD@g~a
/SUKUD@g~b
/SUKUD@g~c
/SUKUD@g~d
/(SUKUD+SUKUD)~a
/(SUKUD+SUKUD)~b
/(SUKUD+SUKUD)~c
/(SUKUD+SUKUD)~d
/SUM~a
/SUM~a@t
/SUM~b
/SUMASZ
/SUR
/SUSA
/SZA
/SZA@g
/SZA3~a1
/SZA3~a2
/SZA3~b
/SZA3~c
/SZA3~d
/SZAB~a
/SZAB~b
/SZAGAN
/SZAGINA
/SZAH2~a
/SZAH2~b
/SZAH2~c
/SZAKIR~a
/SZAKIR~b
/SZAKIR~c
/SZAM2
/SZANDANA~a
/SZANDANA~b
/(SZAxHI@g~a)~a
/(SZAxHI@g~a)~b
/SZE~a.KIN2~c
/SZE~a.NAM2
/SZE~a@t
/SZE~a&amp;SZE~a
/SZE~b
/SZE~c
/SZE3
/SZE3@t
/SZEG9
/SZELU
/SZEN~a
/SZEN~b
/SZEN~c
/SZEN~c@t
/SZEN~d
/SZEN~dxA
/SZEN~e
/SZENNUR~a
/SZENNUR~b
/SZESZ~a
/SZESZ~b
/SZIDIM
/SZIDIM@t
/SZIM~a
/SZIM~b
/SZIR~a
/SZIR~b
/SZITA@g~a
/SZITA@g~ax1(N04)
/SZITA@g~ax1(N06)
/SZITA@g~b
/SZITA~a1
/SZITA~a1x1(N06)
/SZITA~a1xKAK~a
/SZITA~a1xSZU
/SZITA~a1xSZU2
/SZITA~a1xUDU~a
/SZITA~a2
/SZITA~a3
/SZITA~b1
/SZITA~b1xHI@g~a
/SZITA~b2
/SZITA~b3
/SZITA~b3xNAM2
/SZITA~c
/SZU
/SZU@g
/SZU@s
/SZU&amp;SZU
/SZU12
/SZU2.1(N02)
/SZU2.2(N57)
/SZU2.E2~a
/SZU2.E2~b
/SZU2.EN~a
/SZU2.EN~b
/SZU2.GISZ
/SZU2.((HI+1(N57))+(HI+1(N57)))
/SZU2
/SZU2.URI3~a
/SZUBUR
/SZUM
/SZUR2~a
/SZUR2~b
/SZURUPPAK~a
/SZURUPPAK~b
/SZURUPPAK~c
/SZUx1(N58)
/TA~a
/TA~b
/TA~c
/TA~d
/TA~dxMASZ
/TA~e
/TA~f
/TAG~a1
/TAG~a1@t
/TAG~a2
/TAG~a3
/TAG~a4
/TAG~b
/TAG~c
/TAG~d
/TAK4~a
/TAK4~a@n
/TAK4~c
/TAR~a
/TAR~d
/TE
/TI
/TI@g
/TI@r
/TI@t
/TIDNUM
/TILLA2
/TU~a
/TU~b
/TU~c
/TUG2~a.(BAD&amp;BAD)
/TUG2~a
/TUG2~a@g
/TUG2~b
/TUG2~c
/TUG2~d
/TUM~a
/TUM~a@g
/TUM~b
/TUM~c
/TUM~d
/TUN3~a
/TUN3~b
/TUN3~c
/TUR
/TUR@g
/TUR3~a
/TUR3~a@n
/TUR3~b
/TUR3~bxTAK4~a
/TUR3~c
/TURxX
/U2~a
/U2~b
/U2~c
/U4.1(N08)
/U4.(1(N14).3(N08))
/U4.(1(N14).4(N08))
/U4.(1(N14).5(N08))
/U4.(1(N14).8(N08))
/U4.1(N14)
/U4.2(N08)
/U4.2(N14)
/U4.3(N08)
/U4.4(N08)
/U4.5(N08)
/U4.6(N08)
/U4.7(N08)
/U4.8(N08)
/U4
/U4.SZU2
/U4@t
/U4x10(N57)
/U4x1(N01).5(N08)
/U4x1(N01)
/U4x1(N01)F
/U4x(1(N14).2(N01))
/U4x(1(N14).4(N01))
/U4x(1(N14).8(N01))
/U4x1(N14)
/U4x1(N57)
/U4x1(N58)@t
/U4x2(N01).(2(N14).1(N08))
/U4x2(N01).2(N14)
/U4x2(N01)
/U4x2(N01).X
/U4x(2(N14).4(N01))
/U4x2(N14)
/U4x2(N57)
/U4x3(N01).3(N08)
/U4x3(N01)
/U4x(3(N14).2(N01))
/U4x(3(N14).7(N01))
/U4x3(N57)
/U4x4(N01).2(N14)
/U4x4(N01)
/U4x4(N57)
/U4x5(N01).1(N14)
/U4x5(N01)
/U4x5(N57)
/U4x6(N01)
/U4x6(N57)
/U4x7(N57)
/U4x8(N01)
/U4x8(N01).X
/U4x8(N57)
/U4xX
/U4x(X+2(N01))
/U4x(X(N01))
/U8
/(U8xTAR)~b
/UB
/UBI~a
/UBI~c
/UD5~a
/UD5~a@g
/UD5~b
/UD5~c
/UDU~a
/(UDU~axTAR)~a
/(UDU~axTAR)~b
/UDU~b
/UDU~c
/UDUNITA~a
/UDUNITA~b
/UDUNITA~c
/UET2.405
/UH
/UH3~a
/UH3~a@t
/UH3~b
/UKKIN~a
/UKKIN~b
/UKKIN~bx2(N01)
/UKKIN~bx3(N01)
/UKKIN~bx5(N01)
/UKKIN~bx(DIN.1(N01))
/UKKIN~bxDIN
/UKKIN~bxDUG~a
/UKKIN~bxHI@g~a
/UKKIN~bxNI~a
/UKKIN~bxX
/UKKIN~c
/UMBIN~a
/UMBIN~b1
/UMBIN~b2
/UMBIN~c
/UMUN2
/UNUG~a
/UNUG~a@s
/UNUG~axA@t
/UNUG~b
/UNUG~c
/UR~a
/UR~a@g
/UR~axKAR2
/UR~b
/UR~c
/UR2
/UR2x1(N57)
/UR2xTAR
/UR3~a1
/UR3~a2
/UR3~a3
/UR3~b1
/UR3~b1xMASZ
/UR3~b2
/UR4~a
/UR4~b
/UR4~c
/UR5~a
/UR5~b
/URI
/URI2
/URI3~a
/URI3~a+IB~a
/URI3~b
/URI5
/URU~a1
/URU~a1@n
/URU~a1x1(N57)
/URU~a1x2(N57)
/URU~a1xA
/URU~a1xAMAR
/URU~a1xGU4
/URU~a1xHI@g~a
/URU~a1xNIMGIR
/URU~a1xU4
/URU~a1xX
/URU~a2
/URU~a2x1(N58)
/URU~a3xKALAM~a
/URU~b1
/URU~b2
/URU~c
/URUDU@g~a
/URUDU@g~b
/URUDU@g~c
/URUDU@g~d
/URUDU~a
/URUDU~c
/URUDU~d
/USZ~a
/USZ~a&amp;USZ~a
/USZ~b
/USZ~b&amp;USZ~b
/USZ~bxTAR~c
/USZ~bxTAR~d
/USZUMGAL
/USZUR3~a
/USZUR3~b1
/USZUR3~b2
/UTUA~a
/UTUA~a@t
/UTUA~b
/UTUL~a
/UTUL~b
/UTUL~c
/UTUL~d
/UZU
/x(N57).GAR
/ZA~x
/ZABALAM~a
/ZABALAM~b
/ZADIM
/ZAG~a
/ZAG~b
/ZAG~c
/ZAR~a
/ZAR~b1
/ZAR~b2
/ZAR~c
/ZI~a
/ZI~b
/ZI~d
/(ZU&amp;ZU).SAR~a
/ZUBI~a
/ZUBI~b
/ZATU620
/ZATU621~a
/ZATU621~b
/ZATU621~c
/ZATU621~d
/ZATU622
/ZATU623
/ZATU624~a
/ZATU624~b
/ZATU624~c
/ZATU625
/ZATU626~a
/ZATU626~b
/ZATU626~c
/ZATU627
/ZATU628~a
/ZATU628~b
/ZATU629
/ZATU630
/ZATU631
/ZATU632~a
/ZATU632~b
/ZATU632~c
/ZATU633~a
/ZATU633~b
/ZATU634
/ZATU635
/ZATU636
/ZATU637
/ZATU639
/ZATU640
/ZATU641
/ZATU642
/ZATU643
/ZATU644~a
/ZATU644~ax1(N14)
/ZATU644~b
/ZATU646
/ZATU647
/ZATU648
/ZATU649
/ZATU650
/ZATU651
/ZATU651@g
/ZATU651xAN
/ZATU651xEN~a
/ZATU651xGAR
/ZATU651xMA
/ZATU651xNUN~a
/ZATU651xSZE~a
/ZATU651xX
/ZATU651xZAR~c
/ZATU659
/ZATU659x1(N01)
/ZATU659x1(N14)
/ZATU659x1(N58)@t
/ZATU662
/ZATU662x1(N14)
/ZATU664
/ZATU665
/ZATU666
/ZATU667
/ZATU668
/ZATU669
/ZATU670
/ZATU672
/ZATU674
/ZATU675~a
/ZATU675~b
/ZATU675~c
/ZATU675~d
/ZATU676~a
/ZATU676~b
/ZATU677~a
/ZATU677~b
/ZATU678
/ZATU679
/ZATU680~a1
/ZATU680~a2
/ZATU680~b
/ZATU680~d
/ZATU680~e
/ZATU681
/ZATU682
/ZATU683@t
/ZATU683~a
/ZATU683~b
/ZATU684
/ZATU685
/ZATU686~a
/ZATU686~b
/ZATU686~c
/ZATU687
/ZATU688~a
/ZATU688~b
/ZATU689
/ZATU690
/ZATU691
/ZATU692
/ZATU693
/ZATU693@t
/ZATU694~a
/ZATU694~b
/ZATU694~c
/ZATU694~d
/ZATU694~d@t
/ZATU695
/ZATU696
/ZATU697~a
/ZATU697~b
/ZATU697~c
/ZATU699~a
/ZATU699~b
/ZATU700
/ZATU701
/ZATU702
/ZATU703
/ZATU704
/ZATU705
/ZATU706
/ZATU707~a
/ZATU707~b
/ZATU708
/ZATU709
/ZATU710
/ZATU711
/ZATU711xHI@g~a
/ZATU711xX
/ZATU713
/ZATU714
/ZATU714.RU
/ZATU714xHI@g~a
/ZATU714xX
/ZATU717
/ZATU718
/ZATU719
/ZATU720
/ZATU721
/ZATU722
/ZATU723
/ZATU724
/ZATU725
/ZATU726~a
/ZATU726~c
/ZATU726~d
/ZATU727
/ZATU728
/ZATU729
/ZATU730
/ZATU732
/ZATU733
/ZATU734
/ZATU735~a
/ZATU735~b
/ZATU735~c
/ZATU736~a
/ZATU736~b
/ZATU737
/ZATU737xAB~a
/ZATU737xBU~a
/ZATU737xBUR~a
/ZATU737xDI
/ZATU737xE~a
/ZATU737xEN~a
/ZATU737xEN~b
/ZATU737xGAR
/ZATU737xNI~a@g
/ZATU737xNIMGIR
/ZATU737xSAL
/ZATU737xSU~a
/ZATU737xSZE~a
/ZATU737xSZITA@g~a
/ZATU737xSZITA~a1
/ZATU737xU4
/ZATU737xUNUG~a
/ZATU737xX
/ZATU749~a
/ZATU749~b
/ZATU749~c
/ZATU750
/ZATU751~a
/ZATU751~b
/ZATU752
/ZATU753
/ZATU754
/ZATU755~a
/ZATU755~b
/ZATU756
/ZATU757
/ZATU758
/ZATU759
/ZATU759@txX
/ZATU759xKU6~a
/ZATU759x(KU6~a+KU6~a)
/ZATU759xKU6~d
/ZATU759xX
/ZATU761
/ZATU762~a
/ZATU762~axNIM~a
/ZATU762~b
/ZATU762~bxAB~a
/ZATU764
/ZATU765
/ZATU766
/ZATU767
/ZATU768
/ZATU769
/ZATU771
/ZATU772
/ZATU773~a
/ZATU773~b
/ZATU774
/ZATU775
/ZATU776
/ZATU777
/ZATU778
/ZATU779
/ZATU780
/ZATU781
/ZATU782
/ZATU783
/ZATU784
/ZATU785
/ZATU786
/ZATU787
/ZATU788
/ZATU789
/ZATU791
/ZATU792
/ZATU795
/ZATU797
/ZATU798
/ZATU799
/ZATU800
/ZATU801
/ZATU802
/ZATU803
/ZATU804
/ZATU805
/ZATU806
/ZATU807
/ZATU808
/ZATU809
/ZATU810
/ZATU811
/ZATU812
/ZATU813
/ZATU814
/ZATU815
/ZATU817
/ZATU818
/ZATU819
/ZATU820
/ZATU821
/ZATU822
/ZATU823
/ZATU824
/ZATU825
/ZATU826
/ZATU829
/ZATU831
/ZATU831@g
/ZATU832
/ZATU833
/ZATU834
/ZATU835
/ZATU836
/ZATU837~a
/ZATU837~b
/ZATU838
/ZATU839
/ZATU840
/ZATU841
/ZATU842
/ZATU843
/ZATU844
/ZATU845
/ZATU846
/ZATU847
/ZATU848
/ZATU849
/ZATU850
/ZATU851
/ZATU852
/ZATU853
/ZATU854
/ZATU855
/1(N57).AB2
/1(N57).SZAH2~a
/1(N57).SZUBUR
/1(N58).BAD~a
/1(N58).BAD~b
/2(N57).AB2
/2(N57).KU6~a
/2(N57).SU~a
/2(N57).SZUBUR
/3(N57).AMAR
/3(N57).BARA3
/3(N57).E2~b
/3(N57).GAR
/3(N57).NUNUZ~a1
/3(N57).NUNUZ~c
/3(N57).PIRIG~b1
/3(N57).SZUBUR
/3(N58).UR3~b1
/4(N57).AMAR
/4(N57).GAR
/4(N57).KU3~a
/4(N57).NI~b
/5(N57).GAR
/5(N57).KU3~a
/6(N57).GAR
/6(N57).KU3~a
/8(N57).NI~b
/1(N01)
/2(N01)
/3(N01)
/4(N01)
/5(N01)
/6(N01)
/7(N01)
/8(N01)
/9(N01)
/10(N01)
/1(N01@f)
/2(N01@f)
/3(N01@f)
/4(N01@f)
/5(N01@f)
/6(N01@f)
/7(N01@f)
/8(N01@f)
/9(N01@f)
/1(N01@r)
/1(N02)
/2(N02)
/3(N02)
/4(N02)
/5(N02)
/6(N02)
/7(N02)
/8(N02)
/9(N02)
/1(N02).RU
/1(N03)
/2(N03)
/3(N03)
/4(N03)
/5(N03)
/1(N04)
/2(N04)
/3(N04)
/4(N04)
/5(N04)
/1(N04@f)
/2(N04@f)
/3(N04@f)
/4(N04@f)
/5(N04@f)
/1(N05)
/2(N05)
/3(N05)
/4(N05)
/5(N05)
/1(N06)
/1(N07~a)
/2(N07~a)
/3(N07~a)
/1(N07~b)
/2(N07~b)
/3(N07~b)
/1(N08)
/2(N08)
/3(N08)
/4(N08)
/5(N08)
/6(N08)
/7(N08)
/8(N08)
/9(N08)
/1(N08@f)
/1(N08@f)x1(N57)
/1(N08~b)
/2(N08~b)
/3(N08~b)
/4(N08~b)
/4(N08~c)
/1(N09)
/1(N11)
/1(N12)
/1(N14)
/2(N14)
/3(N14)
/4(N14)
/5(N14)
/6(N14)
/7(N14)
/8(N14)
/9(N14)
/10(N14)
/12(N14)
/1(N14@f)
/2(N14@f)
/3(N14@f)
/4(N14@f)
/5(N14@f)
/6(N14@f)
/7(N14@f)
/8(N14@f)
/9(N14@f)
/10(N14@f)
/2(LAGAB~a)
/4(LAGAB~a)
/6(LAGAB~a)
/1(N15)
/2(N15)
/3(N15)
/4(N15)
/5(N15)
/1(N16)
/1(N17)
/1(N18)
/2(N18)
/3(N18)
/4(N18)
/5(N18)
/6(N18)
/7(N18)
/8(N18)
/9(N18)
/1(N19)
/2(N19)
/3(N19)
/4(N19)
/5(N19)
/6(N19)
/7(N19)
/8(N19)
/9(N19)
/1(N19@f)
/2(N19@f)
/3(N19@f)
/4(N19@f)
/5(N19@f)
/6(N19@f)
/7(N19@f)
/8(N19@f)
/9(N19@f)
/1(N20)
/2(N20)
/3(N20)
/4(N20)
/5(N20)
/6(N20)
/7(N20)
/8(N20)
/9(N20)
/2(N21)
/3(N21)
/4(N21)
/5(N21)
/6(N21)
/1(N22)
/2(N22)
/1(N22@f)
/2(N22@f)
/1(N23)
/2(N23)
/3(N23)
/5(N23)
/7(N23)
/1(N24)
/2(N24)
/4(N24)
/6(N24)
/1(N24@f)
/1(N24~a)
/1(N24~b)
/1(N25)
/1(N26)
/1(N26~b)
/1(N27)
/1(N28)
/1(N28~b)
/1(N28~c)
/1(N29~a)
/2(N29~a)
/1(N29~b)
/1(N29A~b)
/2(N29A~b)
/1(N29A~c)
/1(N30~a)
/1(N30~c)
/1(N30~d)
/1(N30~e)
/1(N30A~c)
/1(N30C~b)
/1(N30C~c)
/1(N31)
/1(N32)
/1(N33)
/1(N34)
/2(N34)
/3(N34)
/4(N34)
/5(N34)
/6(N34)
/7(N34)
/8(N34)
/9(N34)
/1(N34)x1(N58)
/1(N34@f)
/2(N34@f)
/3(N34@f)
/4(N34@f)
/5(N34@f)
/6(N34@f)
/7(N34@f)
/8(N34@f)
/9(N34@f)
/1(N34F@t)
/1(N35)
/2(N35)
/5(N35)
/1(N36)
/2(N36)
/3(N36)
/4(N36)
/5(N36)
/6(N36)
/7(N36)
/8(N36)
/9(N36)
/1(N36@f)
/1(N37)
/2(N37)
/1(N38)
/1(N39~a)
/2(N39~a)
/3(N39~a)
/4(N39~a)
/1(N39~b)
/2(N39~b)
/3(N39~b)
/4(N39~b)
/1(N40)
/2(N40)
/3(N40)
/4(N40)
/1(N41)
/2(N41)
/3(N41)
/4(N41)
/1(N42~a)
/2(N42~a)
/3(N42~a)
/4(N42~a)
/1(N42~b)
/2(N42~b)
/3(N42~b)
/4(N42~b)
/1(N43)
/4(N43)
/1(N44)
/1(N45)
/2(N45)
/3(N45)
/4(N45)
/5(N45)
/6(N45)
/7(N45)
/9(N45)
/1(N45@f)
/2(N45@f)
/3(N45@f)
/4(N45@f)
/5(N45@f)
/6(N45@f)
/7(N45@f)
/8(N45@f)
/9(N45@f)
/1(N45~a)
/1(N46)
/2(N46)
/3(N46)
/1(N46@f)
/2(N46@f)
/1(N47)
/2(N47)
/3(N47)
/1(N48)
/2(N48)
/3(N48)
/4(N48)
/5(N48)
/6(N48)
/7(N48)
/1(N48@f)
/1(N49)
/2(N49)
/3(N49)
/4(N49)
/5(N49)
/1(N50)
/2(N50)
/3(N50)
/4(N50)
/5(N50)
/1(N51)
/2(N51)
/3(N51)
/4(N51)
/5(N51)
/6(N51)
/7(N51)
/8(N51)
/1(N51@f)
/2(N51@f)
/3(N51@f)
/4(N51@f)
/5(N51@f)
/6(N51@f)
/7(N51@f)
/8(N51@f)
/9(N51@f)
/1(N52)
/2(N52)
/3(N52)
/4(N52)
/5(N52)
/3(N53)
/1(N54)
/2(N54)
/3(N54)
/4(N54)
/5(N54)
/1(N55)
/1(N56)
/2(N56)
/1(N57).1(N57)
/1(N57)
/2(N57)
/3(N57)
/4(N57)
/5(N57)
/6(N57)
/7(N57)
/8(N57)
/9(N57)
/10(N57)
/1(N58)
/2(N58)
/3(N58)
/4(N58)
/5(N58)
/8(N58)
/9(N58)
/10(N58)
/12(N58)
/1(N58@t)
/2(N59)
/3(N59)
/4(N59)
/1(N60)
/3(N61)
/4(N62)
/1(N63)
